python src/sim.py 0 1 0
(0, 1)
[<elasticNode.elasticNode instance at 0x105ba8908>]
<elasticNode.elasticNode instance at 0x105ba8908>
local processing
always FPGA processing
0.0195829258845
0.0195829258845
ONLY FPGA processing
1.43240202641e-05
Created generic subtask <subtask.processing instance at 0x105ba8bd8>
new task
*
*
*
*
default empty begin
visualise: True
DRAW
*
*
*
*
visualise: True
DRAW
*
*
*
*
visualise: True
DRAW
*
*
*
*
visualise: True
DRAW
*
*
*
*
visualise: True
DRAW
*
*
*
*
visualise: True
DRAW
*
*
*
*
visualise: True
DRAW
*
*
*
*
visualise: True
DRAW
*
*
*
*
visualise: True
DRAW
*
*
*
*
visualise: True
DRAW
*
*
*
*
visualise: True
DRAW
*
*
*
*
visualise: True
DRAW
*
*
*
*
visualise: True
DRAW
*
*
*
*
visualise: True
DRAW
*
*
*
*
visualise: True
DRAW
*
*
*
*
visualise: True
DRAW
*
*
*
*
visualise: True
DRAW
*
*
*
*
visualise: True
DRAW
*
*
*
*
visualise: True
DRAW
*
*
*
*
visualise: True
DRAW
*
*
*
*
default no follow ups...
visualise: True
DRAW
*
*
*
*
visualise: True
DRAW
*
*
*
*
visualise: True
DRAW
*
*
*
*
visualise: True
DRAW
*
*
*
*
visualise: True
DRAW
*
*
*
*
visualise: True
DRAW
*
*
*
*
visualise: True
DRAW
*
*
*
*
visualise: True
DRAW
*
*
*
*
visualise: True
DRAW
*
*
*
*
visualise: True
DRAW
*
*
*
*
visualise: True
DRAW
*
*
*
*
visualise: True
DRAW
*
*
*
*
visualise: True
DRAW
*
*
*
*
visualise: True
DRAW
*
*
*
*
visualise: True
DRAW
*
*
*
*
visualise: True
DRAW
*
*
*
*
visualise: True
DRAW
*
*
*
*
visualise: True
DRAW
*
*
*
*
visualise: True
DRAW
*
*
*
*
visualise: True
DRAW
*
*
*
*
visualise: True
DRAW
*
*
*
*
visualise: True
DRAW
*
*
*
*
visualise: True
DRAW
*
*
*
*
visualise: True
DRAW
*
*
*
*
visualise: True
DRAW
*
*
*
*
visualise: True
DRAW
*
*
*
*
visualise: True
DRAW
*
*
*
*
visualise: True
DRAW
*
*
*
*
visualise: True
DRAW
*
*
*
*
visualise: True
DRAW
*
*
*
*
visualise: True
DRAW
*
*
*
*
visualise: True
DRAW
*
*
*
*
visualise: True
DRAW
*
*
*
*
visualise: True
DRAW
*
*
*
*
visualise: True
DRAW
*
*
*
*
visualise: True
DRAW
*
*
*
*
visualise: True
DRAW
*
*
*
*
visualise: True
DRAW
*
*
*
*
visualise: True
DRAW
*
*
*
*
visualise: True
DRAW
*
*
*
*
visualise: True
DRAW
*
*
*
*
visualise: True
DRAW
*
*
*
*
visualise: True
DRAW
*
*
*
*
visualise: True
DRAW
*
*
*
*
visualise: True
DRAW
*
*
*
*
visualise: True
DRAW
*
*
*
*
visualise: True
DRAW
*
*
*
*
visualise: True
DRAW
*
*
*
*
visualise: True
DRAW
*
*
*
*
visualise: True
DRAW
*
*
*
*
visualise: True
DRAW
*
*
*
*
visualise: True
DRAW
*
*
*
*
visualise: True
DRAW
*
*
*
*
visualise: True
DRAW
*
*
*
*
visualise: True
DRAW
*
*
*
*
visualise: True
DRAW
*
*
*
*
visualise: True
DRAW
*
*
*
*
visualise: True
DRAW
*
*
*
*
visualise: True
DRAW
*
*
*
*
visualise: True
DRAW
*
*
*
*
visualise: True
DRAW
*
*
*
*
visualise: True
DRAW
*
*
*
*
visualise: True
DRAW
*
*
*
*
visualise: True
DRAW
*
*
*
*
visualise: True
DRAW
*
*
*
*
visualise: True
DRAW
*
*
*
*
visualise: True
DRAW
*
*
*
*
visualise: True
DRAW
*
*
*
*
visualise: True
DRAW
*
*
*
*
visualise: True
DRAW
*
*
*
*
visualise: True
DRAW
*
*
*
*
visualise: True
DRAW
*
*
*
*
visualise: True
DRAW
*
*
*
*
visualise: True
DRAW
*
*
*
*
visualise: True
DRAW
*
*
*
*
visualise: True
DRAW
*
*
*
*
visualise: True
DRAW
*
*
*
*
visualise: True
DRAW
*
*
*
*
visualise: True
DRAW
*
*
*
*
visualise: True
DRAW
*
*
*
*
visualise: True
DRAW
*
*
*
*
visualise: True
DRAW
*
*
*
*
visualise: True
DRAW
*
*
*
*
visualise: True
DRAW
*
*
*
*
visualise: True
DRAW
*
*
*
*
visualise: True
DRAW
*
*
*
*
visualise: True
DRAW
*
*
*
*
visualise: True
DRAW
*
*
*
*
visualise: True
DRAW
*
*
*
*
visualise: True
DRAW
*
*
*
*
visualise: True
DRAW
*
*
*
*
visualise: True
DRAW
*
*
*
*
visualise: True
DRAW
*
*
*
*
visualise: True
DRAW
*
*
*
*
visualise: True
DRAW
*
*
*
*
visualise: True
DRAW
*
*
*
*
visualise: True
DRAW
*
*
*
*
visualise: True
DRAW
*
*
*
*
visualise: True
DRAW
*
*
*
*
visualise: True
DRAW
*
*
*
*
visualise: True
DRAW
*
*
*
*
visualise: True
DRAW
*
*
*
*
visualise: True
DRAW
*
*
*
*
visualise: True
DRAW
*
*
*
*
visualise: True
DRAW
*
*
*
*
visualise: True
DRAW
*
*
*
*
visualise: True
DRAW
*
*
*
*
visualise: True
DRAW
*
*
*
*
visualise: True
DRAW
*
*
*
*
visualise: True
DRAW
*
*
*
*
visualise: True
DRAW
*
*
*
*
visualise: True
DRAW
*
*
*
*
visualise: True
DRAW
*
*
*
*
visualise: True
DRAW
*
*
*
*
visualise: True
DRAW
*
*
*
*
visualise: True
DRAW
*
*
*
*
visualise: True
DRAW
*
*
*
*
visualise: True
DRAW
*
*
*
*
visualise: True
DRAW
*
*
*
*
visualise: True
DRAW
*
*
*
*
visualise: True
DRAW
*
*
*
*
visualise: True
DRAW
*
*
*
*
visualise: True
DRAW
*
*
*
*
visualise: True
DRAW
*
*
*
*
visualise: True
DRAW
*
*
*
*
visualise: True
DRAW
*
*
*
*
visualise: True
DRAW
*
*
*
*
visualise: True
DRAW
*
*
*
*
visualise: True
DRAW
*
*
*
*
visualise: True
DRAW
*
*
*
*
visualise: True
DRAW
*
*
*
*
visualise: True
DRAW
*
*
*
*
visualise: True
DRAW
*
*
*
*
visualise: True
DRAW
*
*
*
*
visualise: True
DRAW
*
*
*
*
visualise: True
DRAW
*
*
*
*
visualise: True
DRAW
*
*
*
*
visualise: True
DRAW
*
*
*
*
visualise: True
DRAW
*
*
*
*
visualise: True
DRAW
*
*
*
*
visualise: True
DRAW
*
*
*
*
visualise: True
DRAW
*
*
*
*
visualise: True
DRAW
*
*
*
*
visualise: True
DRAW
*
*
*
*
visualise: True
DRAW
*
*
*
*
visualise: True
DRAW
*
*
*
*
visualise: True
DRAW
*
*
*
*
visualise: True
DRAW
*
*
*
*
visualise: True
DRAW
*
*
*
*
visualise: True
DRAW
*
*
*
*
visualise: True
DRAW
*
*
*
*
visualise: True
DRAW
*
*
*
*
visualise: True
DRAW
*
*
*
*
visualise: True
DRAW
*
*
*
*
visualise: True
DRAW
*
*
*
*
visualise: True
DRAW
*
*
*
*
visualise: True
DRAW
*
*
*
*
visualise: True
DRAW
*
*
*
*
visualise: True
DRAW
*
*
*
*
visualise: True
DRAW
*
*
*
*
visualise: True
DRAW
*
*
*
*
visualise: True
DRAW
*
*
*
*
visualise: True
DRAW
*
*
*
*
visualise: True
DRAW
*
*
*
*
visualise: True
DRAW
*
*
*
*
visualise: True
DRAW
*
*
*
*
visualise: True
DRAW
*
*
*
*
visualise: True
DRAW
*
*
*
*
visualise: True
DRAW
*
*
*
*
visualise: True
DRAW
*
*
*
*
visualise: True
DRAW
*
*
*
*
visualise: True
DRAW
*
*
*
*
visualise: True
DRAW
*
*
*
*
visualise: True
DRAW
*
*
*
*
visualise: True
DRAW
*
*
*
*
visualise: True
DRAW
*
*
*
*
visualise: True
DRAW
*
*
*
*
visualise: True
DRAW
*
*
*
*
visualise: True
DRAW
*
*
*
*
visualise: True
DRAW
*
*
*
*
visualise: True
DRAW
*
*
*
*
visualise: True
DRAW
*
*
*
*
visualise: True
DRAW
*
*
*
*
visualise: True
DRAW
*
*
*
*
visualise: True
DRAW
*
*
*
*
visualise: True
DRAW
*
*
*
*
visualise: True
DRAW
*
*
*
*
visualise: True
DRAW
*
*
*
*
visualise: True
DRAW
*
*
*
*
visualise: True
DRAW
*
*
*
*
visualise: True
DRAW
*
*
*
*
visualise: True
DRAW
*
*
*
*
visualise: True
DRAW
*
*
*
*
visualise: True
DRAW
*
*
*
*
visualise: True
DRAW
*
*
*
*
visualise: True
DRAW
*
*
*
*
visualise: True
DRAW
*
*
*
*
visualise: True
DRAW
*
*
*
*
visualise: True
DRAW
*
*
*
*
visualise: True
DRAW
*
*
*
*
visualise: True
DRAW
*
*
*
*
visualise: True
DRAW
*
*
*
*
visualise: True
DRAW
*
*
*
*
visualise: True
DRAW
*
*
*
*
visualise: True
DRAW
*
*
*
*
visualise: True
DRAW
*
*
*
*
visualise: True
DRAW
*
*
*
*
visualise: True
DRAW
*
*
*
*
visualise: True
DRAW
*
*
*
*
visualise: True
DRAW
*
*
*
*
visualise: True
DRAW
*
*
*
*
visualise: True
DRAW
*
*
*
*
visualise: True
DRAW
*
*
*
*
visualise: True
DRAW
*
*
*
*
visualise: True
DRAW
*
*
*
*
visualise: True
DRAW
*
*
*
*
visualise: True
DRAW
*
*
*
*
visualise: True
DRAW
*
*
*
*
visualise: True
DRAW
*
*
*
*
visualise: True
DRAW
*
*
*
*
visualise: True
DRAW
*
*
*
*
visualise: True
DRAW
*
*
*
*
visualise: True
DRAW
*
*
*
*
visualise: True
DRAW
*
*
*
*
visualise: True
DRAW
*
*
*
*
visualise: True
DRAW
*
*
*
*
visualise: True
DRAW
*
*
*
*
visualise: True
DRAW
*
*
*
*
visualise: True
DRAW
*
*
*
*
visualise: True
DRAW
*
*
*
*
visualise: True
DRAW
*
*
*
*
visualise: True
DRAW
*
*
*
*
visualise: True
DRAW
*
*
*
*
visualise: True
DRAW
*
*
*
*
visualise: True
DRAW
*
*
*
*
visualise: True
DRAW
*
*
*
*
visualise: True
DRAW
*
*
*
*
visualise: True
DRAW
*
*
*
*
visualise: True
DRAW
*
*
*
*
visualise: True
DRAW
*
*
*
*
visualise: True
DRAW
*
*
*
*
visualise: True
DRAW
*
*
*
*
visualise: True
DRAW
*
*
*
*
visualise: True
DRAW
*
*
*
*
visualise: True
DRAW
*
*
*
*
visualise: True
DRAW
*
*
*
*
visualise: True
DRAW
*
*
*
*
visualise: True
DRAW
*
*
*
*
visualise: True
DRAW
*
*
*
*
visualise: True
DRAW
*
*
*
*
visualise: True
DRAW
*
*
*
*
visualise: True
DRAW
*
*
*
*
visualise: True
DRAW
*
*
*
*
visualise: True
DRAW
*
*
*
*
visualise: True
DRAW
*
*
*
*
visualise: True
DRAW
*
*
*
*
visualise: True
DRAW
*
*
*
*
visualise: True
DRAW
*
*
*
*
visualise: True
DRAW
*
*
*
*
visualise: True
DRAW
*
*
*
*
visualise: True
DRAW
*
*
*
*
visualise: True
DRAW
*
*
*
*
visualise: True
DRAW
*
*
*
*
visualise: True
DRAW
*
*
*
*
visualise: True
DRAW
*
*
*
*
visualise: True
DRAW
*
*
*
*
visualise: True
DRAW
*
*
*
*
visualise: True
DRAW
*
*
*
*
visualise: True
DRAW
*
*
*
*
visualise: True
DRAW
*
*
*
*
visualise: True
DRAW
*
*
*
*
visualise: True
DRAW
*
*
*
*
visualise: True
DRAW
*
*
*
*
visualise: True
DRAW
*
*
*
*
visualise: True
DRAW
*
*
*
*
visualise: True
DRAW
*
*
*
*
visualise: True
DRAW
*
*
*
*
visualise: True
DRAW
*
*
*
*
visualise: True
DRAW
*
*
*
*
visualise: True
DRAW
*
*
*
*
visualise: True
DRAW
*
*
*
*
visualise: True
DRAW
*
*
*
*
visualise: True
DRAW
*
*
*
*
visualise: True
DRAW
*
*
*
*
visualise: True
DRAW
*
*
*
*
visualise: True
DRAW
*
*
*
*
visualise: True
DRAW
*
*
*
*
visualise: True
DRAW
*
*
*
*
visualise: True
DRAW
*
*
*
*
visualise: True
DRAW
*
*
*
*
visualise: True
DRAW
*
*
*
*
visualise: True
DRAW
*
*
*
*
visualise: True
DRAW
*
*
*
*
visualise: True
DRAW
*
*
*
*
visualise: True
DRAW
*
*
*
*
visualise: True
DRAW
*
*
*
*
visualise: True
DRAW
*
*
*
*
visualise: True
DRAW
*
*
*
*
visualise: True
DRAW
*
*
*
*
visualise: True
DRAW
*
*
*
*
visualise: True
DRAW
*
*
*
*
visualise: True
DRAW
*
*
*
*
visualise: True
DRAW
*
*
*
*
visualise: True
DRAW
*
*
*
*
visualise: True
DRAW
*
*
*
*
visualise: True
DRAW
*
*
*
*
visualise: True
DRAW
*
*
*
*
visualise: True
DRAW
*
*
*
*
visualise: True
DRAW
*
*
*
*
visualise: True
DRAW
*
*
*
*
visualise: True
DRAW
*
*
*
*
visualise: True
DRAW
*
*
*
*
visualise: True
DRAW
*
*
*
*
visualise: True
DRAW
*
*
*
*
visualise: True
DRAW
*
*
*
*
visualise: True
DRAW
*
*
*
*
visualise: True
DRAW
*
*
*
*
visualise: True
DRAW
*
*
*
*
visualise: True
DRAW
*
*
*
*
visualise: True
DRAW
*
*
*
*
visualise: True
DRAW
*
*
*
*
visualise: True
DRAW
*
*
*
*
visualise: True
DRAW
*
*
*
*
visualise: True
DRAW
*
*
*
*
visualise: True
DRAW
*
*
*
*
visualise: True
DRAW
*
*
*
*
visualise: True
DRAW
*
*
*
*
visualise: True
DRAW
*
*
*
*
visualise: True
DRAW
*
*
*
*
visualise: True
DRAW
*
*
*
*
visualise: True
DRAW
*
*
*
*
visualise: True
DRAW
*
*
*
*
visualise: True
DRAW
*
*
*
*
visualise: True
DRAW
*
*
*
*
visualise: True
DRAW
*
*
*
*
visualise: True
DRAW
*
*
*
*
visualise: True
DRAW
*
*
*
*
visualise: True
DRAW
*
*
*
*
visualise: True
DRAW
*
*
*
*
visualise: True
DRAW
*
*
*
*
visualise: True
DRAW
*
*
*
*
visualise: True
DRAW
*
*
*
*
visualise: True
DRAW
*
*
*
*
visualise: True
DRAW
*
*
*
*
visualise: True
DRAW
*
*
*
*
visualise: True
DRAW
*
*
*
*
visualise: True
DRAW
*
*
*
*
visualise: True
DRAW
*
*
*
*
visualise: True
DRAW
*
*
*
*
visualise: True
DRAW
*
*
*
*
visualise: True
DRAW
*
*
*
*
visualise: True
DRAW
*
*
*
*
visualise: True
DRAW
*
*
*
*
visualise: True
DRAW
*
*
*
*
visualise: True
DRAW
*
*
*
*
visualise: True
DRAW
*
*
*
*
visualise: True
DRAW
*
*
*
*
visualise: True
DRAW
*
*
*
*
visualise: True
DRAW
*
*
*
*
visualise: True
DRAW
*
*
*
*
visualise: True
DRAW
*
*
*
*
visualise: True
DRAW
*
*
*
*
visualise: True
DRAW
*
*
*
*
visualise: True
DRAW
*
*
*
*
visualise: True
DRAW
*
*
*
*
visualise: True
DRAW
*
*
*
*
visualise: True
DRAW
*
*
*
*
visualise: True
DRAW
*
*
*
*
visualise: True
DRAW
*
*
*
*
visualise: True
DRAW
*
*
*
*
visualise: True
DRAW
*
*
*
*
visualise: True
DRAW
*
*
*
*
visualise: True
DRAW
*
*
*
*
visualise: True
DRAW
*
*
*
*
visualise: True
DRAW
*
*
*
*
visualise: True
DRAW
*
*
*
*
visualise: True
DRAW
*
*
*
*
visualise: True
DRAW
*
*
*
*
visualise: True
DRAW
*
*
*
*
visualise: True
DRAW
*
*
*
*
visualise: True
DRAW
*
*
*
*
visualise: True
DRAW
*
*
*
*
visualise: True
DRAW
*
*
*
*
visualise: True
DRAW
*
*
*
*
visualise: True
DRAW
*
*
*
*
visualise: True
DRAW
*
*
*
*
visualise: True
DRAW
*
*
*
*
visualise: True
DRAW
*
*
*
*
visualise: True
DRAW
*
*
*
*
visualise: True
DRAW
*
*
*
*
visualise: True
DRAW
*
*
*
*
visualise: True
DRAW
*
*
*
*
visualise: True
DRAW
*
*
*
*
visualise: True
DRAW
*
*
*
*
visualise: True
DRAW
*
*
*
*
visualise: True
DRAW
*
*
*
*
visualise: True
DRAW
*
*
*
*
visualise: True
DRAW
*
*
*
*
visualise: True
DRAW
*
*
*
*
visualise: True
DRAW
*
*
*
*
visualise: True
DRAW
*
*
*
*
visualise: True
DRAW
*
*
*
*
visualise: True
DRAW
*
*
*
*
visualise: True
DRAW
*
*
*
*
visualise: True
DRAW
*
*
*
*
visualise: True
DRAW
*
*
*
*
visualise: True
DRAW
*
*
*
*
visualise: True
DRAW
*
*
*
*
visualise: True
DRAW
*
*
*
*
visualise: True
DRAW
*
*
*
*
visualise: True
DRAW
*
*
*
*
visualise: True
DRAW
*
*
*
*
visualise: True
DRAW
*
*
*
*
visualise: True
DRAW
*
*
*
*
visualise: True
DRAW
*
*
*
*
visualise: True
DRAW
*
*
*
*
visualise: True
DRAW
*
*
*
*
visualise: True
DRAW
*
*
*
*
visualise: True
DRAW
*
*
*
*
visualise: True
DRAW
*
*
*
*
visualise: True
DRAW
*
*
*
*
visualise: True
DRAW
*
*
*
*
visualise: True
DRAW
*
*
*
*
visualise: True
DRAW
*
*
*
*
visualise: True
DRAW
*
*
*
*
visualise: True
DRAW
*
*
*
*
visualise: True
DRAW
*
*
*
*
visualise: True
DRAW
*
*
*
*
visualise: True
DRAW
*
*
*
*
visualise: True
DRAW
*
*
*
*
visualise: True
DRAW
*
*
*
*
visualise: True
DRAW
*
*
*
*
visualise: True
DRAW
*
*
*
*
visualise: True
DRAW
*
*
*
*
visualise: True
DRAW
*
*
*
*
visualise: True
DRAW
*
*
*
*
visualise: True
DRAW
*
*
*
*
visualise: True
DRAW
*
*
*
*
visualise: True
DRAW
*
*
*
*
visualise: True
DRAW
*
*
*
*
visualise: True
DRAW
*
*
*
*
visualise: True
DRAW
*
*
*
*
visualise: True
DRAW
*
*
*
*
visualise: True
DRAW
*
*
*
*
visualise: True
DRAW
*
*
*
*
visualise: True
DRAW
*
*
*
*
visualise: True
DRAW
*
*
*
*
visualise: True
DRAW
*
*
*
*
visualise: True
DRAW
*
*
*
*
visualise: True
DRAW
*
*
*
*
visualise: True
DRAW
*
*
*
*
visualise: True
DRAW
*
*
*
*
visualise: True
DRAW
*
*
*
*
visualise: True
DRAW
*
*
*
*
visualise: True
DRAW
*
*
*
*
visualise: True
DRAW
*
*
*
*
visualise: True
DRAW
*
*
*
*
visualise: True
DRAW
*
*
*
*
visualise: True
DRAW
*
*
*
*
visualise: True
DRAW
*
*
*
*
visualise: True
DRAW
*
*
*
*
visualise: True
DRAW
*
*
*
*
visualise: True
DRAW
*
*
*
*
visualise: True
DRAW
*
*
*
*
visualise: True
DRAW
*
*
*
*
visualise: True
DRAW
*
*
*
*
visualise: True
DRAW
*
*
*
*
visualise: True
DRAW
*
*
*
*
visualise: True
DRAW
*
*
*
*
visualise: True
DRAW
*
*
*
*
visualise: True
DRAW
*
*
*
*
visualise: True
DRAW
*
*
*
*
visualise: True
DRAW
*
*
*
*
visualise: True
DRAW
*
*
*
*
visualise: True
DRAW
*
*
*
*
visualise: True
DRAW
*
*
*
*
visualise: True
DRAW
*
*
*
*
visualise: True
DRAW
*
*
*
*
visualise: True
DRAW
*
*
*
*
visualise: True
DRAW
*
*
*
*
visualise: True
DRAW
*
*
*
*
visualise: True
DRAW
*
*
*
*
visualise: True
DRAW
*
*
*
*
visualise: True
DRAW
*
*
*
*
visualise: True
DRAW
*
*
*
*
visualise: True
DRAW
*
*
*
*
visualise: True
DRAW
*
*
*
*
visualise: True
DRAW
*
*
*
*
visualise: True
DRAW
*
*
*
*
visualise: True
DRAW
*
*
*
*
visualise: True
DRAW
*
*
*
*
visualise: True
DRAW
*
*
*
*
visualise: True
DRAW
*
*
*
*
visualise: True
DRAW
*
*
*
*
visualise: True
DRAW
*
*
*
*
visualise: True
DRAW
*
*
*
*
visualise: True
DRAW
*
*
*
*
visualise: True
DRAW
*
*
*
*
visualise: True
DRAW
*
*
*
*
visualise: True
DRAW
*
*
*
*
visualise: True
DRAW
*
*
*
*
visualise: True
DRAW
*
*
*
*
visualise: True
DRAW
*
*
*
*
visualise: True
DRAW
*
*
*
*
visualise: True
DRAW
*
*
*
*
visualise: True
DRAW
*
*
*
*
visualise: True
DRAW
*
*
*
*
visualise: True
DRAW
*
*
*
*
visualise: True
DRAW
*
*
*
*
visualise: True
DRAW
*
*
*
*
visualise: True
DRAW
*
*
*
*
visualise: True
DRAW
*
*
*
*
visualise: True
DRAW
*
*
*
*
visualise: True
DRAW
*
*
*
*
visualise: True
DRAW
*
*
*
*
visualise: True
DRAW
*
*
*
*
visualise: True
DRAW
*
*
*
*
visualise: True
DRAW
*
*
*
*
visualise: True
DRAW
*
*
*
*
visualise: True
DRAW
*
*
*
*
visualise: True
DRAW
*
*
*
*
visualise: True
DRAW
*
*
*
*
visualise: True
DRAW
*
*
*
*
visualise: True
DRAW
*
*
*
*
visualise: True
DRAW
*
*
*
*
visualise: True
DRAW
*
*
*
*
visualise: True
DRAW
*
*
*
*
visualise: True
DRAW
*
*
*
*
visualise: True
DRAW
*
*
*
*
visualise: True
DRAW
*
*
*
*
visualise: True
DRAW
*
*
*
*
visualise: True
DRAW
*
*
*
*
visualise: True
DRAW
*
*
*
*
visualise: True
DRAW
*
*
*
*
visualise: True
DRAW
*
*
*
*
visualise: True
DRAW
*
*
*
*
visualise: True
DRAW
*
*
*
*
visualise: True
DRAW
*
*
*
*
visualise: True
DRAW
*
*
*
*
visualise: True
DRAW
*
*
*
*
visualise: True
DRAW
*
*
*
*
visualise: True
DRAW
*
*
*
*
visualise: True
DRAW
*
*
*
*
visualise: True
DRAW
*
*
*
*
visualise: True
DRAW
*
*
*
*
visualise: True
DRAW
*
*
*
*
visualise: True
DRAW
*
*
*
*
visualise: True
DRAW
*
*
*
*
visualise: True
DRAW
*
*
*
*
visualise: True
DRAW
*
*
*
*
visualise: True
DRAW
*
*
*
*
visualise: True
DRAW
*
*
*
*
visualise: True
DRAW
*
*
*
*
visualise: True
DRAW
*
*
*
*
visualise: True
DRAW
*
*
*
*
visualise: True
DRAW
*
*
*
*
visualise: True
DRAW
*
*
*
*
visualise: True
DRAW
*
*
*
*
visualise: True
DRAW
*
*
*
*
visualise: True
DRAW
*
*
*
*
visualise: True
DRAW
*
*
*
*
visualise: True
DRAW
*
*
*
*
visualise: True
DRAW
*
*
*
*
visualise: True
DRAW
*
*
*
*
visualise: True
DRAW
*
*
*
*
visualise: True
DRAW
*
*
*
*
visualise: True
DRAW
*
*
*
*
visualise: True
DRAW
*
*
*
*
visualise: True
DRAW
*
*
*
*
visualise: True
DRAW
*
*
*
*
visualise: True
DRAW
*
*
*
*
visualise: True
DRAW
*
*
*
*
visualise: True
DRAW
*
*
*
*
visualise: True
DRAW
*
*
*
*
visualise: True
DRAW
*
*
*
*
visualise: True
DRAW
*
*
*
*
visualise: True
DRAW
*
*
*
*
visualise: True
DRAW
*
*
*
*
visualise: True
DRAW
*
*
*
*
visualise: True
DRAW
*
*
*
*
visualise: True
DRAW
*
*
*
*
visualise: True
DRAW
*
*
*
*
visualise: True
DRAW
*
*
*
*
visualise: True
DRAW
*
*
*
*
visualise: True
DRAW
*
*
*
*
visualise: True
DRAW
*
*
*
*
visualise: True
DRAW
*
*
*
*
visualise: True
DRAW
*
*
*
*
visualise: True
DRAW
*
*
*
*
visualise: True
DRAW
*
*
*
*
visualise: True
DRAW
*
*
*
*
visualise: True
DRAW
*
*
*
*
visualise: True
DRAW
*
*
*
*
visualise: True
DRAW
*
*
*
*
visualise: True
DRAW
*
*
*
*
visualise: True
DRAW
*
*
*
*
visualise: True
DRAW
*
*
*
*
visualise: True
DRAW
*
*
*
*
visualise: True
DRAW
*
*
*
*
visualise: True
DRAW
*
*
*
*
visualise: True
DRAW
*
*
*
*
visualise: True
DRAW
*
*
*
*
visualise: True
DRAW
*
*
*
*
visualise: True
DRAW
*
*
*
*
visualise: True
DRAW
*
*
*
*
visualise: True
DRAW
*
*
*
*
visualise: True
DRAW
*
*
*
*
visualise: True
DRAW
*
*
*
*
visualise: True
DRAW
*
*
*
*
visualise: True
DRAW
*
*
*
*
visualise: True
DRAW
*
*
*
*
visualise: True
DRAW
*
*
*
*
visualise: True
DRAW
*
*
*
*
visualise: True
DRAW
*
*
*
*
visualise: True
DRAW
*
*
*
*
visualise: True
DRAW
*
*
*
*
visualise: True
DRAW
*
*
*
*
visualise: True
DRAW
*
*
*
*
visualise: True
DRAW
*
*
*
*
visualise: True
DRAW
*
*
*
*
visualise: True
DRAW
*
*
*
*
visualise: True
DRAW
*
*
*
*
visualise: True
DRAW
*
*
*
*
visualise: True
DRAW
*
*
*
*
visualise: True
DRAW
*
*
*
*
visualise: True
DRAW
*
*
*
*
visualise: True
DRAW
*
*
*
*
visualise: True
DRAW
*
*
*
*
visualise: True
DRAW
*
*
*
*
visualise: True
DRAW
*
*
*
*
visualise: True
DRAW
*
*
*
*
visualise: True
DRAW
*
*
*
*
visualise: True
DRAW
*
*
*
*
visualise: True
DRAW
*
*
*
*
visualise: True
DRAW
*
*
*
*
visualise: True
DRAW
*
*
*
*
visualise: True
DRAW
*
*
*
*
visualise: True
DRAW
*
*
*
*
visualise: True
DRAW
*
*
*
*
visualise: True
DRAW
*
*
*
*
visualise: True
DRAW
*
*
*
*
visualise: True
DRAW
*
*
*
*
visualise: True
DRAW
*
*
*
*
visualise: True
DRAW
*
*
*
*
visualise: True
DRAW
*
*
*
*
visualise: True
DRAW
*
*
*
*
visualise: True
DRAW
*
*
*
*
visualise: True
DRAW
*
*
*
*
visualise: True
DRAW
*
*
*
*
visualise: True
DRAW
*
*
*
*
visualise: True
DRAW
*
*
*
*
visualise: True
DRAW
*
*
*
*
visualise: True
DRAW
*
*
*
*
visualise: True
DRAW
*
*
*
*
visualise: True
DRAW
*
*
*
*
visualise: True
DRAW
*
*
*
*
visualise: True
DRAW
*
*
*
*
visualise: True
DRAW
*
*
*
*
visualise: True
DRAW
*
*
*
*
visualise: True
DRAW
*
*
*
*
visualise: True
DRAW
*
*
*
*
visualise: True
DRAW
*
*
*
*
visualise: True
DRAW
*
*
*
*
visualise: True
DRAW
*
*
*
*
visualise: True
DRAW
*
*
*
*
visualise: True
DRAW
*
*
*
*
visualise: True
DRAW
*
*
*
*
visualise: True
DRAW
*
*
*
*
visualise: True
DRAW
*
*
*
*
visualise: True
DRAW
*
*
*
*
visualise: True
DRAW
*
*
*
*
visualise: True
DRAW
*
*
*
*
visualise: True
DRAW
*
*
*
*
visualise: True
DRAW
*
*
*
*
visualise: True
DRAW
*
*
*
*
visualise: True
DRAW
*
*
*
*
visualise: True
DRAW
*
*
*
*
visualise: True
DRAW
*
*
*
*
visualise: True
DRAW
*
*
*
*
visualise: True
DRAW
*
*
*
*
visualise: True
DRAW
*
*
*
*
visualise: True
DRAW
*
*
*
*
visualise: True
DRAW
*
*
*
*
visualise: True
DRAW
*
*
*
*
visualise: True
DRAW
*
*
*
*
visualise: True
DRAW
*
*
*
*
visualise: True
DRAW
*
*
*
*
visualise: True
DRAW
*
*
*
*
visualise: True
DRAW
*
*
*
*
visualise: True
DRAW
*
*
*
*
visualise: True
DRAW
*
*
*
*
visualise: True
DRAW
*
*
*
*
visualise: True
DRAW
*
*
*
*
visualise: True
DRAW
*
*
*
*
visualise: True
DRAW
*
*
*
*
visualise: True
DRAW
*
*
*
*
visualise: True
DRAW
*
*
*
*
visualise: True
DRAW
*
*
*
*
visualise: True
DRAW
*
*
*
*
visualise: True
DRAW
*
*
*
*
visualise: True
DRAW
*
*
*
*
visualise: True
DRAW
*
*
*
*
visualise: True
DRAW
*
*
*
*
visualise: True
DRAW
*
*
*
*
visualise: True
DRAW
*
*
*
*
visualise: True
DRAW
*
*
*
*
visualise: True
DRAW
*
*
*
*
visualise: True
DRAW
*
*
*
*
visualise: True
DRAW
*
*
*
*
visualise: True
DRAW
*
*
*
*
visualise: True
DRAW
*
*
*
*
visualise: True
DRAW
*
*
*
*
visualise: True
DRAW
*
*
*
*
visualise: True
DRAW
*
*
*
*
visualise: True
DRAW
*
*
*
*
visualise: True
DRAW
*
*
*
*
visualise: True
DRAW
*
*
*
*
visualise: True
DRAW
*
*
*
*
visualise: True
DRAW
*
*
*
*
visualise: True
DRAW
*
*
*
*
visualise: True
DRAW
*
*
*
*
visualise: True
DRAW
*
*
*
*
visualise: True
DRAW
*
*
*
*
visualise: True
DRAW
*
*
*
*
visualise: True
DRAW
*
*
*
*
visualise: True
DRAW
*
*
*
*
visualise: True
DRAW
*
*
*
*
visualise: True
DRAW
*
*
*
*
visualise: True
DRAW
*
*
*
*
visualise: True
DRAW
*
*
*
*
visualise: True
DRAW
*
*
*
*
visualise: True
DRAW
*
*
*
*
visualise: True
DRAW
*
*
*
*
visualise: True
DRAW
*
*
*
*
visualise: True
DRAW
*
*
*
*
visualise: True
DRAW
*
*
*
*
visualise: True
DRAW
*
*
*
*
visualise: True
DRAW
*
*
*
*
visualise: True
DRAW
*
*
*
*
visualise: True
DRAW
*
*
*
*
visualise: True
DRAW
*
*
*
*
visualise: True
DRAW
*
*
*
*
visualise: True
DRAW
*
*
*
*
visualise: True
DRAW
*
*
*
*
visualise: True
DRAW
*
*
*
*
visualise: True
DRAW
*
*
*
*
visualise: True
DRAW
*
*
*
*
visualise: True
DRAW
*
*
*
*
visualise: True
DRAW
*
*
*
*
visualise: True
DRAW
*
*
*
*
visualise: True
DRAW
*
*
*
*
visualise: True
DRAW
*
*
*
*
visualise: True
DRAW
*
*
*
*
visualise: True
DRAW
*
*
*
*
visualise: True
DRAW
*
*
*
*
visualise: True
DRAW
*
*
*
*
visualise: True
DRAW
*
*
*
*
visualise: True
DRAW
*
*
*
*
visualise: True
DRAW
*
*
*
*
visualise: True
DRAW
*
*
*
*
visualise: True
DRAW
*
*
*
*
visualise: True
DRAW
*
*
*
*
visualise: True
DRAW
*
*
*
*
visualise: True
DRAW
*
*
*
*
visualise: True
DRAW
*
*
*
*
visualise: True
DRAW
*
*
*
*
visualise: True
DRAW
*
*
*
*
visualise: True
DRAW
*
*
*
*
visualise: True
DRAW
*
*
*
*
visualise: True
DRAW
*
*
*
*
visualise: True
DRAW
*
*
*
*
visualise: True
DRAW
*
*
*
*
visualise: True
DRAW
*
*
*
*
visualise: True
DRAW
*
*
*
*
visualise: True
DRAW
*
*
*
*
visualise: True
DRAW
*
*
*
*
visualise: True
DRAW
*
*
*
*
visualise: True
DRAW
*
*
*
*
visualise: True
DRAW
*
*
*
*
visualise: True
DRAW
*
*
*
*
visualise: True
DRAW
*
*
*
*
visualise: True
DRAW
*
*
*
*
visualise: True
DRAW
*
*
*
*
visualise: True
DRAW
*
*
*
*
visualise: True
DRAW
*
*
*
*
visualise: True
DRAW
*
*
*
*
visualise: True
DRAW
*
*
*
*
visualise: True
DRAW
*
*
*
*
visualise: True
DRAW
*
*
*
*
visualise: True
DRAW
*
*
*
*
visualise: True
DRAW
*
*
*
*
visualise: True
DRAW
*
*
*
*
visualise: True
DRAW
*
*
*
*
visualise: True
DRAW
*
*
*
*
visualise: True
DRAW
*
*
*
*
visualise: True
DRAW
*
*
*
*
visualise: True
DRAW
*
*
*
*
visualise: True
DRAW
*
*
*
*
visualise: True
DRAW
*
*
*
*
visualise: True
DRAW
*
*
*
*
visualise: True
DRAW
*
*
*
*
visualise: True
DRAW
*
*
*
*
visualise: True
DRAW
*
*
*
*
visualise: True
DRAW
*
*
*
*
visualise: True
DRAW
*
*
*
*
visualise: True
DRAW
*
*
*
*
visualise: True
DRAW
*
*
*
*
visualise: True
DRAW
*
*
*
*
visualise: True
DRAW
*
*
*
*
visualise: True
DRAW
*
*
*
*
visualise: True
DRAW
*
*
*
*
visualise: True
DRAW
*
*
*
*
visualise: True
DRAW
*
*
*
*
visualise: True
DRAW
*
*
*
*
visualise: True
DRAW
*
*
*
*
visualise: True
DRAW
*
*
*
*
visualise: True
DRAW
*
*
*
*
visualise: True
DRAW
*
*
*
*
visualise: True
DRAW
*
*
*
*
visualise: True
DRAW
*
*
*
*
visualise: True
DRAW
*
*
*
*
visualise: True
DRAW
*
*
*
*
visualise: True
DRAW
*
*
*
*
visualise: True
DRAW
*
*
*
*
visualise: True
DRAW
*
*
*
*
visualise: True
DRAW
*
*
*
*
visualise: True
DRAW
*
*
*
*
visualise: True
DRAW
*
*
*
*
visualise: True
DRAW
*
*
*
*
visualise: True
DRAW
*
*
*
*
visualise: True
DRAW
*
*
*
*
visualise: True
DRAW
*
*
*
*
visualise: True
DRAW
*
*
*
*
visualise: True
DRAW
*
*
*
*
visualise: True
DRAW
*
*
*
*
visualise: True
DRAW
*
*
*
*
visualise: True
DRAW
*
*
*
*
visualise: True
DRAW
*
*
*
*
visualise: True
DRAW
*
*
*
*
visualise: True
DRAW
*
*
*
*
visualise: True
DRAW
*
*
*
*
visualise: True
DRAW
*
*
*
*
visualise: True
DRAW
*
*
*
*
visualise: True
DRAW
*
*
*
*
visualise: True
DRAW
*
*
*
*
visualise: True
DRAW
*
*
*
*
visualise: True
DRAW
*
*
*
*
visualise: True
DRAW
*
*
*
*
visualise: True
DRAW
*
*
*
*
visualise: True
DRAW
*
*
*
*
visualise: True
DRAW
*
*
*
*
visualise: True
DRAW
*
*
*
*
visualise: True
DRAW
*
*
*
*
visualise: True
DRAW
*
*
*
*
visualise: True
DRAW
*
*
*
*
visualise: True
DRAW
*
*
*
*
visualise: True
DRAW
*
*
*
*
visualise: True
DRAW
*
*
*
*
visualise: True
DRAW
*
*
*
*
visualise: True
DRAW
*
*
*
*
visualise: True
DRAW
*
*
*
*
visualise: True
DRAW
*
*
*
*
visualise: True
DRAW
*
*
*
*
visualise: True
DRAW
*
*
*
*
visualise: True
DRAW
*
*
*
*
visualise: True
DRAW
*
*
*
*
visualise: True
DRAW
*
*
*
*
visualise: True
DRAW
*
*
*
*
visualise: True
DRAW
*
*
*
*
visualise: True
DRAW
*
*
*
*
visualise: True
DRAW
*
*
*
*
visualise: True
DRAW
*
*
*
*
visualise: True
DRAW
*
*
*
*
visualise: True
DRAW
*
*
*
*
visualise: True
DRAW
*
*
*
*
visualise: True
DRAW
*
*
*
*
visualise: True
DRAW
*
*
*
*
visualise: True
DRAW
*
*
*
*
visualise: True
DRAW
*
*
*
*
visualise: True
DRAW
*
*
*
*
visualise: True
DRAW
*
*
*
*
visualise: True
DRAW
*
*
*
*
visualise: True
DRAW
*
*
*
*
visualise: True
DRAW
*
*
*
*
visualise: True
DRAW
*
*
*
*
visualise: True
DRAW
*
*
*
*
visualise: True
DRAW
*
*
*
*
visualise: True
DRAW
*
*
*
*
visualise: True
DRAW
*
*
*
*
visualise: True
DRAW
*
*
*
*
visualise: True
DRAW
*
*
*
*
visualise: True
DRAW
*
*
*
*
visualise: True
DRAW
*
*
*
*
visualise: True
DRAW
*
*
*
*
visualise: True
DRAW
*
*
*
*
visualise: True
DRAW
*
*
*
*
visualise: True
DRAW
*
*
*
*
visualise: True
DRAW
*
*
*
*
visualise: True
DRAW
*
*
*
*
visualise: True
DRAW
*
*
*
*
visualise: True
DRAW
*
*
*
*
visualise: True
DRAW
*
*
*
*
visualise: True
DRAW
*
*
*
*
visualise: True
DRAW
*
*
*
*
visualise: True
DRAW
*
*
*
*
visualise: True
DRAW
*
*
*
*
visualise: True
DRAW
*
*
*
*
visualise: True
DRAW
*
*
*
*
visualise: True
DRAW
*
*
*
*
visualise: True
DRAW
*
*
*
*
visualise: True
DRAW
*
*
*
*
visualise: True
DRAW
*
*
*
*
visualise: True
DRAW
*
*
*
*
visualise: True
DRAW
*
*
*
*
visualise: True
DRAW
*
*
*
*
visualise: True
DRAW
*
*
*
*
visualise: True
DRAW
*
*
*
*
visualise: True
DRAW
*
*
*
*
visualise: True
DRAW
*
*
*
*
visualise: True
DRAW
*
*
*
*
visualise: True
DRAW
*
*
*
*
visualise: True
DRAW
*
*
*
*
visualise: True
DRAW
*
*
*
*
visualise: True
DRAW
*
*
*
*
visualise: True
DRAW
*
*
*
*
visualise: True
DRAW
*
*
*
*
visualise: True
DRAW
*
*
*
*
visualise: True
DRAW
*
*
*
*
visualise: True
DRAW
*
*
*
*
visualise: True
DRAW
*
*
*
*
visualise: True
DRAW
*
*
*
*
visualise: True
DRAW
*
*
*
*
visualise: True
DRAW
*
*
*
*
visualise: True
DRAW
*
*
*
*
visualise: True
DRAW
*
*
*
*
visualise: True
DRAW
*
*
*
*
visualise: True
DRAW
*
*
*
*
visualise: True
DRAW
*
*
*
*
visualise: True
DRAW
*
*
*
*
visualise: True
DRAW
*
*
*
*
visualise: True
DRAW
*
*
*
*
visualise: True
DRAW
*
*
*
*
visualise: True
DRAW
*
*
*
*
visualise: True
DRAW
*
*
*
*
visualise: True
DRAW
*
*
*
*
visualise: True
DRAW
*
*
*
*
visualise: True
DRAW
*
*
*
*
visualise: True
DRAW
*
*
*
*
visualise: True
DRAW
*
*
*
*
visualise: True
DRAW
*
*
*
*
visualise: True
DRAW
*
*
*
*
visualise: True
DRAW
*
*
*
*
visualise: True
DRAW
*
*
*
*
visualise: True
DRAW
*
*
*
*
visualise: True
DRAW
*
*
*
*
visualise: True
DRAW
*
*
*
*
visualise: True
DRAW
*
*
*
*
visualise: True
DRAW
*
*
*
*
visualise: True
DRAW
*
*
*
*
visualise: True
DRAW
*
*
*
*
visualise: True
DRAW
*
*
*
*
visualise: True
DRAW
*
*
*
*
visualise: True
DRAW
*
*
*
*
visualise: True
DRAW
*
*
*
*
visualise: True
DRAW
*
*
*
*
visualise: True
DRAW
*
*
*
*
visualise: True
DRAW
*
*
*
*
visualise: True
DRAW
*
*
*
*
visualise: True
DRAW
*
*
*
*
visualise: True
DRAW
*
*
*
*
visualise: True
DRAW
*
*
*
*
visualise: True
DRAW
*
*
*
*
visualise: True
DRAW
*
*
*
*
visualise: True
DRAW
*
*
*
*
visualise: True
DRAW
*
*
*
*
visualise: True
DRAW
*
*
*
*
visualise: True
DRAW
*
*
*
*
visualise: True
DRAW
*
*
*
*
visualise: True
DRAW
*
*
*
*
visualise: True
DRAW
*
*
*
*
visualise: True
DRAW
*
*
*
*
visualise: True
DRAW
*
*
*
*
visualise: True
DRAW
*
*
*
*
visualise: True
DRAW
*
*
*
*
visualise: True
DRAW
*
*
*
*
visualise: True
DRAW
*
*
*
*
visualise: True
DRAW
*
*
*
*
visualise: True
DRAW
*
*
*
*
visualise: True
DRAW
*
*
*
*
visualise: True
DRAW
*
*
*
*
visualise: True
DRAW
*
*
*
*
visualise: True
DRAW
*
*
*
*
visualise: True
DRAW
*
*
*
*
visualise: True
DRAW
*
*
*
*
visualise: True
DRAW
*
*
*
*
visualise: True
DRAW
*
*
*
*
visualise: True
DRAW
*
*
*
*
visualise: True
DRAW
*
*
*
*
visualise: True
DRAW
*
*
*
*
visualise: True
DRAW
*
*
*
*
visualise: True
DRAW
*
*
*
*
visualise: True
DRAW
*
*
*
*
visualise: True
DRAW
*
*
*
*
visualise: True
DRAW
*
*
*
*
visualise: True
DRAW
*
*
*
*
visualise: True
DRAW
*
*
*
*
visualise: True
DRAW
*
*
*
*
visualise: True
DRAW
*
*
*
*
visualise: True
DRAW
*
*
*
*
visualise: True
DRAW
*
*
*
*
visualise: True
DRAW
*
*
*
*
visualise: True
DRAW
*
*
*
*
visualise: True
DRAW
*
*
*
*
visualise: True
DRAW
*
*
*
*
visualise: True
DRAW
*
*
*
*
visualise: True
DRAW
*
*
*
*
visualise: True
DRAW
*
*
*
*
visualise: True
DRAW
*
*
*
*
visualise: True
DRAW
*
*
*
*
visualise: True
DRAW
*
*
*
*
visualise: True
DRAW
*
*
*
*
visualise: True
DRAW
*
*
*
*
visualise: True
DRAW
*
*
*
*
visualise: True
DRAW
*
*
*
*
visualise: True
DRAW
*
*
*
*
visualise: True
DRAW
*
*
*
*
visualise: True
DRAW
*
*
*
*
visualise: True
DRAW
*
*
*
*
visualise: True
DRAW
*
*
*
*
visualise: True
DRAW
*
*
*
*
visualise: True
DRAW
*
*
*
*
visualise: True
DRAW
*
*
*
*
visualise: True
DRAW
*
*
*
*
visualise: True
DRAW
*
*
*
*
visualise: True
DRAW
*
*
*
*
visualise: True
DRAW
*
*
*
*
visualise: True
DRAW
*
*
*
*
visualise: True
DRAW
*
*
*
*
visualise: True
DRAW
*
*
*
*
visualise: True
DRAW
*
*
*
*
visualise: True
DRAW
*
*
*
*
visualise: True
DRAW
*
*
*
*
visualise: True
DRAW
*
*
*
*
visualise: True
DRAW
*
*
*
*
visualise: True
DRAW
*
*
*
*
visualise: True
DRAW
*
*
*
*
visualise: True
DRAW
*
*
*
*
visualise: True
DRAW
*
*
*
*
visualise: True
DRAW
*
*
*
*
visualise: True
DRAW
*
*
*
*
visualise: True
DRAW
*
*
*
*
visualise: True
DRAW
*
*
*
*
visualise: True
DRAW
*
*
*
*
visualise: True
DRAW
*
*
*
*
visualise: True
DRAW
*
*
*
*
visualise: True
DRAW
*
*
*
*
visualise: True
DRAW
*
*
*
*
visualise: True
DRAW
*
*
*
*
visualise: True
DRAW
*
*
*
*
visualise: True
DRAW
*
*
*
*
visualise: True
DRAW
*
*
*
*
visualise: True
DRAW
*
*
*
*
visualise: True
DRAW
*
*
*
*
visualise: True
DRAW
*
*
*
*
visualise: True
DRAW
*
*
*
*
visualise: True
DRAW
*
*
*
*
visualise: True
DRAW
*
*
*
*
visualise: True
DRAW
*
*
*
*
visualise: True
DRAW
*
*
*
*
visualise: True
DRAW
*
*
*
*
visualise: True
DRAW
*
*
*
*
visualise: True
DRAW
*
*
*
*
visualise: True
DRAW
*
*
*
*
visualise: True
DRAW
*
*
*
*
visualise: True
DRAW
*
*
*
*
visualise: True
DRAW
*
*
*
*
visualise: True
DRAW
*
*
*
*
visualise: True
DRAW
*
*
*
*
visualise: True
DRAW
*
*
*
*
visualise: True
DRAW
*
*
*
*
visualise: True
DRAW
*
*
*
*
visualise: True
DRAW
*
*
*
*
visualise: True
DRAW
*
*
*
*
visualise: True
DRAW
*
*
*
*
visualise: True
DRAW
*
*
*
*
visualise: True
DRAW
*
*
*
*
visualise: True
DRAW
*
*
*
*
visualise: True
DRAW
*
*
*
*
visualise: True
DRAW
*
*
*
*
visualise: True
DRAW
*
*
*
*
visualise: True
DRAW
*
*
*
*
visualise: True
DRAW
*
*
*
*
visualise: True
DRAW
*
*
*
*
visualise: True
DRAW
*
*
*
*
visualise: True
DRAW
*
*
*
*
visualise: True
DRAW
*
*
*
*
visualise: True
DRAW
*
*
*
*
visualise: True
DRAW
*
*
*
*
visualise: True
DRAW
*
*
*
*
visualise: True
DRAW
*
*
*
*
visualise: True
DRAW
*
*
*
*
visualise: True
DRAW
*
*
*
*
visualise: True
DRAW
*
*
*
*
visualise: True
DRAW
*
*
*
*
visualise: True
DRAW
*
*
*
*
visualise: True
DRAW
*
*
*
*
visualise: True
DRAW
*
*
*
*
visualise: True
DRAW
*
*
*
*
visualise: True
DRAW
*
*
*
*
visualise: True
DRAW
*
*
*
*
visualise: True
DRAW
*
*
*
*
visualise: True
DRAW
*
*
*
*
visualise: True
DRAW
*
*
*
*
visualise: True
DRAW
*
*
*
*
visualise: True
DRAW
*
*
*
*
visualise: True
DRAW
*
*
*
*
visualise: True
DRAW
*
*
*
*
visualise: True
DRAW
*
*
*
*
visualise: True
DRAW
*
*
*
*
visualise: True
DRAW
*
*
*
*
visualise: True
DRAW
*
*
*
*
visualise: True
DRAW
*
*
*
*
visualise: True
DRAW
*
*
*
*
visualise: True
DRAW
*
*
*
*
visualise: True
DRAW
*
*
*
*
visualise: True
DRAW
*
*
*
*
visualise: True
DRAW
*
*
*
*
visualise: True
DRAW
*
*
*
*
visualise: True
DRAW
*
*
*
*
visualise: True
DRAW
*
*
*
*
visualise: True
DRAW
*
*
*
*
visualise: True
DRAW
*
*
*
*
visualise: True
DRAW
*
*
*
*
visualise: True
DRAW
*
*
*
*
visualise: True
DRAW
*
*
*
*
visualise: True
DRAW
*
*
*
*
visualise: True
DRAW
*
*
*
*
visualise: True
DRAW
*
*
*
*
visualise: True
DRAW
*
*
*
*
visualise: True
DRAW
*
*
*
*
visualise: True
DRAW
*
*
*
*
visualise: True
DRAW
*
*
*
*
visualise: True
DRAW
*
*
*
*
visualise: True
DRAW
*
*
*
*
visualise: True
DRAW
*
*
*
*
visualise: True
DRAW
*
*
*
*
visualise: True
DRAW
*
*
*
*
visualise: True
DRAW
*
*
*
*
visualise: True
DRAW
*
*
*
*
visualise: True
DRAW
*
*
*
*
visualise: True
DRAW
*
*
*
*
visualise: True
DRAW
*
*
*
*
visualise: True
DRAW
*
*
*
*
visualise: True
DRAW
*
*
*
*
visualise: True
DRAW
*
*
*
*
visualise: True
DRAW
*
*
*
*
visualise: True
DRAW
*
*
*
*
visualise: True
DRAW
*
*
*
*
visualise: True
DRAW
*
*
*
*
visualise: True
DRAW
*
*
*
*
visualise: True
DRAW
*
*
*
*
visualise: True
DRAW
*
*
*
*
visualise: True
DRAW
*
*
*
*
visualise: True
DRAW
*
*
*
*
visualise: True
DRAW
*
*
*
*
visualise: True
DRAW
*
*
*
*
visualise: True
DRAW
*
*
*
*
visualise: True
DRAW
*
*
*
*
visualise: True
DRAW
*
*
*
*
visualise: True
DRAW
*
*
*
*
visualise: True
DRAW
*
*
*
*
visualise: True
DRAW
*
*
*
*
visualise: True
DRAW
*
*
*
*
visualise: True
DRAW
*
*
*
*
visualise: True
DRAW
*
*
*
*
visualise: True
DRAW
*
*
*
*
visualise: True
DRAW
*
*
*
*
visualise: True
DRAW
*
*
*
*
visualise: True
DRAW
*
*
*
*
visualise: True
DRAW
*
*
*
*
visualise: True
DRAW
*
*
*
*
visualise: True
DRAW
*
*
*
*
visualise: True
DRAW
*
*
*
*
visualise: True
DRAW
*
*
*
*
visualise: True
DRAW
*
*
*
*
visualise: True
DRAW
*
*
*
*
visualise: True
DRAW
*
*
*
*
visualise: True
DRAW
*
*
*
*
visualise: True
DRAW
*
*
*
*
visualise: True
DRAW
*
*
*
*
visualise: True
DRAW
*
*
*
*
visualise: True
DRAW
*
*
*
*
visualise: True
DRAW
*
*
*
*
visualise: True
DRAW
*
*
*
*
visualise: True
DRAW
*
*
*
*
visualise: True
DRAW
*
*
*
*
visualise: True
DRAW
*
*
*
*
visualise: True
DRAW
*
*
*
*
visualise: True
DRAW
*
*
*
*
visualise: True
DRAW
*
*
*
*
visualise: True
DRAW
*
*
*
*
visualise: True
DRAW
*
*
*
*
visualise: True
DRAW
*
*
*
*
visualise: True
DRAW
*
*
*
*
visualise: True
DRAW
*
*
*
*
visualise: True
DRAW
*
*
*
*
visualise: True
DRAW
*
*
*
*
visualise: True
DRAW
*
*
*
*
visualise: True
DRAW
*
*
*
*
visualise: True
DRAW
*
*
*
*
visualise: True
DRAW
*
*
*
*
visualise: True
DRAW
*
*
*
*
visualise: True
DRAW
*
*
*
*
visualise: True
DRAW
*
*
*
*
visualise: True
DRAW
*
*
*
*
visualise: True
DRAW
*
*
*
*
visualise: True
DRAW
*
*
*
*
visualise: True
DRAW
*
*
*
*
visualise: True
DRAW
*
*
*
*
visualise: True
DRAW
*
*
*
*
visualise: True
DRAW
*
*
*
*
visualise: True
DRAW
*
*
*
*
visualise: True
DRAW
*
*
*
*
visualise: True
DRAW
*
*
*
*
visualise: True
DRAW
*
*
*
*
visualise: True
DRAW
*
*
*
*
visualise: True
DRAW
*
*
*
*
visualise: True
DRAW
*
*
*
*
visualise: True
DRAW
*
*
*
*
visualise: True
DRAW
*
*
*
*
visualise: True
DRAW
*
*
*
*
visualise: True
DRAW
*
*
*
*
visualise: True
DRAW
*
*
*
*
visualise: True
DRAW
*
*
*
*
visualise: True
DRAW
*
*
*
*
visualise: True
DRAW
*
*
*
*
visualise: True
DRAW
*
*
*
*
visualise: True
DRAW
*
*
*
*
visualise: True
DRAW
*
*
*
*
visualise: True
DRAW
*
*
*
*
visualise: True
DRAW
*
*
*
*
visualise: True
DRAW
*
*
*
*
visualise: True
DRAW
*
*
*
*
visualise: True
DRAW
*
*
*
*
visualise: True
DRAW
*
*
*
*
visualise: True
DRAW
*
*
*
*
visualise: True
DRAW
*
*
*
*
visualise: True
DRAW
*
*
*
*
visualise: True
DRAW
*
*
*
*
visualise: True
DRAW
*
*
*
*
visualise: True
DRAW
*
*
*
*
visualise: True
DRAW
*
*
*
*
visualise: True
DRAW
*
*
*
*
visualise: True
DRAW
*
*
*
*
visualise: True
DRAW
*
*
*
*
visualise: True
DRAW
*
*
*
*
visualise: True
DRAW
*
*
*
*
visualise: True
DRAW
*
*
*
*
visualise: True
DRAW
*
*
*
*
visualise: True
DRAW
*
*
*
*
visualise: True
DRAW
*
*
*
*
visualise: True
DRAW
*
*
*
*
visualise: True
DRAW
*
*
*
*
visualise: True
DRAW
*
*
*
*
visualise: True
DRAW
*
*
*
*
visualise: True
DRAW
*
*
*
*
visualise: True
DRAW
*
*
*
*
visualise: True
DRAW
*
*
*
*
visualise: True
DRAW
*
*
*
*
visualise: True
DRAW
*
*
*
*
visualise: True
DRAW
*
*
*
*
visualise: True
DRAW
*
*
*
*
visualise: True
DRAW
*
*
*
*
visualise: True
DRAW
*
*
*
*
visualise: True
DRAW
*
*
*
*
visualise: True
DRAW
*
*
*
*
visualise: True
DRAW
*
*
*
*
visualise: True
DRAW
*
*
*
*
visualise: True
DRAW
*
*
*
*
visualise: True
DRAW
*
*
*
*
visualise: True
DRAW
*
*
*
*
visualise: True
DRAW
*
*
*
*
visualise: True
DRAW
*
*
*
*
visualise: True
DRAW
*
*
*
*
visualise: True
DRAW
*
*
*
*
visualise: True
DRAW
*
*
*
*
visualise: True
DRAW
*
*
*
*
visualise: True
DRAW
*
*
*
*
visualise: True
DRAW
*
*
*
*
visualise: True
DRAW
*
*
*
*
visualise: True
DRAW
*
*
*
*
visualise: True
DRAW
*
*
*
*
visualise: True
DRAW
*
*
*
*
visualise: True
DRAW
*
*
*
*
visualise: True
DRAW
*
*
*
*
visualise: True
DRAW
*
*
*
*
visualise: True
DRAW
*
*
*
*
visualise: True
DRAW
*
*
*
*
visualise: True
DRAW
*
*
*
*
visualise: True
DRAW
*
*
*
*
visualise: True
DRAW
*
*
*
*
visualise: True
DRAW
*
*
*
*
visualise: True
DRAW
*
*
*
*
visualise: True
DRAW
*
*
*
*
visualise: True
DRAW
*
*
*
*
visualise: True
DRAW
*
*
*
*
visualise: True
DRAW
*
*
*
*
visualise: True
DRAW
*
*
*
*
visualise: True
DRAW
*
*
*
*
visualise: True
DRAW
*
*
*
*
visualise: True
DRAW
*
*
*
*
visualise: True
DRAW
*
*
*
*
visualise: True
DRAW
*
*
*
*
visualise: True
DRAW
*
*
*
*
visualise: True
DRAW
*
*
*
*
visualise: True
DRAW
*
*
*
*
visualise: True
DRAW
*
*
*
*
visualise: True
DRAW
*
*
*
*
visualise: True
DRAW
*
*
*
*
visualise: True
DRAW
*
*
*
*
visualise: True
DRAW
*
*
*
*
visualise: True
DRAW
*
*
*
*
visualise: True
DRAW
*
*
*
*
visualise: True
DRAW
*
*
*
*
visualise: True
DRAW
*
*
*
*
visualise: True
DRAW
*
*
*
*
visualise: True
DRAW
*
*
*
*
visualise: True
DRAW
*
*
*
*
visualise: True
DRAW
*
*
*
*
visualise: True
DRAW
*
*
*
*
visualise: True
DRAW
*
*
*
*
visualise: True
DRAW
*
*
*
*
visualise: True
DRAW
*
*
*
*
visualise: True
DRAW
*
*
*
*
visualise: True
DRAW
*
*
*
*
visualise: True
DRAW
*
*
*
*
visualise: True
DRAW
*
*
*
*
visualise: True
DRAW
*
*
*
*
visualise: True
DRAW
*
*
*
*
visualise: True
DRAW
*
*
*
*
visualise: True
DRAW
*
*
*
*
visualise: True
DRAW
*
*
*
*
visualise: True
DRAW
*
*
*
*
visualise: True
DRAW
*
*
*
*
visualise: True
DRAW
*
*
*
*
visualise: True
DRAW
*
*
*
*
visualise: True
DRAW
*
*
*
*
visualise: True
DRAW
*
*
*
*
visualise: True
DRAW
*
*
*
*
visualise: True
DRAW
*
*
*
*
visualise: True
DRAW
*
*
*
*
visualise: True
DRAW
*
*
*
*
visualise: True
DRAW
*
*
*
*
visualise: True
DRAW
*
*
*
*
visualise: True
DRAW
*
*
*
*
visualise: True
DRAW
*
*
*
*
visualise: True
DRAW
*
*
*
*
visualise: True
DRAW
*
*
*
*
visualise: True
DRAW
*
*
*
*
visualise: True
DRAW
*
*
*
*
visualise: True
DRAW
*
*
*
*
visualise: True
DRAW
*
*
*
*
visualise: True
DRAW
*
*
*
*
visualise: True
DRAW
*
*
*
*
visualise: True
DRAW
*
*
*
*
visualise: True
DRAW
*
*
*
*
visualise: True
DRAW
*
*
*
*
visualise: True
DRAW
*
*
*
*
visualise: True
DRAW
*
*
*
*
visualise: True
DRAW
*
*
*
*
visualise: True
DRAW
*
*
*
*
visualise: True
DRAW
*
*
*
*
visualise: True
DRAW
*
*
*
*
visualise: True
DRAW
*
*
*
*
visualise: True
DRAW
*
*
*
*
visualise: True
DRAW
*
*
*
*
visualise: True
DRAW
*
*
*
*
visualise: True
DRAW
*
*
*
*
visualise: True
DRAW
*
*
*
*
visualise: True
DRAW
*
*
*
*
visualise: True
DRAW
*
*
*
*
visualise: True
DRAW
*
*
*
*
visualise: True
DRAW
*
*
*
*
visualise: True
DRAW
*
*
*
*
visualise: True
DRAW
*
*
*
*
visualise: True
DRAW
*
*
*
*
visualise: True
DRAW
*
*
*
*
visualise: True
DRAW
*
*
*
*
visualise: True
DRAW
*
*
*
*
visualise: True
DRAW
*
*
*
*
visualise: True
DRAW
*
*
*
*
visualise: True
DRAW
*
*
*
*
visualise: True
DRAW
*
*
*
*
visualise: True
DRAW
*
*
*
*
visualise: True
DRAW
*
*
*
*
visualise: True
DRAW
*
*
*
*
visualise: True
DRAW
*
*
*
*
visualise: True
DRAW
*
*
*
*
visualise: True
DRAW
*
*
*
*
visualise: True
DRAW
*
*
*
*
visualise: True
DRAW
*
*
*
*
visualise: True
DRAW
*
*
*
*
visualise: True
DRAW
*
*
*
*
visualise: True
DRAW
*
*
*
*
visualise: True
DRAW
*
*
*
*
visualise: True
DRAW
*
*
*
*
visualise: True
DRAW
*
*
*
*
visualise: True
DRAW
*
*
*
*
visualise: True
DRAW
*
*
*
*
visualise: True
DRAW
*
*
*
*
visualise: True
DRAW
*
*
*
*
visualise: True
DRAW
*
*
*
*
visualise: True
DRAW
*
*
*
*
visualise: True
DRAW
*
*
*
*
visualise: True
DRAW
*
*
*
*
visualise: True
DRAW
*
*
*
*
visualise: True
DRAW
*
*
*
*
visualise: True
DRAW
*
*
*
*
visualise: True
DRAW
*
*
*
*
visualise: True
DRAW
*
*
*
*
visualise: True
DRAW
*
*
*
*
visualise: True
DRAW
*
*
*
*
visualise: True
DRAW
*
*
*
*
visualise: True
DRAW
*
*
*
*
visualise: True
DRAW
*
*
*
*
visualise: True
DRAW
*
*
*
*
visualise: True
DRAW
*
*
*
*
visualise: True
DRAW
*
*
*
*
visualise: True
DRAW
*
*
*
*
visualise: True
DRAW
*
*
*
*
visualise: True
DRAW
*
*
*
*
visualise: True
DRAW
*
*
*
*
visualise: True
DRAW
*
*
*
*
visualise: True
DRAW
*
*
*
*
visualise: True
DRAW
*
*
*
*
visualise: True
DRAW
*
*
*
*
visualise: True
DRAW
*
*
*
*
visualise: True
DRAW
*
*
*
*
visualise: True
DRAW
*
*
*
*
visualise: True
DRAW
*
*
*
*
visualise: True
DRAW
*
*
*
*
visualise: True
DRAW
*
*
*
*
visualise: True
DRAW
*
*
*
*
visualise: True
DRAW
*
*
*
*
visualise: True
DRAW
*
*
*
*
visualise: True
DRAW
*
*
*
*
visualise: True
DRAW
*
*
*
*
visualise: True
DRAW
*
*
*
*
visualise: True
DRAW
*
*
*
*
visualise: True
DRAW
*
*
*
*
visualise: True
DRAW
*
*
*
*
visualise: True
DRAW
*
*
*
*
visualise: True
DRAW
*
*
*
*
visualise: True
DRAW
*
*
*
*
visualise: True
DRAW
*
*
*
*
visualise: True
DRAW
*
*
*
*
visualise: True
DRAW
*
*
*
*
visualise: True
DRAW
*
*
*
*
visualise: True
DRAW
*
*
*
*
visualise: True
DRAW
*
*
*
*
visualise: True
DRAW
*
*
*
*
visualise: True
DRAW
*
*
*
*
visualise: True
DRAW
*
*
*
*
visualise: True
DRAW
*
*
*
*
visualise: True
DRAW
*
*
*
*
visualise: True
DRAW
*
*
*
*
visualise: True
DRAW
*
*
*
*
visualise: True
DRAW
*
*
*
*
visualise: True
DRAW
*
*
*
*
visualise: True
DRAW
*
*
*
*
visualise: True
DRAW
*
*
*
*
visualise: True
DRAW
*
*
*
*
visualise: True
DRAW
*
*
*
*
visualise: True
DRAW
*
*
*
*
visualise: True
DRAW
*
*
*
*
visualise: True
DRAW
*
*
*
*
visualise: True
DRAW
*
*
*
*
visualise: True
DRAW
*
*
*
*
visualise: True
DRAW
*
*
*
*
visualise: True
DRAW
*
*
*
*
visualise: True
DRAW
*
*
*
*
visualise: True
DRAW
*
*
*
*
visualise: True
DRAW
*
*
*
*
visualise: True
DRAW
*
*
*
*
visualise: True
DRAW
*
*
*
*
visualise: True
DRAW
*
*
*
*
visualise: True
DRAW
*
*
*
*
visualise: True
DRAW
*
*
*
*
visualise: True
DRAW
*
*
*
*
visualise: True
DRAW
*
*
*
*
visualise: True
DRAW
*
*
*
*
visualise: True
DRAW
*
*
*
*
visualise: True
DRAW
*
*
*
*
visualise: True
DRAW
*
*
*
*
visualise: True
DRAW
*
*
*
*
visualise: True
DRAW
*
*
*
*
visualise: True
DRAW
*
*
*
*
visualise: True
DRAW
*
*
*
*
visualise: True
DRAW
*
*
*
*
visualise: True
DRAW
*
*
*
*
visualise: True
DRAW
*
*
*
*
visualise: True
DRAW
*
*
*
*
visualise: True
DRAW
*
*
*
*
visualise: True
DRAW
*
*
*
*
visualise: True
DRAW
*
*
*
*
visualise: True
DRAW
*
*
*
*
visualise: True
DRAW
*
*
*
*
visualise: True
DRAW
*
*
*
*
visualise: True
DRAW
*
*
*
*
visualise: True
DRAW
*
*
*
*
visualise: True
DRAW
*
*
*
*
visualise: True
DRAW
*
*
*
*
visualise: True
DRAW
*
*
*
*
visualise: True
DRAW
*
*
*
*
visualise: True
DRAW
*
*
*
*
visualise: True
DRAW
*
*
*
*
visualise: True
DRAW
*
*
*
*
visualise: True
DRAW
*
*
*
*
visualise: True
DRAW
*
*
*
*
visualise: True
DRAW
*
*
*
*
visualise: True
DRAW
*
*
*
*
visualise: True
DRAW
*
*
*
*
visualise: True
DRAW
*
*
*
*
visualise: True
DRAW
*
*
*
*
visualise: True
DRAW
*
*
*
*
visualise: True
DRAW
*
*
*
*
visualise: True
DRAW
*
*
*
*
visualise: True
DRAW
*
*
*
*
visualise: True
DRAW
*
*
*
*
visualise: True
DRAW
*
*
*
*
visualise: True
DRAW
*
*
*
*
visualise: True
DRAW
*
*
*
*
visualise: True
DRAW
*
*
*
*
visualise: True
DRAW
*
*
*
*
visualise: True
DRAW
*
*
*
*
visualise: True
DRAW
*
*
*
*
visualise: True
DRAW
*
*
*
*
visualise: True
DRAW
*
*
*
*
visualise: True
DRAW
*
*
*
*
visualise: True
DRAW
*
*
*
*
visualise: True
DRAW
*
*
*
*
visualise: True
DRAW
*
*
*
*
visualise: True
DRAW
*
*
*
*
visualise: True
DRAW
*
*
*
*
visualise: True
DRAW
*
*
*
*
visualise: True
DRAW
*
*
*
*
visualise: True
DRAW
*
*
*
*
visualise: True
DRAW
*
*
*
*
visualise: True
DRAW
*
*
*
*
visualise: True
DRAW
*
*
*
*
visualise: True
DRAW
*
*
*
*
visualise: True
DRAW
*
*
*
*
visualise: True
DRAW
*
*
*
*
visualise: True
DRAW
*
*
*
*
visualise: True
DRAW
*
*
*
*
visualise: True
DRAW
*
*
*
*
visualise: True
DRAW
*
*
*
*
visualise: True
DRAW
*
*
*
*
visualise: True
DRAW
*
*
*
*
visualise: True
DRAW
*
*
*
*
visualise: True
DRAW
*
*
*
*
visualise: True
DRAW
*
*
*
*
visualise: True
DRAW
*
*
*
*
visualise: True
DRAW
*
*
*
*
visualise: True
DRAW
*
*
*
*
visualise: True
DRAW
*
*
*
*
visualise: True
DRAW
*
*
*
*
visualise: True
DRAW
*
*
*
*
visualise: True
DRAW
*
*
*
*
visualise: True
DRAW
*
*
*
*
visualise: True
DRAW
*
*
*
*
visualise: True
DRAW
*
*
*
*
visualise: True
DRAW
*
*
*
*
visualise: True
DRAW
*
*
*
*
visualise: True
DRAW
*
*
*
*
visualise: True
DRAW
*
*
*
*
visualise: True
DRAW
*
*
*
*
visualise: True
DRAW
*
*
*
*
visualise: True
DRAW
*
*
*
*
visualise: True
DRAW
*
*
*
*
visualise: True
DRAW
*
*
*
*
visualise: True
DRAW
*
*
*
*
visualise: True
DRAW
*
*
*
*
visualise: True
DRAW
*
*
*
*
visualise: True
DRAW
*
*
*
*
visualise: True
DRAW
*
*
*
*
visualise: True
DRAW
*
*
*
*
visualise: True
DRAW
*
*
*
*
visualise: True
DRAW
*
*
*
*
visualise: True
DRAW
*
*
*
*
visualise: True
DRAW
*
*
*
*
visualise: True
DRAW
*
*
*
*
visualise: True
DRAW
*
*
*
*
visualise: True
DRAW
*
*
*
*
visualise: True
DRAW
*
*
*
*
visualise: True
DRAW
*
*
*
*
visualise: True
DRAW
*
*
*
*
visualise: True
DRAW
*
*
*
*
visualise: True
DRAW
*
*
*
*
visualise: True
DRAW
*
*
*
*
visualise: True
DRAW
*
*
*
*
visualise: True
DRAW
*
*
*
*
visualise: True
DRAW
*
*
*
*
visualise: True
DRAW
*
*
*
*
visualise: True
DRAW
*
*
*
*
visualise: True
DRAW
*
*
*
*
visualise: True
DRAW
*
*
*
*
visualise: True
DRAW
*
*
*
*
visualise: True
DRAW
*
*
*
*
visualise: True
DRAW
*
*
*
*
visualise: True
DRAW
*
*
*
*
visualise: True
DRAW
*
*
*
*
visualise: True
DRAW
*
*
*
*
visualise: True
DRAW
*
*
*
*
visualise: True
DRAW
*
*
*
*
visualise: True
DRAW
*
*
*
*
visualise: True
DRAW
*
*
*
*
visualise: True
DRAW
*
*
*
*
visualise: True
DRAW
*
*
*
*
visualise: True
DRAW
*
*
*
*
visualise: True
DRAW
*
*
*
*
visualise: True
DRAW
*
*
*
*
visualise: True
DRAW
*
*
*
*
visualise: True
DRAW
*
*
*
*
visualise: True
DRAW
*
*
*
*
visualise: True
DRAW
*
*
*
*
visualise: True
DRAW
*
*
*
*
visualise: True
DRAW
*
*
*
*
visualise: True
DRAW
*
*
*
*
visualise: True
DRAW
*
*
*
*
visualise: True
DRAW
*
*
*
*
visualise: True
DRAW
*
*
*
*
visualise: True
DRAW
*
*
*
*
visualise: True
DRAW
*
*
*
*
visualise: True
DRAW
*
*
*
*
visualise: True
DRAW
*
*
*
*
visualise: True
DRAW
*
*
*
*
visualise: True
DRAW
*
*
*
*
visualise: True
DRAW
*
*
*
*
visualise: True
DRAW
*
*
*
*
visualise: True
DRAW
*
*
*
*
visualise: True
DRAW
*
*
*
*
visualise: True
DRAW
*
*
*
*
visualise: True
DRAW
*
*
*
*
visualise: True
DRAW
*
*
*
*
visualise: True
DRAW
*
*
*
*
visualise: True
DRAW
*
*
*
*
visualise: True
DRAW
*
*
*
*
visualise: True
DRAW
*
*
*
*
visualise: True
DRAW
*
*
*
*
visualise: True
DRAW
*
*
*
*
visualise: True
DRAW
*
*
*
*
visualise: True
DRAW
*
*
*
*
visualise: True
DRAW
*
*
*
*
visualise: True
DRAW
*
*
*
*
visualise: True
DRAW
*
*
*
*
visualise: True
DRAW
*
*
*
*
visualise: True
DRAW
*
*
*
*
visualise: True
DRAW
*
*
*
*
visualise: True
DRAW
*
*
*
*
visualise: True
DRAW
*
*
*
*
visualise: True
DRAW
*
*
*
*
visualise: True
DRAW
*
*
*
*
visualise: True
DRAW
*
*
*
*
visualise: True
DRAW
*
*
*
*
visualise: True
DRAW
*
*
*
*
visualise: True
DRAW
*
*
*
*
visualise: True
DRAW
*
*
*
*
visualise: True
DRAW
*
*
*
*
visualise: True
DRAW
*
*
*
*
visualise: True
DRAW
*
*
*
*
visualise: True
DRAW
*
*
*
*
visualise: True
DRAW
*
*
*
*
visualise: True
DRAW
*
*
*
*
visualise: True
DRAW
*
*
*
*
visualise: True
DRAW
*
*
*
*
visualise: True
DRAW
*
*
*
*
visualise: True
DRAW
*
*
*
*
visualise: True
DRAW
*
*
*
*
visualise: True
DRAW
*
*
*
*
visualise: True
DRAW
*
*
*
*
visualise: True
DRAW
*
*
*
*
visualise: True
DRAW
*
*
*
*
visualise: True
DRAW
*
*
*
*
visualise: True
DRAW
*
*
*
*
visualise: True
DRAW
*
*
*
*
visualise: True
DRAW
*
*
*
*
visualise: True
DRAW
*
*
*
*
visualise: True
DRAW
*
*
*
*
visualise: True
DRAW
*
*
*
*
visualise: True
DRAW
*
*
*
*
visualise: True
DRAW
*
*
*
*
visualise: True
DRAW
*
*
*
*
visualise: True
DRAW
*
*
*
*
visualise: True
DRAW
*
*
*
*
visualise: True
DRAW
*
*
*
*
visualise: True
DRAW
*
*
*
*
visualise: True
DRAW
*
*
*
*
visualise: True
DRAW
*
*
*
*
visualise: True
DRAW
*
*
*
*
visualise: True
DRAW
*
*
*
*
visualise: True
DRAW
*
*
*
*
visualise: True
DRAW
*
*
*
*
visualise: True
DRAW
*
*
*
*
visualise: True
DRAW
*
*
*
*
visualise: True
DRAW
*
*
*
*
visualise: True
DRAW
*
*
*
*
visualise: True
DRAW
*
*
*
*
visualise: True
DRAW
*
*
*
*
visualise: True
DRAW
*
*
*
*
visualise: True
DRAW
*
*
*
*
visualise: True
DRAW
*
*
*
*
visualise: True
DRAW
*
*
*
*
visualise: True
DRAW
*
*
*
*
visualise: True
DRAW
*
*
*
*
visualise: True
DRAW
*
*
*
*
visualise: True
DRAW
*
*
*
*
visualise: True
DRAW
*
*
*
*
visualise: True
DRAW
*
*
*
*
visualise: True
DRAW
*
*
*
*
visualise: True
DRAW
*
*
*
*
visualise: True
DRAW
*
*
*
*
visualise: True
DRAW
*
*
*
*
visualise: True
DRAW
*
*
*
*
visualise: True
DRAW
*
*
*
*
visualise: True
DRAW
*
*
*
*
visualise: True
DRAW
*
*
*
*
visualise: True
DRAW
*
*
*
*
visualise: True
DRAW
*
*
*
*
visualise: True
DRAW
*
*
*
*
visualise: True
DRAW
*
*
*
*
visualise: True
DRAW
*
*
*
*
visualise: True
DRAW
*
*
*
*
visualise: True
DRAW
*
*
*
*
visualise: True
DRAW
*
*
*
*
visualise: True
DRAW
*
*
*
*
visualise: True
DRAW
*
*
*
*
visualise: True
DRAW
*
*
*
*
visualise: True
DRAW
*
*
*
*
visualise: True
DRAW
*
*
*
*
visualise: True
DRAW
*
*
*
*
visualise: True
DRAW
*
*
*
*
visualise: True
DRAW
*
*
*
*
visualise: True
DRAW
*
*
*
*
visualise: True
DRAW
*
*
*
*
visualise: True
DRAW
*
*
*
*
visualise: True
DRAW
*
*
*
*
visualise: True
DRAW
*
*
*
*
visualise: True
DRAW
*
*
*
*
visualise: True
DRAW
*
*
*
*
visualise: True
DRAW
*
*
*
*
visualise: True
DRAW
*
*
*
*
visualise: True
DRAW
*
*
*
*
visualise: True
DRAW
*
*
*
*
visualise: True
DRAW
*
*
*
*
visualise: True
DRAW
*
*
*
*
visualise: True
DRAW
*
*
*
*
visualise: True
DRAW
*
*
*
*
visualise: True
DRAW
*
*
*
*
visualise: True
DRAW
*
*
*
*
visualise: True
DRAW
*
*
*
*
visualise: True
DRAW
*
*
*
*
visualise: True
DRAW
*
*
*
*
visualise: True
DRAW
*
*
*
*
visualise: True
DRAW
*
*
*
*
visualise: True
DRAW
*
*
*
*
visualise: True
DRAW
*
*
*
*
visualise: True
DRAW
*
*
*
*
visualise: True
DRAW
*
*
*
*
visualise: True
DRAW
*
*
*
*
visualise: True
DRAW
*
*
*
*
visualise: True
DRAW
*
*
*
*
visualise: True
DRAW
*
*
*
*
visualise: True
DRAW
*
*
*
*
visualise: True
DRAW
*
*
*
*
visualise: True
DRAW
*
*
*
*
visualise: True
DRAW
*
*
*
*
visualise: True
DRAW
*
*
*
*
visualise: True
DRAW
*
*
*
*
visualise: True
DRAW
*
*
*
*
visualise: True
DRAW
*
*
*
*
visualise: True
DRAW
*
*
*
*
visualise: True
DRAW
*
*
*
*
visualise: True
DRAW
*
*
*
*
visualise: True
DRAW
*
*
*
*
visualise: True
DRAW
*
*
*
*
visualise: True
DRAW
*
*
*
*
visualise: True
DRAW
*
*
*
*
visualise: True
DRAW
*
*
*
*
visualise: True
DRAW
*
*
*
*
visualise: True
DRAW
*
*
*
*
visualise: True
DRAW
*
*
*
*
visualise: True
DRAW
*
*
*
*
visualise: True
DRAW
*
*
*
*
visualise: True
DRAW
*
*
*
*
visualise: True
DRAW
*
*
*
*
visualise: True
DRAW
*
*
*
*
visualise: True
DRAW
*
*
*
*
visualise: True
DRAW
*
*
*
*
visualise: True
DRAW
*
*
*
*
visualise: True
DRAW
*
*
*
*
visualise: True
DRAW
*
*
*
*
visualise: True
DRAW
*
*
*
*
visualise: True
DRAW
*
*
*
*
visualise: True
DRAW
*
*
*
*
visualise: True
DRAW
*
*
*
*
visualise: True
DRAW
*
*
*
*
visualise: True
DRAW
*
*
*
*
visualise: True
DRAW
*
*
*
*
visualise: True
DRAW
*
*
*
*
visualise: True
DRAW
*
*
*
*
visualise: True
DRAW
*
*
*
*
visualise: True
DRAW
*
*
*
*
visualise: True
DRAW
*
*
*
*
visualise: True
DRAW
*
*
*
*
visualise: True
DRAW
*
*
*
*
visualise: True
DRAW
*
*
*
*
visualise: True
DRAW
*
*
*
*
visualise: True
DRAW
*
*
*
*
visualise: True
DRAW
*
*
*
*
visualise: True
DRAW
*
*
*
*
visualise: True
DRAW
*
*
*
*
visualise: True
DRAW
*
*
*
*
visualise: True
DRAW
*
*
*
*
visualise: True
DRAW
*
*
*
*
visualise: True
DRAW
*
*
*
*
visualise: True
DRAW
*
*
*
*
visualise: True
DRAW
*
*
*
*
visualise: True
DRAW
*
*
*
*
visualise: True
DRAW
*
*
*
*
visualise: True
DRAW
*
*
*
*
visualise: True
DRAW
*
*
*
*
visualise: True
DRAW
*
*
*
*
visualise: True
DRAW
*
*
*
*
visualise: True
DRAW
*
*
*
*
visualise: True
DRAW
*
*
*
*
visualise: True
DRAW
*
*
*
*
visualise: True
DRAW
*
*
*
*
visualise: True
DRAW
*
*
*
*
visualise: True
DRAW
*
*
*
*
visualise: True
DRAW
*
*
*
*
visualise: True
DRAW
*
*
*
*
visualise: True
DRAW
*
*
*
*
visualise: True
DRAW
*
*
*
*
visualise: True
DRAW
*
*
*
*
visualise: True
DRAW
*
*
*
*
visualise: True
DRAW
*
*
*
*
visualise: True
DRAW
*
*
*
*
visualise: True
DRAW
*
*
*
*
visualise: True
DRAW
*
*
*
*
visualise: True
DRAW
*
*
*
*
visualise: True
DRAW
*
*
*
*
visualise: True
DRAW
*
*
*
*
visualise: True
DRAW
*
*
*
*
visualise: True
DRAW
*
*
*
*
visualise: True
DRAW
*
*
*
*
visualise: True
DRAW
*
*
*
*
visualise: True
DRAW
*
*
*
*
visualise: True
DRAW
*
*
*
*
visualise: True
DRAW
*
*
*
*
visualise: True
DRAW
*
*
*
*
visualise: True
DRAW
*
*
*
*
visualise: True
DRAW
*
*
*
*
visualise: True
DRAW
*
*
*
*
visualise: True
DRAW
*
*
*
*
visualise: True
DRAW
*
*
*
*
visualise: True
DRAW
*
*
*
*
visualise: True
DRAW
*
*
*
*
visualise: True
DRAW
*
*
*
*
visualise: True
DRAW
*
*
*
*
visualise: True
DRAW
*
*
*
*
visualise: True
DRAW
*
*
*
*
visualise: True
DRAW
*
*
*
*
visualise: True
DRAW
*
*
*
*
visualise: True
DRAW
*
*
*
*
visualise: True
DRAW
*
*
*
*
visualise: True
DRAW
*
*
*
*
visualise: True
DRAW
*
*
*
*
visualise: True
DRAW
*
*
*
*
visualise: True
DRAW
*
*
*
*
visualise: True
DRAW
*
*
*
*
visualise: True
DRAW
*
*
*
*
visualise: True
DRAW
*
*
*
*
visualise: True
DRAW
*
*
*
*
visualise: True
DRAW
*
*
*
*
visualise: True
DRAW
*
*
*
*
visualise: True
DRAW
*
*
*
*
visualise: True
DRAW
*
*
*
*
visualise: True
DRAW
*
*
*
*
visualise: True
DRAW
*
*
*
*
visualise: True
DRAW
*
*
*
*
visualise: True
DRAW
*
*
*
*
visualise: True
DRAW
*
*
*
*
visualise: True
DRAW
*
*
*
*
visualise: True
DRAW
*
*
*
*
visualise: True
DRAW
*
*
*
*
visualise: True
DRAW
*
*
*
*
visualise: True
DRAW
*
*
*
*
visualise: True
DRAW
*
*
*
*
visualise: True
DRAW
*
*
*
*
visualise: True
DRAW
*
*
*
*
visualise: True
DRAW
*
*
*
*
visualise: True
DRAW
*
*
*
*
visualise: True
DRAW
*
*
*
*
visualise: True
DRAW
*
*
*
*
visualise: True
DRAW
*
*
*
*
visualise: True
DRAW
*
*
*
*
visualise: True
DRAW
*
*
*
*
visualise: True
DRAW
*
*
*
*
visualise: True
DRAW
*
*
*
*
visualise: True
DRAW
*
*
*
*
visualise: True
DRAW
*
*
*
*
visualise: True
DRAW
*
*
*
*
visualise: True
DRAW
*
*
*
*
visualise: True
DRAW
*
*
*
*
visualise: True
DRAW
*
*
*
*
visualise: True
DRAW
*
*
*
*
visualise: True
DRAW
*
*
*
*
visualise: True
DRAW
*
*
*
*
visualise: True
DRAW
*
*
*
*
visualise: True
DRAW
*
*
*
*
visualise: True
DRAW
*
*
*
*
visualise: True
DRAW
*
*
*
*
visualise: True
DRAW
*
*
*
*
visualise: True
DRAW
*
*
*
*
visualise: True
DRAW
*
*
*
*
visualise: True
DRAW
*
*
*
*
visualise: True
DRAW
*
*
*
*
visualise: True
DRAW
*
*
*
*
visualise: True
DRAW
*
*
*
*
visualise: True
DRAW
*
*
*
*
visualise: True
DRAW
*
*
*
*
visualise: True
DRAW
*
*
*
*
visualise: True
DRAW
*
*
*
*
visualise: True
DRAW
*
*
*
*
visualise: True
DRAW
*
*
*
*
visualise: True
DRAW
*
*
*
*
visualise: True
DRAW
*
*
*
*
visualise: True
DRAW
*
*
*
*
visualise: True
DRAW
*
*
*
*
visualise: True
DRAW
*
*
*
*
visualise: True
DRAW
*
*
*
*
visualise: True
DRAW
*
*
*
*
visualise: True
DRAW
*
*
*
*
visualise: True
DRAW
*
*
*
*
visualise: True
DRAW
*
*
*
*
visualise: True
DRAW
*
*
*
*
visualise: True
DRAW
*
*
*
*
visualise: True
DRAW
*
*
*
*
visualise: True
DRAW
*
*
*
*
visualise: True
DRAW
*
*
*
*
visualise: True
DRAW
*
*
*
*
visualise: True
DRAW
*
*
*
*
visualise: True
DRAW
*
*
*
*
visualise: True
DRAW
*
*
*
*
visualise: True
DRAW
*
*
*
*
visualise: True
DRAW
*
*
*
*
visualise: True
DRAW
*
*
*
*
visualise: True
DRAW
*
*
*
*
visualise: True
DRAW
*
*
*
*
visualise: True
DRAW
*
*
*
*
visualise: True
DRAW
*
*
*
*
visualise: True
DRAW
*
*
*
*
visualise: True
DRAW
*
*
*
*
visualise: True
DRAW
*
*
*
*
visualise: True
DRAW
*
*
*
*
visualise: True
DRAW
*
*
*
*
visualise: True
DRAW
*
*
*
*
visualise: True
DRAW
*
*
*
*
visualise: True
DRAW
*
*
*
*
visualise: True
DRAW
*
*
*
*
visualise: True
DRAW
*
*
*
*
visualise: True
DRAW
*
*
*
*
visualise: True
DRAW
*
*
*
*
visualise: True
DRAW
*
*
*
*
visualise: True
DRAW
*
*
*
*
visualise: True
DRAW
*
*
*
*
visualise: True
DRAW
*
*
*
*
visualise: True
DRAW
*
*
*
*
visualise: True
DRAW
*
*
*
*
visualise: True
DRAW
*
*
*
*
visualise: True
DRAW
*
*
*
*
visualise: True
DRAW
*
*
*
*
visualise: True
DRAW
*
*
*
*
visualise: True
DRAW
*
*
*
*
visualise: True
DRAW
*
*
*
*
visualise: True
DRAW
*
*
*
*
visualise: True
DRAW
*
*
*
*
visualise: True
DRAW
*
*
*
*
visualise: True
DRAW
*
*
*
*
visualise: True
DRAW
*
*
*
*
visualise: True
DRAW
*
*
*
*
visualise: True
DRAW
*
*
*
*
visualise: True
DRAW
*
*
*
*
visualise: True
DRAW
*
*
*
*
visualise: True
DRAW
*
*
*
*
visualise: True
DRAW
*
*
*
*
visualise: True
DRAW
*
*
*
*
visualise: True
DRAW
*
*
*
*
visualise: True
DRAW
*
*
*
*
visualise: True
DRAW
*
*
*
*
visualise: True
DRAW
*
*
*
*
visualise: True
DRAW
*
*
*
*
visualise: True
DRAW
*
*
*
*
visualise: True
DRAW
*
*
*
*
visualise: True
DRAW
*
*
*
*
visualise: True
DRAW
*
*
*
*
visualise: True
DRAW
*
*
*
*
visualise: True
DRAW
*
*
*
*
visualise: True
DRAW
*
*
*
*
visualise: True
DRAW
*
*
*
*
visualise: True
DRAW
*
*
*
*
visualise: True
DRAW
*
*
*
*
visualise: True
DRAW
*
*
*
*
visualise: True
DRAW
*
*
*
*
visualise: True
DRAW
*
*
*
*
visualise: True
DRAW
*
*
*
*
visualise: True
DRAW
*
*
*
*
visualise: True
DRAW
*
*
*
*
visualise: True
DRAW
*
*
*
*
visualise: True
DRAW
*
*
*
*
visualise: True
DRAW
*
*
*
*
visualise: True
DRAW
*
*
*
*
visualise: True
DRAW
*
*
*
*
visualise: True
DRAW
*
*
*
*
visualise: True
DRAW
*
*
*
*
visualise: True
DRAW
*
*
*
*
visualise: True
DRAW
*
*
*
*
visualise: True
DRAW
*
*
*
*
visualise: True
DRAW
*
*
*
*
visualise: True
DRAW
*
*
*
*
visualise: True
DRAW
*
*
*
*
visualise: True
DRAW
*
*
*
*
visualise: True
DRAW
*
*
*
*
visualise: True
DRAW
*
*
*
*
visualise: True
DRAW
*
*
*
*
visualise: True
DRAW
*
*
*
*
visualise: True
DRAW
*
*
*
*
visualise: True
DRAW
*
*
*
*
visualise: True
DRAW
*
*
*
*
visualise: True
DRAW
*
*
*
*
visualise: True
DRAW
*
*
*
*
visualise: True
DRAW
*
*
*
*
visualise: True
DRAW
*
*
*
*
visualise: True
DRAW
*
*
*
*
visualise: True
DRAW
*
*
*
*
visualise: True
DRAW
*
*
*
*
visualise: True
DRAW
*
*
*
*
visualise: True
DRAW
*
*
*
*
visualise: True
DRAW
*
*
*
*
visualise: True
DRAW
*
*
*
*
visualise: True
DRAW
*
*
*
*
visualise: True
DRAW
*
*
*
*
visualise: True
DRAW
*
*
*
*
visualise: True
DRAW
*
*
*
*
visualise: True
DRAW
*
*
*
*
visualise: True
DRAW
*
*
*
*
visualise: True
DRAW
*
*
*
*
visualise: True
DRAW
*
*
*
*
visualise: True
DRAW
*
*
*
*
visualise: True
DRAW
*
*
*
*
visualise: True
DRAW
*
*
*
*
visualise: True
DRAW
*
*
*
*
visualise: True
DRAW
*
*
*
*
visualise: True
DRAW
*
*
*
*
visualise: True
DRAW
*
*
*
*
visualise: True
DRAW
*
*
*
*
visualise: True
DRAW
*
*
*
*
visualise: True
DRAW
*
*
*
*
visualise: True
DRAW
*
*
*
*
visualise: True
DRAW
*
*
*
*
visualise: True
DRAW
*
*
*
*
visualise: True
DRAW
*
*
*
*
visualise: True
DRAW
*
*
*
*
visualise: True
DRAW
*
*
*
*
visualise: True
DRAW
*
*
*
*
visualise: True
DRAW
*
*
*
*
visualise: True
DRAW
*
*
*
*
visualise: True
DRAW
*
*
*
*
visualise: True
DRAW
*
*
*
*
visualise: True
DRAW
*
*
*
*
visualise: True
DRAW
*
*
*
*
visualise: True
DRAW
*
*
*
*
visualise: True
DRAW
*
*
*
*
visualise: True
DRAW
*
*
*
*
visualise: True
DRAW
*
*
*
*
visualise: True
DRAW
*
*
*
*
visualise: True
DRAW
*
*
*
*
visualise: True
DRAW
*
*
*
*
visualise: True
DRAW
*
*
*
*
visualise: True
DRAW
*
*
*
*
visualise: True
DRAW
*
*
*
*
visualise: True
DRAW
*
*
*
*
visualise: True
DRAW
*
*
*
*
visualise: True
DRAW
*
*
*
*
visualise: True
DRAW
*
*
*
*
visualise: True
DRAW
*
*
*
*
visualise: True
DRAW
*
*
*
*
visualise: True
DRAW
*
*
*
*
visualise: True
DRAW
*
*
*
*
visualise: True
DRAW
*
*
*
*
visualise: True
DRAW
*
*
*
*
visualise: True
DRAW
*
*
*
*
visualise: True
DRAW
*
*
*
*
visualise: True
DRAW
*
*
*
*
visualise: True
DRAW
*
*
*
*
visualise: True
DRAW
*
*
*
*
visualise: True
DRAW
*
*
*
*
visualise: True
DRAW
*
*
*
*
visualise: True
DRAW
*
*
*
*
visualise: True
DRAW
*
*
*
*
visualise: True
DRAW
*
*
*
*
visualise: True
DRAW
*
*
*
*
visualise: True
DRAW
*
*
*
*
visualise: True
DRAW
*
*
*
*
visualise: True
DRAW
*
*
*
*
visualise: True
DRAW
*
*
*
*
visualise: True
DRAW
*
*
*
*
visualise: True
DRAW
*
*
*
*
visualise: True
DRAW
*
*
*
*
visualise: True
DRAW
*
*
*
*
visualise: True
DRAW
*
*
*
*
visualise: True
DRAW
*
*
*
*
visualise: True
DRAW
*
*
*
*
visualise: True
DRAW
*
*
*
*
visualise: True
DRAW
*
*
*
*
visualise: True
DRAW
*
*
*
*
visualise: True
DRAW
*
*
*
*
visualise: True
DRAW
*
*
*
*
visualise: True
DRAW
*
*
*
*
visualise: True
DRAW
*
*
*
*
visualise: True
DRAW
*
*
*
*
visualise: True
DRAW
*
*
*
*
visualise: True
DRAW
*
*
*
*
visualise: True
DRAW
*
*
*
*
visualise: True
DRAW
*
*
*
*
visualise: True
DRAW
*
*
*
*
visualise: True
DRAW
*
*
*
*
visualise: True
DRAW
*
*
*
*
visualise: True
DRAW
*
*
*
*
visualise: True
DRAW
*
*
*
*
visualise: True
DRAW
*
*
*
*
visualise: True
DRAW
*
*
*
*
visualise: True
DRAW
*
*
*
*
visualise: True
DRAW
*
*
*
*
visualise: True
DRAW
*
*
*
*
visualise: True
DRAW
*
*
*
*
visualise: True
DRAW
*
*
*
*
visualise: True
DRAW
*
*
*
*
visualise: True
DRAW
*
*
*
*
visualise: True
DRAW
*
*
*
*
visualise: True
DRAW
*
*
*
*
visualise: True
DRAW
*
*
*
*
visualise: True
DRAW
*
*
*
*
visualise: True
DRAW
*
*
*
*
visualise: True
DRAW
*
*
*
*
visualise: True
DRAW
*
*
*
*
visualise: True
DRAW
*
*
*
*
visualise: True
DRAW
*
*
*
*
visualise: True
DRAW
*
*
*
*
visualise: True
DRAW
*
*
*
*
visualise: True
DRAW
*
*
*
*
visualise: True
DRAW
*
*
*
*
visualise: True
DRAW
*
*
*
*
visualise: True
DRAW
*
*
*
*
visualise: True
DRAW
*
*
*
*
visualise: True
DRAW
*
*
*
*
visualise: True
DRAW
*
*
*
*
visualise: True
DRAW
*
*
*
*
visualise: True
DRAW
*
*
*
*
visualise: True
DRAW
*
*
*
*
visualise: True
DRAW
*
*
*
*
visualise: True
DRAW
*
*
*
*
visualise: True
DRAW
*
*
*
*
visualise: True
DRAW
*
*
*
*
visualise: True
DRAW
*
*
*
*
visualise: True
DRAW
*
*
*
*
visualise: True
DRAW
*
*
*
*
visualise: True
DRAW
*
*
*
*
visualise: True
DRAW
*
*
*
*
visualise: True
DRAW
*
*
*
*
visualise: True
DRAW
*
*
*
*
visualise: True
DRAW
*
*
*
*
visualise: True
DRAW
*
*
*
*
visualise: True
DRAW
*
*
*
*
visualise: True
DRAW
*
*
*
*
visualise: True
DRAW
*
*
*
*
visualise: True
DRAW
*
*
*
*
visualise: True
DRAW
*
*
*
*
visualise: True
DRAW
*
*
*
*
visualise: True
DRAW
*
*
*
*
visualise: True
DRAW
*
*
*
*
visualise: True
DRAW
*
*
*
*
visualise: True
DRAW
*
*
*
*
visualise: True
DRAW
*
*
*
*
visualise: True
DRAW
*
*
*
*
visualise: True
DRAW
*
*
*
*
visualise: True
DRAW
*
*
*
*
visualise: True
DRAW
*
*
*
*
visualise: True
DRAW
*
*
*
*
visualise: True
DRAW
*
*
*
*
visualise: True
DRAW
*
*
*
*
visualise: True
DRAW
*
*
*
*
visualise: True
DRAW
*
*
*
*
visualise: True
DRAW
*
*
*
*
visualise: True
DRAW
*
*
*
*
visualise: True
DRAW
*
*
*
*
visualise: True
DRAW
*
*
*
*
visualise: True
DRAW
*
*
*
*
visualise: True
DRAW
*
*
*
*
visualise: True
DRAW
*
*
*
*
visualise: True
DRAW
*
*
*
*
visualise: True
DRAW
*
*
*
*
visualise: True
DRAW
*
*
*
*
visualise: True
DRAW
*
*
*
*
visualise: True
DRAW
*
*
*
*
visualise: True
DRAW
*
*
*
*
visualise: True
DRAW
*
*
*
*
visualise: True
DRAW
*
*
*
*
visualise: True
DRAW
*
*
*
*
visualise: True
DRAW
*
*
*
*
visualise: True
DRAW
*
*
*
*
visualise: True
DRAW
*
*
*
*
visualise: True
DRAW
*
*
*
*
visualise: True
DRAW
*
*
*
*
visualise: True
DRAW
*
*
*
*
visualise: True
DRAW
*
*
*
*
visualise: True
DRAW
*
*
*
*
visualise: True
DRAW
*
*
*
*
visualise: True
DRAW
*
*
*
*
visualise: True
DRAW
*
*
*
*
visualise: True
DRAW
*
*
*
*
visualise: True
DRAW
*
*
*
*
visualise: True
DRAW
*
*
*
*
visualise: True
DRAW
*
*
*
*
visualise: True
DRAW
*
*
*
*
visualise: True
DRAW
*
*
*
*
visualise: True
DRAW
*
*
*
*
visualise: True
DRAW
*
*
*
*
visualise: True
DRAW
*
*
*
*
visualise: True
DRAW
*
*
*
*
visualise: True
DRAW
*
*
*
*
visualise: True
DRAW
*
*
*
*
visualise: True
DRAW
*
*
*
*
visualise: True
DRAW
*
*
*
*
visualise: True
DRAW
*
*
*
*
visualise: True
DRAW
*
*
*
*
visualise: True
DRAW
*
*
*
*
visualise: True
DRAW
*
*
*
*
visualise: True
DRAW
*
*
*
*
visualise: True
DRAW
*
*
*
*
visualise: True
DRAW
*
*
*
*
visualise: True
DRAW
*
*
*
*
visualise: True
DRAW
*
*
*
*
visualise: True
DRAW
*
*
*
*
visualise: True
DRAW
*
*
*
*
visualise: True
DRAW
*
*
*
*
visualise: True
DRAW
*
*
*
*
visualise: True
DRAW
*
*
*
*
visualise: True
DRAW
*
*
*
*
visualise: True
DRAW
*
*
*
*
visualise: True
DRAW
*
*
*
*
visualise: True
DRAW
*
*
*
*
visualise: True
DRAW
*
*
*
*
visualise: True
DRAW
*
*
*
*
visualise: True
DRAW
*
*
*
*
visualise: True
DRAW
*
*
*
*
visualise: True
DRAW
*
*
*
*
visualise: True
DRAW
*
*
*
*
visualise: True
DRAW
*
*
*
*
visualise: True
DRAW
*
*
*
*
visualise: True
DRAW
*
*
*
*
visualise: True
DRAW
*
*
*
*
visualise: True
DRAW
*
*
*
*
visualise: True
DRAW
*
*
*
*
visualise: True
DRAW
*
*
*
*
visualise: True
DRAW
*
*
*
*
visualise: True
DRAW
*
*
*
*
visualise: True
DRAW
*
*
*
*
visualise: True
DRAW
*
*
*
*
visualise: True
DRAW
*
*
*
*
visualise: True
DRAW
*
*
*
*
visualise: True
DRAW
*
*
*
*
visualise: True
DRAW
*
*
*
*
visualise: True
DRAW
*
*
*
*
visualise: True
DRAW
*
*
*
*
visualise: True
DRAW
*
*
*
*
visualise: True
DRAW
*
*
*
*
visualise: True
DRAW
*
*
*
*
visualise: True
DRAW
*
*
*
*
visualise: True
DRAW
*
*
*
*
visualise: True
DRAW
*
*
*
*
visualise: True
DRAW
*
*
*
*
visualise: True
DRAW
*
*
*
*
visualise: True
DRAW
*
*
*
*
visualise: True
DRAW
*
*
*
*
visualise: True
DRAW
*
*
*
*
visualise: True
DRAW
*
*
*
*
visualise: True
DRAW
*
*
*
*
visualise: True
DRAW
*
*
*
*
visualise: True
DRAW
*
*
*
*
visualise: True
DRAW
*
*
*
*
visualise: True
DRAW
*
*
*
*
visualise: True
DRAW
*
*
*
*
visualise: True
DRAW
*
*
*
*
visualise: True
DRAW
*
*
*
*
visualise: True
DRAW
*
*
*
*
visualise: True
DRAW
*
*
*
*
visualise: True
DRAW
*
*
*
*
visualise: True
DRAW
*
*
*
*
visualise: True
DRAW
*
*
*
*
visualise: True
DRAW
*
*
*
*
visualise: True
DRAW
*
*
*
*
visualise: True
DRAW
*
*
*
*
visualise: True
DRAW
*
*
*
*
visualise: True
DRAW
*
*
*
*
visualise: True
DRAW
*
*
*
*
visualise: True
DRAW
*
*
*
*
visualise: True
DRAW
*
*
*
*
visualise: True
DRAW
*
*
*
*
visualise: True
DRAW
*
*
*
*
visualise: True
DRAW
*
*
*
*
visualise: True
DRAW
*
*
*
*
visualise: True
DRAW
*
*
*
*
visualise: True
DRAW
*
*
*
*
visualise: True
DRAW
*
*
*
*
visualise: True
DRAW
*
*
*
*
visualise: True
DRAW
*
*
*
*
visualise: True
DRAW
*
*
*
*
visualise: True
DRAW
*
*
*
*
visualise: True
DRAW
*
*
*
*
visualise: True
DRAW
*
*
*
*
visualise: True
DRAW
*
*
*
*
visualise: True
DRAW
*
*
*
*
visualise: True
DRAW
*
*
*
*
visualise: True
DRAW
*
*
*
*
visualise: True
DRAW
*
*
*
*
visualise: True
DRAW
*
*
*
*
visualise: True
DRAW
*
*
*
*
visualise: True
DRAW
*
*
*
*
visualise: True
DRAW
*
*
*
*
visualise: True
DRAW
*
*
*
*
visualise: True
DRAW
*
*
*
*
visualise: True
DRAW
*
*
*
*
visualise: True
DRAW
*
*
*
*
visualise: True
DRAW
*
*
*
*
visualise: True
DRAW
*
*
*
*
visualise: True
DRAW
*
*
*
*
visualise: True
DRAW
*
*
*
*
visualise: True
DRAW
*
*
*
*
visualise: True
DRAW
*
*
*
*
visualise: True
DRAW
*
*
*
*
visualise: True
DRAW
*
*
*
*
visualise: True
DRAW
*
*
*
*
visualise: True
DRAW
*
*
*
*
visualise: True
DRAW
*
*
*
*
visualise: True
DRAW
*
*
*
*
visualise: True
DRAW
*
*
*
*
visualise: True
DRAW
*
*
*
*
visualise: True
DRAW
*
*
*
*
visualise: True
DRAW
*
*
*
*
visualise: True
DRAW
*
*
*
*
visualise: True
DRAW
*
*
*
*
visualise: True
DRAW
*
*
*
*
visualise: True
DRAW
*
*
*
*
visualise: True
DRAW
*
*
*
*
visualise: True
DRAW
*
*
*
*
visualise: True
DRAW
*
*
*
*
visualise: True
DRAW
*
*
*
*
visualise: True
DRAW
*
*
*
*
visualise: True
DRAW
*
*
*
*
visualise: True
DRAW
*
*
*
*
visualise: True
DRAW
*
*
*
*
visualise: True
DRAW
*
*
*
*
visualise: True
DRAW
*
*
*
*
visualise: True
DRAW
*
*
*
*
visualise: True
DRAW
*
*
*
*
visualise: True
DRAW
*
*
*
*
visualise: True
DRAW
*
*
*
*
visualise: True
DRAW
*
*
*
*
visualise: True
DRAW
*
*
*
*
visualise: True
DRAW
*
*
*
*
visualise: True
DRAW
*
*
*
*
visualise: True
DRAW
*
*
*
*
visualise: True
DRAW
*
*
*
*
visualise: True
DRAW
*
*
*
*
visualise: True
DRAW
*
*
*
*
visualise: True
DRAW
*
*
*
*
visualise: True
DRAW
*
*
*
*
visualise: True
DRAW
*
*
*
*
visualise: True
DRAW
*
*
*
*
visualise: True
DRAW
*
*
*
*
visualise: True
DRAW
*
*
*
*
visualise: True
DRAW
*
*
*
*
visualise: True
DRAW
*
*
*
*
visualise: True
DRAW
*
*
*
*
visualise: True
DRAW
*
*
*
*
visualise: True
DRAW
*
*
*
*
visualise: True
DRAW
*
*
*
*
visualise: True
DRAW
*
*
*
*
visualise: True
DRAW
*
*
*
*
visualise: True
DRAW
*
*
*
*
visualise: True
DRAW
*
*
*
*
visualise: True
DRAW
*
*
*
*
visualise: True
DRAW
*
*
*
*
visualise: True
DRAW
*
*
*
*
visualise: True
DRAW
*
*
*
*
visualise: True
DRAW
*
*
*
*
visualise: True
DRAW
*
*
*
*
visualise: True
DRAW
*
*
*
*
visualise: True
DRAW
*
*
*
*
visualise: True
DRAW
*
*
*
*
visualise: True
DRAW
*
*
*
*
visualise: True
DRAW
*
*
*
*
visualise: True
DRAW
*
*
*
*
visualise: True
DRAW
*
*
*
*
visualise: True
DRAW
*
*
*
*
visualise: True
DRAW
*
*
*
*
visualise: True
DRAW
*
*
*
*
visualise: True
DRAW
*
*
*
*
visualise: True
DRAW
*
*
*
*
visualise: True
DRAW
*
*
*
*
visualise: True
DRAW
*
*
*
*
visualise: True
DRAW
*
*
*
*
visualise: True
DRAW
*
*
*
*
visualise: True
DRAW
*
*
*
*
visualise: True
DRAW
*
*
*
*
visualise: True
DRAW
*
*
*
*
visualise: True
DRAW
*
*
*
*
visualise: True
DRAW
*
*
*
*
visualise: True
DRAW
*
*
*
*
visualise: True
DRAW
*
*
*
*
visualise: True
DRAW
*
*
*
*
visualise: True
DRAW
*
*
*
*
visualise: True
DRAW
*
*
*
*
visualise: True
DRAW
*
*
*
*
visualise: True
DRAW
*
*
*
*
visualise: True
DRAW
*
*
*
*
visualise: True
DRAW
*
*
*
*
visualise: True
DRAW
*
*
*
*
visualise: True
DRAW
*
*
*
*
visualise: True
DRAW
*
*
*
*
visualise: True
DRAW
*
*
*
*
visualise: True
DRAW
*
*
*
*
visualise: True
DRAW
*
*
*
*
visualise: True
DRAW
*
*
*
*
visualise: True
DRAW
*
*
*
*
visualise: True
DRAW
*
*
*
*
visualise: True
DRAW
*
*
*
*
visualise: True
DRAW
*
*
*
*
visualise: True
DRAW
*
*
*
*
visualise: True
DRAW
*
*
*
*
visualise: True
DRAW
*
*
*
*
visualise: True
DRAW
*
*
*
*
visualise: True
DRAW
*
*
*
*
visualise: True
DRAW
*
*
*
*
visualise: True
DRAW
*
*
*
*
visualise: True
DRAW
*
*
*
*
visualise: True
DRAW
*
*
*
*
visualise: True
DRAW
*
*
*
*
visualise: True
DRAW
*
*
*
*
visualise: True
DRAW
*
*
*
*
visualise: True
DRAW
*
*
*
*
visualise: True
DRAW
*
*
*
*
visualise: True
DRAW
*
*
*
*
visualise: True
DRAW
*
*
*
*
visualise: True
DRAW
*
*
*
*
visualise: True
DRAW
*
*
*
*
visualise: True
DRAW
*
*
*
*
visualise: True
DRAW
*
*
*
*
visualise: True
DRAW
*
*
*
*
visualise: True
DRAW
*
*
*
*
visualise: True
DRAW
*
*
*
*
visualise: True
DRAW
*
*
*
*
visualise: True
DRAW
*
*
*
*
visualise: True
DRAW
*
*
*
*
visualise: True
DRAW
*
*
*
*
visualise: True
DRAW
*
*
*
*
visualise: True
DRAW
*
*
*
*
visualise: True
DRAW
*
*
*
*
visualise: True
DRAW
*
*
*
*
visualise: True
DRAW
*
*
*
*
visualise: True
DRAW
*
*
*
*
visualise: True
DRAW
*
*
*
*
visualise: True
DRAW
*
*
*
*
visualise: True
DRAW
*
*
*
*
visualise: True
DRAW
*
*
*
*
visualise: True
DRAW
*
*
*
*
visualise: True
DRAW
*
*
*
*
visualise: True
DRAW
*
*
*
*
visualise: True
DRAW
*
*
*
*
visualise: True
DRAW
*
*
*
*
visualise: True
DRAW
*
*
*
*
visualise: True
DRAW
*
*
*
*
visualise: True
DRAW
*
*
*
*
visualise: True
DRAW
*
*
*
*
visualise: True
DRAW
*
*
*
*
visualise: True
DRAW
*
*
*
*
visualise: True
DRAW
*
*
*
*
visualise: True
DRAW
*
*
*
*
visualise: True
DRAW
*
*
*
*
visualise: True
DRAW
*
*
*
*
visualise: True
DRAW
*
*
*
*
visualise: True
DRAW
*
*
*
*
visualise: True
DRAW
*
*
*
*
visualise: True
DRAW
*
*
*
*
visualise: True
DRAW
*
*
*
*
visualise: True
DRAW
*
*
*
*
visualise: True
DRAW
*
*
*
*
visualise: True
DRAW
*
*
*
*
visualise: True
DRAW
*
*
*
*
visualise: True
DRAW
*
*
*
*
visualise: True
DRAW
*
*
*
*
visualise: True
DRAW
*
*
*
*
visualise: True
DRAW
*
*
*
*
visualise: True
DRAW
*
*
*
*
visualise: True
DRAW
*
*
*
*
visualise: True
DRAW
*
*
*
*
visualise: True
DRAW
*
*
*
*
visualise: True
DRAW
*
*
*
*
visualise: True
DRAW
*
*
*
*
visualise: True
DRAW
*
*
*
*
visualise: True
DRAW
*
*
*
*
visualise: True
DRAW
*
*
*
*
visualise: True
DRAW
*
*
*
*
visualise: True
DRAW
*
*
*
*
visualise: True
DRAW
*
*
*
*
visualise: True
DRAW
*
*
*
*
visualise: True
DRAW
*
*
*
*
visualise: True
DRAW
*
*
*
*
visualise: True
DRAW
*
*
*
*
visualise: True
DRAW
*
*
*
*
visualise: True
DRAW
*
*
*
*
visualise: True
DRAW
*
*
*
*
visualise: True
DRAW
*
*
*
*
visualise: True
DRAW
*
*
*
*
visualise: True
DRAW
*
*
*
*
visualise: True
DRAW
*
*
*
*
visualise: True
DRAW
*
*
*
*
visualise: True
DRAW
*
*
*
*
visualise: True
DRAW
*
*
*
*
visualise: True
DRAW
*
*
*
*
visualise: True
DRAW
*
*
*
*
visualise: True
DRAW
*
*
*
*
visualise: True
DRAW
*
*
*
*
visualise: True
DRAW
*
*
*
*
visualise: True
DRAW
*
*
*
*
visualise: True
DRAW
*
*
*
*
visualise: True
DRAW
*
*
*
*
visualise: True
DRAW
*
*
*
*
visualise: True
DRAW
*
*
*
*
visualise: True
DRAW
*
*
*
*
visualise: True
DRAW
*
*
*
*
visualise: True
DRAW
*
*
*
*
visualise: True
DRAW
*
*
*
*
visualise: True
DRAW
*
*
*
*
visualise: True
DRAW
*
*
*
*
visualise: True
DRAW
*
*
*
*
visualise: True
DRAW
*
*
*
*
visualise: True
DRAW
*
*
*
*
visualise: True
DRAW
*
*
*
*
visualise: True
DRAW
*
*
*
*
visualise: True
DRAW
*
*
*
*
visualise: True
DRAW
*
*
*
*
visualise: True
DRAW
*
*
*
*
visualise: True
DRAW
*
*
*
*
visualise: True
DRAW
*
*
*
*
visualise: True
DRAW
*
*
*
*
visualise: True
DRAW
*
*
*
*
visualise: True
DRAW
*
*
*
*
visualise: True
DRAW
*
*
*
*
visualise: True
DRAW
*
*
*
*
visualise: True
DRAW
*
*
*
*
visualise: True
DRAW
*
*
*
*
visualise: True
DRAW
*
*
*
*
visualise: True
DRAW
*
*
*
*
visualise: True
DRAW
*
*
*
*
visualise: True
DRAW
*
*
*
*
visualise: True
DRAW
*
*
*
*
visualise: True
DRAW
*
*
*
*
visualise: True
DRAW
*
*
*
*
visualise: True
DRAW
*
*
*
*
visualise: True
DRAW
*
*
*
*
visualise: True
DRAW
*
*
*
*
visualise: True
DRAW
*
*
*
*
visualise: True
DRAW
*
*
*
*
visualise: True
DRAW
*
*
*
*
visualise: True
DRAW
*
*
*
*
visualise: True
DRAW
*
*
*
*
visualise: True
DRAW
*
*
*
*
visualise: True
DRAW
*
*
*
*
visualise: True
DRAW
*
*
*
*
visualise: True
DRAW
*
*
*
*
visualise: True
DRAW
*
*
*
*
visualise: True
DRAW
*
*
*
*
visualise: True
DRAW
*
*
*
*
visualise: True
DRAW
*
*
*
*
visualise: True
DRAW
*
*
*
*
visualise: True
DRAW
*
*
*
*
visualise: True
DRAW
*
*
*
*
visualise: True
DRAW
*
*
*
*
visualise: True
DRAW
*
*
*
*
visualise: True
DRAW
*
*
*
*
visualise: True
DRAW
*
*
*
*
visualise: True
DRAW
*
*
*
*
visualise: True
DRAW
*
*
*
*
visualise: True
DRAW
*
*
*
*
visualise: True
DRAW
*
*
*
*
visualise: True
DRAW
*
*
*
*
visualise: True
DRAW
*
*
*
*
visualise: True
DRAW
*
*
*
*
visualise: True
DRAW
*
*
*
*
visualise: True
DRAW
*
*
*
*
visualise: True
DRAW
*
*
*
*
visualise: True
DRAW
*
*
*
*
visualise: True
DRAW
*
*
*
*
visualise: True
DRAW
*
*
*
*
visualise: True
DRAW
*
*
*
*
visualise: True
DRAW
*
*
*
*
visualise: True
DRAW
*
*
*
*
visualise: True
DRAW
*
*
*
*
visualise: True
DRAW
*
*
*
*
visualise: True
DRAW
*
*
*
*
visualise: True
DRAW
*
*
*
*
visualise: True
DRAW
*
*
*
*
visualise: True
DRAW
*
*
*
*
visualise: True
DRAW
*
*
*
*
visualise: True
DRAW
*
*
*
*
visualise: True
DRAW
*
*
*
*
visualise: True
DRAW
*
*
*
*
visualise: True
DRAW
*
*
*
*
visualise: True
DRAW
*
*
*
*
visualise: True
DRAW
*
*
*
*
visualise: True
DRAW
*
*
*
*
visualise: True
DRAW
*
*
*
*
visualise: True
DRAW
*
*
*
*
visualise: True
DRAW
*
*
*
*
visualise: True
DRAW
*
*
*
*
visualise: True
DRAW
*
*
*
*
visualise: True
DRAW
*
*
*
*
visualise: True
DRAW
*
*
*
*
visualise: True
DRAW
*
*
*
*
visualise: True
DRAW
*
*
*
*
visualise: True
DRAW
*
*
*
*
visualise: True
DRAW
*
*
*
*
visualise: True
DRAW
*
*
*
*
visualise: True
DRAW
*
*
*
*
visualise: True
DRAW
*
*
*
*
visualise: True
DRAW
*
*
*
*
visualise: True
DRAW
*
*
*
*
visualise: True
DRAW
*
*
*
*
visualise: True
DRAW
*
*
*
*
visualise: True
DRAW
*
*
*
*
visualise: True
DRAW
*
*
*
*
visualise: True
DRAW
*
*
*
*
visualise: True
DRAW
*
*
*
*
visualise: True
DRAW
*
*
*
*
visualise: True
DRAW
*
*
*
*
visualise: True
DRAW
*
*
*
*
visualise: True
DRAW
*
*
*
*
visualise: True
DRAW
*
*
*
*
visualise: True
DRAW
*
*
*
*
visualise: True
DRAW
*
*
*
*
visualise: True
DRAW
*
*
*
*
visualise: True
DRAW
*
*
*
*
visualise: True
DRAW
*
*
*
*
visualise: True
DRAW
*
*
*
*
visualise: True
DRAW
*
*
*
*
visualise: True
DRAW
*
*
*
*
visualise: True
DRAW
*
*
*
*
visualise: True
DRAW
*
*
*
*
visualise: True
DRAW
*
*
*
*
visualise: True
DRAW
*
*
*
*
visualise: True
DRAW
*
*
*
*
visualise: True
DRAW
*
*
*
*
visualise: True
DRAW
*
*
*
*
visualise: True
DRAW
*
*
*
*
visualise: True
DRAW
*
*
*
*
visualise: True
DRAW
*
*
*
*
visualise: True
DRAW
*
*
*
*
visualise: True
DRAW
*
*
*
*
visualise: True
DRAW
*
*
*
*
visualise: True
DRAW
*
*
*
*
visualise: True
DRAW
*
*
*
*
visualise: True
DRAW
*
*
*
*
visualise: True
DRAW
*
*
*
*
visualise: True
DRAW
*
*
*
*
visualise: True
DRAW
*
*
*
*
visualise: True
DRAW
*
*
*
*
visualise: True
DRAW
*
*
*
*
visualise: True
DRAW
*
*
*
*
visualise: True
DRAW
*
*
*
*
visualise: True
DRAW
*
*
*
*
visualise: True
DRAW
*
*
*
*
visualise: True
DRAW
*
*
*
*
visualise: True
DRAW
*
*
*
*
visualise: True
DRAW
*
*
*
*
visualise: True
DRAW
*
*
*
*
visualise: True
DRAW
*
*
*
*
visualise: True
DRAW
*
*
*
*
visualise: True
DRAW
*
*
*
*
visualise: True
DRAW
*
*
*
*
visualise: True
DRAW
*
*
*
*
visualise: True
DRAW
*
*
*
*
visualise: True
DRAW
*
*
*
*
visualise: True
DRAW
*
*
*
*
visualise: True
DRAW
*
*
*
*
visualise: True
DRAW
*
*
*
*
visualise: True
DRAW
*
*
*
*
visualise: True
DRAW
*
*
*
*
visualise: True
DRAW
*
*
*
*
visualise: True
DRAW
*
*
*
*
visualise: True
DRAW
*
*
*
*
visualise: True
DRAW
*
*
*
*
visualise: True
DRAW
*
*
*
*
visualise: True
DRAW
*
*
*
*
visualise: True
DRAW
*
*
*
*
visualise: True
DRAW
*
*
*
*
visualise: True
DRAW
*
*
*
*
visualise: True
DRAW
*
*
*
*
visualise: True
DRAW
*
*
*
*
visualise: True
DRAW
*
*
*
*
visualise: True
DRAW
*
*
*
*
visualise: True
DRAW
*
*
*
*
visualise: True
DRAW
*
*
*
*
visualise: True
DRAW
*
*
*
*
visualise: True
DRAW
*
*
*
*
visualise: True
DRAW
*
*
*
*
visualise: True
DRAW
*
*
*
*
visualise: True
DRAW
*
*
*
*
visualise: True
DRAW
*
*
*
*
visualise: True
DRAW
*
*
*
*
visualise: True
DRAW
*
*
*
*
visualise: True
DRAW
*
*
*
*
visualise: True
DRAW
*
*
*
*
visualise: True
DRAW
*
*
*
*
visualise: True
DRAW
*
*
*
*
visualise: True
DRAW
*
*
*
*
visualise: True
DRAW
*
*
*
*
visualise: True
DRAW
*
*
*
*
visualise: True
DRAW
*
*
*
*
visualise: True
DRAW
*
*
*
*
visualise: True
DRAW
*
*
*
*
visualise: True
DRAW
*
*
*
*
visualise: True
DRAW
*
*
*
*
visualise: True
DRAW
*
*
*
*
visualise: True
DRAW
*
*
*
*
visualise: True
DRAW
*
*
*
*
visualise: True
DRAW
*
*
*
*
visualise: True
DRAW
*
*
*
*
visualise: True
DRAW
*
*
*
*
visualise: True
DRAW
*
*
*
*
visualise: True
DRAW
*
*
*
*
visualise: True
DRAW
*
*
*
*
visualise: True
DRAW
*
*
*
*
visualise: True
DRAW
*
*
*
*
visualise: True
DRAW
*
*
*
*
visualise: True
DRAW
*
*
*
*
visualise: True
DRAW
*
*
*
*
visualise: True
DRAW
*
*
*
*
visualise: True
DRAW
*
*
*
*
visualise: True
DRAW
*
*
*
*
visualise: True
DRAW
*
*
*
*
visualise: True
DRAW
*
*
*
*
visualise: True
DRAW
*
*
*
*
visualise: True
DRAW
*
*
*
*
visualise: True
DRAW
*
*
*
*
visualise: True
DRAW
*
*
*
*
visualise: True
DRAW
*
*
*
*
visualise: True
DRAW
*
*
*
*
visualise: True
DRAW
*
*
*
*
visualise: True
DRAW
*
*
*
*
visualise: True
DRAW
*
*
*
*
visualise: True
DRAW
*
*
*
*
visualise: True
DRAW
*
*
*
*
visualise: True
DRAW
*
*
*
*
visualise: True
DRAW
*
*
*
*
visualise: True
DRAW
*
*
*
*
visualise: True
DRAW
*
*
*
*
visualise: True
DRAW
*
*
*
*
visualise: True
DRAW
*
*
*
*
visualise: True
DRAW
*
*
*
*
visualise: True
DRAW
*
*
*
*
visualise: True
DRAW
*
*
*
*
visualise: True
DRAW
*
*
*
*
visualise: True
DRAW
*
*
*
*
visualise: True
DRAW
*
*
*
*
visualise: True
DRAW
*
*
*
*
visualise: True
DRAW
*
*
*
*
visualise: True
DRAW
*
*
*
*
visualise: True
DRAW
*
*
*
*
visualise: True
DRAW
*
*
*
*
visualise: True
DRAW
*
*
*
*
visualise: True
DRAW
*
*
*
*
visualise: True
DRAW
*
*
*
*
visualise: True
DRAW
*
*
*
*
visualise: True
DRAW
*
*
*
*
visualise: True
DRAW
*
*
*
*
visualise: True
DRAW
*
*
*
*
visualise: True
DRAW
*
*
*
*
visualise: True
DRAW
*
*
*
*
visualise: True
DRAW
*
*
*
*
visualise: True
DRAW
*
*
*
*
visualise: True
DRAW
*
*
*
*
visualise: True
DRAW
*
*
*
*
visualise: True
DRAW
*
*
*
*
visualise: True
DRAW
*
*
*
*
visualise: True
DRAW
*
*
*
*
visualise: True
DRAW
*
*
*
*
visualise: True
DRAW
*
*
*
*
visualise: True
DRAW
*
*
*
*
visualise: True
DRAW
*
*
*
*
visualise: True
DRAW
*
*
*
*
visualise: True
DRAW
*
*
*
*
visualise: True
DRAW
*
*
*
*
visualise: True
DRAW
*
*
*
*
visualise: True
DRAW
*
*
*
*
visualise: True
DRAW
*
*
*
*
visualise: True
DRAW
*
*
*
*
visualise: True
DRAW
*
*
*
*
visualise: True
DRAW
*
*
*
*
visualise: True
DRAW
*
*
*
*
visualise: True
DRAW
*
*
*
*
visualise: True
DRAW
*
*
*
*
visualise: True
DRAW
*
*
*
*
visualise: True
DRAW
*
*
*
*
visualise: True
DRAW
*
*
*
*
visualise: True
DRAW
*
*
*
*
visualise: True
DRAW
*
*
*
*
visualise: True
DRAW
*
*
*
*
visualise: True
DRAW
*
*
*
*
visualise: True
DRAW
*
*
*
*
visualise: True
DRAW
*
*
*
*
visualise: True
DRAW
*
*
*
*
visualise: True
DRAW
*
*
*
*
visualise: True
DRAW
*
*
*
*
visualise: True
DRAW
*
*
*
*
visualise: True
DRAW
*
*
*
*
visualise: True
DRAW
*
*
*
*
visualise: True
DRAW
*
*
*
*
visualise: True
DRAW
*
*
*
*
visualise: True
DRAW
*
*
*
*
visualise: True
DRAW
*
*
*
*
visualise: True
DRAW
*
*
*
*
visualise: True
DRAW
*
*
*
*
visualise: True
DRAW
*
*
*
*
visualise: True
DRAW
*
*
*
*
visualise: True
DRAW
*
*
*
*
visualise: True
DRAW
*
*
*
*
visualise: True
DRAW
*
*
*
*
visualise: True
DRAW
*
*
*
*
visualise: True
DRAW
*
*
*
*
visualise: True
DRAW
*
*
*
*
visualise: True
DRAW
*
*
*
*
visualise: True
DRAW
*
*
*
*
visualise: True
DRAW
*
*
*
*
visualise: True
DRAW
*
*
*
*
visualise: True
DRAW
*
*
*
*
visualise: True
DRAW
*
*
*
*
visualise: True
DRAW
*
*
*
*
visualise: True
DRAW
*
*
*
*
visualise: True
DRAW
*
*
*
*
visualise: True
DRAW
*
*
*
*
visualise: True
DRAW
*
*
*
*
visualise: True
DRAW
*
*
*
*
visualise: True
DRAW
*
*
*
*
visualise: True
DRAW
*
*
*
*
visualise: True
DRAW
*
*
*
*
visualise: True
DRAW
*
*
*
*
visualise: True
DRAW
*
*
*
*
visualise: True
DRAW
*
*
*
*
visualise: True
DRAW
*
*
*
*
visualise: True
DRAW
*
*
*
*
visualise: True
DRAW
*
*
*
*
visualise: True
DRAW
*
*
*
*
visualise: True
DRAW
*
*
*
*
visualise: True
DRAW
*
*
*
*
visualise: True
DRAW
*
*
*
*
visualise: True
DRAW
*
*
*
*
visualise: True
DRAW
*
*
*
*
visualise: True
DRAW
*
*
*
*
visualise: True
DRAW
*
*
*
*
visualise: True
DRAW
*
*
*
*
visualise: True
DRAW
*
*
*
*
visualise: True
DRAW
*
*
*
*
visualise: True
DRAW
*
*
*
*
visualise: True
DRAW
*
*
*
*
visualise: True
DRAW
*
*
*
*
visualise: True
DRAW
*
*
*
*
visualise: True
DRAW
*
*
*
*
visualise: True
DRAW
*
*
*
*
visualise: True
DRAW
*
*
*
*
visualise: True
DRAW
*
*
*
*
visualise: True
DRAW
*
*
*
*
visualise: True
DRAW
*
*
*
*
visualise: True
DRAW
*
*
*
*
visualise: True
DRAW
*
*
*
*
visualise: True
DRAW
*
*
*
*
visualise: True
DRAW
*
*
*
*
visualise: True
DRAW
*
*
*
*
visualise: True
DRAW
*
*
*
*
visualise: True
DRAW
*
*
*
*
visualise: True
DRAW
*
*
*
*
visualise: True
DRAW
*
*
*
*
visualise: True
DRAW
*
*
*
*
visualise: True
DRAW
*
*
*
*
visualise: True
DRAW
*
*
*
*
visualise: True
DRAW
*
*
*
*
visualise: True
DRAW
*
*
*
*
visualise: True
DRAW
*
*
*
*
visualise: True
DRAW
*
*
*
*
visualise: True
DRAW
*
*
*
*
visualise: True
DRAW
*
*
*
*
visualise: True
DRAW
*
*
*
*
visualise: True
DRAW
*
*
*
*
visualise: True
DRAW
*
*
*
*
visualise: True
DRAW
*
*
*
*
visualise: True
DRAW
*
*
*
*
visualise: True
DRAW
*
*
*
*
visualise: True
DRAW
*
*
*
*
visualise: True
DRAW
*
*
*
*
visualise: True
DRAW
*
*
*
*
visualise: True
DRAW
*
*
*
*
visualise: True
DRAW
*
*
*
*
visualise: True
DRAW
*
*
*
*
visualise: True
DRAW
*
*
*
*
visualise: True
DRAW
*
*
*
*
visualise: True
DRAW
*
*
*
*
visualise: True
DRAW
*
*
*
*
visualise: True
DRAW
*
*
*
*
visualise: True
DRAW
*
*
*
*
visualise: True
DRAW
*
*
*
*
visualise: True
DRAW
*
*
*
*
visualise: True
DRAW
*
*
*
*
visualise: True
DRAW
*
*
*
*
visualise: True
DRAW
*
*
*
*
visualise: True
DRAW
*
*
*
*
visualise: True
DRAW
*
*
*
*
visualise: True
DRAW
*
*
*
*
visualise: True
DRAW
*
*
*
*
visualise: True
DRAW
*
*
*
*
visualise: True
DRAW
*
*
*
*
visualise: True
DRAW
*
*
*
*
visualise: True
DRAW
*
*
*
*
visualise: True
DRAW
*
*
*
*
visualise: True
DRAW
*
*
*
*
visualise: True
DRAW
*
*
*
*
visualise: True
DRAW
*
*
*
*
visualise: True
DRAW
*
*
*
*
visualise: True
DRAW
*
*
*
*
visualise: True
DRAW
*
*
*
*
visualise: True
DRAW
*
*
*
*
visualise: True
DRAW
*
*
*
*
visualise: True
DRAW
*
*
*
*
visualise: True
DRAW
*
*
*
*
visualise: True
DRAW
*
*
*
*
visualise: True
DRAW
*
*
*
*
visualise: True
DRAW
*
*
*
*
visualise: True
DRAW
*
*
*
*
visualise: True
DRAW
*
*
*
*
visualise: True
DRAW
*
*
*
*
visualise: True
DRAW
*
*
*
*
visualise: True
DRAW
*
*
*
*
visualise: True
DRAW
*
*
*
*
visualise: True
DRAW
*
*
*
*
visualise: True
DRAW
*
*
*
*
visualise: True
DRAW
*
*
*
*
visualise: True
DRAW
*
*
*
*
visualise: True
DRAW
*
*
*
*
visualise: True
DRAW
*
*
*
*
visualise: True
DRAW
*
*
*
*
visualise: True
DRAW
*
*
*
*
visualise: True
DRAW
*
*
*
*
visualise: True
DRAW
*
*
*
*
visualise: True
DRAW
*
*
*
*
visualise: True
DRAW
*
*
*
*
visualise: True
DRAW
*
*
*
*
visualise: True
DRAW
*
*
*
*
visualise: True
DRAW
*
*
*
*
visualise: True
DRAW
*
*
*
*
visualise: True
DRAW
*
*
*
*
visualise: True
DRAW
*
*
*
*
visualise: True
DRAW
*
*
*
*
visualise: True
DRAW
*
*
*
*
visualise: True
DRAW
*
*
*
*
visualise: True
DRAW
*
*
*
*
visualise: True
DRAW
*
*
*
*
visualise: True
DRAW
*
*
*
*
visualise: True
DRAW
*
*
*
*
visualise: True
DRAW
*
*
*
*
visualise: True
DRAW
*
*
*
*
visualise: True
DRAW
*
*
*
*
visualise: True
DRAW
*
*
*
*
visualise: True
DRAW
*
*
*
*
visualise: True
DRAW
*
*
*
*
visualise: True
DRAW
*
*
*
*
visualise: True
DRAW
*
*
*
*
visualise: True
DRAW
*
*
*
*
visualise: True
DRAW
*
*
*
*
visualise: True
DRAW
*
*
*
*
visualise: True
DRAW
*
*
*
*
visualise: True
DRAW
*
*
*
*
visualise: True
DRAW
*
*
*
*
visualise: True
DRAW
*
*
*
*
visualise: True
DRAW
*
*
*
*
visualise: True
DRAW
*
*
*
*
visualise: True
DRAW
*
*
*
*
visualise: True
DRAW
*
*
*
*
visualise: True
DRAW
*
*
*
*
visualise: True
DRAW
*
*
*
*
visualise: True
DRAW
*
*
*
*
visualise: True
DRAW
*
*
*
*
visualise: True
DRAW
*
*
*
*
visualise: True
DRAW
*
*
*
*
visualise: True
DRAW
*
*
*
*
visualise: True
DRAW
*
*
*
*
visualise: True
DRAW
*
*
*
*
visualise: True
DRAW
*
*
*
*
visualise: True
DRAW
*
*
*
*
visualise: True
DRAW
*
*
*
*
visualise: True
DRAW
*
*
*
*
visualise: True
DRAW
*
*
*
*
visualise: True
DRAW
*
*
*
*
visualise: True
DRAW
*
*
*
*
visualise: True
DRAW
*
*
*
*
visualise: True
DRAW
*
*
*
*
visualise: True
DRAW
*
*
*
*
visualise: True
DRAW
*
*
*
*
visualise: True
DRAW
*
*
*
*
visualise: True
DRAW
*
*
*
*
visualise: True
DRAW
*
*
*
*
visualise: True
DRAW
*
*
*
*
visualise: True
DRAW
*
*
*
*
visualise: True
DRAW
*
*
*
*
visualise: True
DRAW
*
*
*
*
visualise: True
DRAW
*
*
*
*
visualise: True
DRAW
*
*
*
*
visualise: True
DRAW
*
*
*
*
visualise: True
DRAW
*
*
*
*
visualise: True
DRAW
*
*
*
*
visualise: True
DRAW
*
*
*
*
visualise: True
DRAW
*
*
*
*
visualise: True
DRAW
*
*
*
*
visualise: True
DRAW
*
*
*
*
visualise: True
DRAW
*
*
*
*
visualise: True
DRAW
*
*
*
*
visualise: True
DRAW
*
*
*
*
visualise: True
DRAW
*
*
*
*
visualise: True
DRAW
*
*
*
*
visualise: True
DRAW
*
*
*
*
visualise: True
DRAW
*
*
*
*
visualise: True
DRAW
*
*
*
*
visualise: True
DRAW
*
*
*
*
visualise: True
DRAW
*
*
*
*
visualise: True
DRAW
*
*
*
*
visualise: True
DRAW
*
*
*
*
visualise: True
DRAW
*
*
*
*
visualise: True
DRAW
*
*
*
*
visualise: True
DRAW
*
*
*
*
visualise: True
DRAW
*
*
*
*
visualise: True
DRAW
*
*
*
*
visualise: True
DRAW
*
*
*
*
visualise: True
DRAW
*
*
*
*
visualise: True
DRAW
*
*
*
*
visualise: True
DRAW
*
*
*
*
visualise: True
DRAW
*
*
*
*
visualise: True
DRAW
*
*
*
*
visualise: True
DRAW
*
*
*
*
visualise: True
DRAW
*
*
*
*
visualise: True
DRAW
*
*
*
*
visualise: True
DRAW
*
*
*
*
visualise: True
DRAW
*
*
*
*
visualise: True
DRAW
*
*
*
*
visualise: True
DRAW
*
*
*
*
visualise: True
DRAW
*
*
*
*
visualise: True
DRAW
*
*
*
*
visualise: True
DRAW
*
*
*
*
visualise: True
DRAW
*
*
*
*
visualise: True
DRAW
*
*
*
*
visualise: True
DRAW
*
*
*
*
visualise: True
DRAW
*
*
*
*
visualise: True
DRAW
*
*
*
*
visualise: True
DRAW
*
*
*
*
visualise: True
DRAW
*
*
*
*
visualise: True
DRAW
*
*
*
*
visualise: True
DRAW
*
*
*
*
visualise: True
DRAW
*
*
*
*
visualise: True
DRAW
*
*
*
*
visualise: True
DRAW
*
*
*
*
visualise: True
DRAW
*
*
*
*
visualise: True
DRAW
*
*
*
*
visualise: True
DRAW
*
*
*
*
visualise: True
DRAW
*
*
*
*
visualise: True
DRAW
*
*
*
*
visualise: True
DRAW
*
*
*
*
visualise: True
DRAW
*
*
*
*
visualise: True
DRAW
*
*
*
*
visualise: True
DRAW
*
*
*
*
visualise: True
DRAW
*
*
*
*
visualise: True
DRAW
*
*
*
*
visualise: True
DRAW
*
*
*
*
visualise: True
DRAW
*
*
*
*
visualise: True
DRAW
*
*
*
*
visualise: True
DRAW
*
*
*
*
visualise: True
DRAW
*
*
*
*
visualise: True
DRAW
*
*
*
*
visualise: True
DRAW
*
*
*
*
visualise: True
DRAW
*
*
*
*
visualise: True
DRAW
*
*
*
*
visualise: True
DRAW
*
*
*
*
visualise: True
DRAW
*
*
*
*
visualise: True
DRAW
*
*
*
*
visualise: True
DRAW
*
*
*
*
visualise: True
DRAW
*
*
*
*
visualise: True
DRAW
*
*
*
*
visualise: True
DRAW
*
*
*
*
visualise: True
DRAW
*
*
*
*
visualise: True
DRAW
*
*
*
*
visualise: True
DRAW
*
*
*
*
visualise: True
DRAW
*
*
*
*
visualise: True
DRAW
*
*
*
*
visualise: True
DRAW
*
*
*
*
visualise: True
DRAW
*
*
*
*
visualise: True
DRAW
*
*
*
*
visualise: True
DRAW
*
*
*
*
visualise: True
DRAW
*
*
*
*
visualise: True
DRAW
*
*
*
*
visualise: True
DRAW
*
*
*
*
visualise: True
DRAW
*
*
*
*
visualise: True
DRAW
*
*
*
*
visualise: True
DRAW
*
*
*
*
visualise: True
DRAW
*
*
*
*
visualise: True
DRAW
*
*
*
*
visualise: True
DRAW
*
*
*
*
visualise: True
DRAW
*
*
*
*
visualise: True
DRAW
*
*
*
*
visualise: True
DRAW
*
*
*
*
visualise: True
DRAW
*
*
*
*
visualise: True
DRAW
*
*
*
*
visualise: True
DRAW
*
*
*
*
visualise: True
DRAW
*
*
*
*
visualise: True
DRAW
*
*
*
*
visualise: True
DRAW
*
*
*
*
visualise: True
DRAW
*
*
*
*
visualise: True
DRAW
*
*
*
*
visualise: True
DRAW
*
*
*
*
visualise: True
DRAW
*
*
*
*
visualise: True
DRAW
*
*
*
*
visualise: True
DRAW
*
*
*
*
visualise: True
DRAW
*
*
*
*
visualise: True
DRAW
*
*
*
*
visualise: True
DRAW
*
*
*
*
visualise: True
DRAW
*
*
*
*
visualise: True
DRAW
*
*
*
*
visualise: True
DRAW
*
*
*
*
visualise: True
DRAW
*
*
*
*
visualise: True
DRAW
*
*
*
*
visualise: True
DRAW
*
*
*
*
visualise: True
DRAW
*
*
*
*
visualise: True
DRAW
*
*
*
*
visualise: True
DRAW
*
*
*
*
visualise: True
DRAW
*
*
*
*
visualise: True
DRAW
*
*
*
*
visualise: True
DRAW
*
*
*
*
visualise: True
DRAW
*
*
*
*
visualise: True
DRAW
*
*
*
*
visualise: True
DRAW
*
*
*
*
visualise: True
DRAW
*
*
*
*
visualise: True
DRAW
*
*
*
*
visualise: True
DRAW
*
*
*
*
visualise: True
DRAW
*
*
*
*
visualise: True
DRAW
*
*
*
*
visualise: True
DRAW
*
*
*
*
visualise: True
DRAW
*
*
*
*
visualise: True
DRAW
*
*
*
*
visualise: True
DRAW
*
*
*
*
visualise: True
DRAW
*
*
*
*
visualise: True
DRAW
*
*
*
*
visualise: True
DRAW
*
*
*
*
visualise: True
DRAW
*
*
*
*
visualise: True
DRAW
*
*
*
*
visualise: True
DRAW
*
*
*
*
visualise: True
DRAW
*
*
*
*
visualise: True
DRAW
*
*
*
*
visualise: True
DRAW
*
*
*
*
visualise: True
DRAW
*
*
*
*
visualise: True
DRAW
*
*
*
*
visualise: True
DRAW
*
*
*
*
visualise: True
DRAW
*
*
*
*
visualise: True
DRAW
*
*
*
*
visualise: True
DRAW
*
*
*
*
visualise: True
DRAW
*
*
*
*
visualise: True
DRAW
*
*
*
*
visualise: True
DRAW
*
*
*
*
visualise: True
DRAW
*
*
*
*
visualise: True
DRAW
*
*
*
*
visualise: True
DRAW
*
*
*
*
visualise: True
DRAW
*
*
*
*
visualise: True
DRAW
*
*
*
*
visualise: True
DRAW
*
*
*
*
visualise: True
DRAW
*
*
*
*
visualise: True
DRAW
*
*
*
*
visualise: True
DRAW
*
*
*
*
visualise: True
DRAW
*
*
*
*
visualise: True
DRAW
*
*
*
*
visualise: True
DRAW
*
*
*
*
visualise: True
DRAW
*
*
*
*
visualise: True
DRAW
*
*
*
*
visualise: True
DRAW
*
*
*
*
visualise: True
DRAW
*
*
*
*
visualise: True
DRAW
*
*
*
*
visualise: True
DRAW
*
*
*
*
visualise: True
DRAW
*
*
*
*
visualise: True
DRAW
*
*
*
*
visualise: True
DRAW
*
*
*
*
visualise: True
DRAW
*
*
*
*
visualise: True
DRAW
*
*
*
*
visualise: True
DRAW
*
*
*
*
visualise: True
DRAW
*
*
*
*
visualise: True
DRAW
*
*
*
*
visualise: True
DRAW
*
*
*
*
visualise: True
DRAW
*
*
*
*
visualise: True
DRAW
*
*
*
*
visualise: True
DRAW
*
*
*
*
visualise: True
DRAW
*
*
*
*
visualise: True
DRAW
*
*
*
*
visualise: True
DRAW
*
*
*
*
visualise: True
DRAW
*
*
*
*
visualise: True
DRAW
*
*
*
*
visualise: True
DRAW
*
*
*
*
visualise: True
DRAW
*
*
*
*
visualise: True
DRAW
*
*
*
*
visualise: True
DRAW
*
*
*
*
visualise: True
DRAW
*
*
*
*
visualise: True
DRAW
*
*
*
*
visualise: True
DRAW
*
*
*
*
visualise: True
DRAW
*
*
*
*
visualise: True
DRAW
*
*
*
*
visualise: True
DRAW
*
*
*
*
visualise: True
DRAW
*
*
*
*
visualise: True
DRAW
*
*
*
*
visualise: True
DRAW
*
*
*
*
visualise: True
DRAW
*
*
*
*
visualise: True
DRAW
*
*
*
*
visualise: True
DRAW
*
*
*
*
visualise: True
DRAW
*
*
*
*
visualise: True
DRAW
*
*
*
*
visualise: True
DRAW
*
*
*
*
visualise: True
DRAW
*
*
*
*
visualise: True
DRAW
*
*
*
*
visualise: True
DRAW
*
*
*
*
visualise: True
DRAW
*
*
*
*
visualise: True
DRAW
*
*
*
*
visualise: True
DRAW
*
*
*
*
visualise: True
DRAW
*
*
*
*
visualise: True
DRAW
*
*
*
*
visualise: True
DRAW
*
*
*
*
visualise: True
DRAW
*
*
*
*
visualise: True
DRAW
*
*
*
*
visualise: True
DRAW
*
*
*
*
visualise: True
DRAW
*
*
*
*
visualise: True
DRAW
*
*
*
*
visualise: True
DRAW
*
*
*
*
visualise: True
DRAW
*
*
*
*
visualise: True
DRAW
*
*
*
*
visualise: True
DRAW
*
*
*
*
visualise: True
DRAW
*
*
*
*
visualise: True
DRAW
*
*
*
*
visualise: True
DRAW
*
*
*
*
visualise: True
DRAW
*
*
*
*
visualise: True
DRAW
*
*
*
*
visualise: True
DRAW
*
*
*
*
visualise: True
DRAW
*
*
*
*
visualise: True
DRAW
*
*
*
*
visualise: True
DRAW
*
*
*
*
visualise: True
DRAW
*
*
*
*
visualise: True
DRAW
*
*
*
*
visualise: True
DRAW
*
*
*
*
visualise: True
DRAW
*
*
*
*
visualise: True
DRAW
*
*
*
*
visualise: True
DRAW
*
*
*
*
visualise: True
DRAW
*
*
*
*
visualise: True
DRAW
*
*
*
*
visualise: True
DRAW
*
*
*
*
visualise: True
DRAW
*
*
*
*
visualise: True
DRAW
*
*
*
*
visualise: True
DRAW
*
*
*
*
visualise: True
DRAW
*
*
*
*
visualise: True
DRAW
*
*
*
*
visualise: True
DRAW
*
*
*
*
visualise: True
DRAW
*
*
*
*
visualise: True
DRAW
*
*
*
*
visualise: True
DRAW
*
*
*
*
visualise: True
DRAW
*
*
*
*
visualise: True
DRAW
*
*
*
*
visualise: True
DRAW
*
*
*
*
visualise: True
DRAW
*
*
*
*
visualise: True
DRAW
*
*
*
*
visualise: True
DRAW
*
*
*
*
visualise: True
DRAW
*
*
*
*
visualise: True
DRAW
*
*
*
*
visualise: True
DRAW
*
*
*
*
visualise: True
DRAW
*
*
*
*
visualise: True
DRAW
*
*
*
*
visualise: True
DRAW
*
*
*
*
visualise: True
DRAW
*
*
*
*
visualise: True
DRAW
*
*
*
*
visualise: True
DRAW
*
*
*
*
visualise: True
DRAW
*
*
*
*
visualise: True
DRAW
*
*
*
*
visualise: True
DRAW
*
*
*
*
visualise: True
DRAW
*
*
*
*
visualise: True
DRAW
*
*
*
*
visualise: True
DRAW
*
*
*
*
visualise: True
DRAW
*
*
*
*
visualise: True
DRAW
*
*
*
*
visualise: True
DRAW
*
*
*
*
visualise: True
DRAW
*
*
*
*
visualise: True
DRAW
*
*
*
*
visualise: True
DRAW
*
*
*
*
visualise: True
DRAW
*
*
*
*
visualise: True
DRAW
*
*
*
*
visualise: True
DRAW
*
*
*
*
visualise: True
DRAW
*
*
*
*
visualise: True
DRAW
*
*
*
*
visualise: True
DRAW
*
*
*
*
visualise: True
DRAW
*
*
*
*
visualise: True
DRAW
*
*
*
*
visualise: True
DRAW
*
*
*
*
visualise: True
DRAW
*
*
*
*
visualise: True
DRAW
*
*
*
*
visualise: True
DRAW
*
*
*
*
visualise: True
DRAW
*
*
*
*
visualise: True
DRAW
*
*
*
*
visualise: True
DRAW
*
*
*
*
visualise: True
DRAW
*
*
*
*
visualise: True
DRAW
*
*
*
*
visualise: True
DRAW
*
*
*
*
visualise: True
DRAW
*
*
*
*
visualise: True
DRAW
*
*
*
*
visualise: True
DRAW
*
*
*
*
visualise: True
DRAW
*
*
*
*
visualise: True
DRAW
*
*
*
*
visualise: True
DRAW
*
*
*
*
visualise: True
DRAW
*
*
*
*
visualise: True
DRAW
*
*
*
*
visualise: True
DRAW
*
*
*
*
visualise: True
DRAW
*
*
*
*
visualise: True
DRAW
*
*
*
*
visualise: True
DRAW
*
*
*
*
visualise: True
DRAW
*
*
*
*
visualise: True
DRAW
*
*
*
*
visualise: True
DRAW
*
*
*
*
visualise: True
DRAW
*
*
*
*
visualise: True
DRAW
*
*
*
*
visualise: True
DRAW
*
*
*
*
visualise: True
DRAW
*
*
*
*
visualise: True
DRAW
*
*
*
*
visualise: True
DRAW
*
*
*
*
visualise: True
DRAW
*
*
*
*
visualise: True
DRAW
*
*
*
*
visualise: True
DRAW
*
*
*
*
visualise: True
DRAW
*
*
*
*
visualise: True
DRAW
*
*
*
*
visualise: True
DRAW
*
*
*
*
visualise: True
DRAW
*
*
*
*
visualise: True
DRAW
*
*
*
*
visualise: True
DRAW
*
*
*
*
visualise: True
DRAW
*
*
*
*
visualise: True
DRAW
*
*
*
*
visualise: True
DRAW
*
*
*
*
visualise: True
DRAW
*
*
*
*
visualise: True
DRAW
*
*
*
*
visualise: True
DRAW
*
*
*
*
visualise: True
DRAW
*
*
*
*
visualise: True
DRAW
*
*
*
*
visualise: True
DRAW
*
*
*
*
visualise: True
DRAW
*
*
*
*
visualise: True
DRAW
*
*
*
*
visualise: True
DRAW
*
*
*
*
visualise: True
DRAW
*
*
*
*
visualise: True
DRAW
*
*
*
*
visualise: True
DRAW
*
*
*
*
visualise: True
DRAW
*
*
*
*
visualise: True
DRAW
*
*
*
*
visualise: True
DRAW
*
*
*
*
visualise: True
DRAW
*
*
*
*
visualise: True
DRAW
*
*
*
*
visualise: True
DRAW
*
*
*
*
visualise: True
DRAW
*
*
*
*
visualise: True
DRAW
*
*
*
*
visualise: True
DRAW
*
*
*
*
visualise: True
DRAW
*
*
*
*
visualise: True
DRAW
*
*
*
*
visualise: True
DRAW
*
*
*
*
visualise: True
DRAW
*
*
*
*
visualise: True
DRAW
*
*
*
*
visualise: True
DRAW
*
*
*
*
visualise: True
DRAW
*
*
*
*
visualise: True
DRAW
*
*
*
*
visualise: True
DRAW
*
*
*
*
visualise: True
DRAW
*
*
*
*
visualise: True
DRAW
*
*
*
*
visualise: True
DRAW
*
*
*
*
visualise: True
DRAW
*
*
*
*
visualise: True
DRAW
*
*
*
*
visualise: True
DRAW
*
*
*
*
visualise: True
DRAW
*
*
*
*
visualise: True
DRAW
*
*
*
*
visualise: True
DRAW
*
*
*
*
visualise: True
DRAW
*
*
*
*
visualise: True
DRAW
*
*
*
*
visualise: True
DRAW
*
*
*
*
visualise: True
DRAW
*
*
*
*
visualise: True
DRAW
*
*
*
*
visualise: True
DRAW
*
*
*
*
visualise: True
DRAW
*
*
*
*
visualise: True
DRAW
*
*
*
*
visualise: True
DRAW
*
*
*
*
visualise: True
DRAW
*
*
*
*
visualise: True
DRAW
*
*
*
*
visualise: True
DRAW
*
*
*
*
visualise: True
DRAW
*
*
*
*
visualise: True
DRAW
*
*
*
*
visualise: True
DRAW
*
*
*
*
visualise: True
DRAW
*
*
*
*
visualise: True
DRAW
*
*
*
*
visualise: True
DRAW
*
*
*
*
visualise: True
DRAW
*
*
*
*
visualise: True
DRAW
*
*
*
*
visualise: True
DRAW
*
*
*
*
visualise: True
DRAW
*
*
*
*
visualise: True
DRAW
*
*
*
*
visualise: True
DRAW
*
*
*
*
visualise: True
DRAW
*
*
*
*
visualise: True
DRAW
*
*
*
*
visualise: True
DRAW
*
*
*
*
visualise: True
DRAW
*
*
*
*
visualise: True
DRAW
*
*
*
*
visualise: True
DRAW
*
*
*
*
visualise: True
DRAW
*
*
*
*
visualise: True
DRAW
*
*
*
*
visualise: True
DRAW
*
*
*
*
visualise: True
DRAW
*
*
*
*
visualise: True
DRAW
*
*
*
*
visualise: True
DRAW
*
*
*
*
visualise: True
DRAW
*
*
*
*
visualise: True
DRAW
*
*
*
*
visualise: True
DRAW
*
*
*
*
visualise: True
DRAW
*
*
*
*
visualise: True
DRAW
*
*
*
*
visualise: True
DRAW
*
*
*
*
visualise: True
DRAW
*
*
*
*
visualise: True
DRAW
*
*
*
*
visualise: True
DRAW
*
*
*
*
visualise: True
DRAW
*
*
*
*
visualise: True
DRAW
*
*
*
*
visualise: True
DRAW
*
*
*
*
visualise: True
DRAW
*
*
*
*
visualise: True
DRAW
*
*
*
*
visualise: True
DRAW
*
*
*
*
visualise: True
DRAW
*
*
*
*
visualise: True
DRAW
*
*
*
*
visualise: True
DRAW
*
*
*
*
visualise: True
DRAW
*
*
*
*
visualise: True
DRAW
*
*
*
*
visualise: True
DRAW
*
*
*
*
visualise: True
DRAW
*
*
*
*
visualise: True
DRAW
*
*
*
*
visualise: True
DRAW
*
*
*
*
visualise: True
DRAW
*
*
*
*
visualise: True
DRAW
*
*
*
*
visualise: True
DRAW
*
*
*
*
visualise: True
DRAW
*
*
*
*
visualise: True
DRAW
*
*
*
*
visualise: True
DRAW
*
*
*
*
visualise: True
DRAW
*
*
*
*
visualise: True
DRAW
*
*
*
*
visualise: True
DRAW
*
*
*
*
visualise: True
DRAW
*
*
*
*
visualise: True
DRAW
*
*
*
*
visualise: True
DRAW
*
*
*
*
visualise: True
DRAW
*
*
*
*
visualise: True
DRAW
*
*
*
*
visualise: True
DRAW
*
*
*
*
visualise: True
DRAW
*
*
*
*
visualise: True
DRAW
*
*
*
*
visualise: True
DRAW
*
*
*
*
visualise: True
DRAW
*
*
*
*
visualise: True
DRAW
*
*
*
*
visualise: True
DRAW
*
*
*
*
visualise: True
DRAW
*
*
*
*
visualise: True
DRAW
*
*
*
*
visualise: True
DRAW
*
*
*
*
visualise: True
DRAW
*
*
*
*
visualise: True
DRAW
*
*
*
*
visualise: True
DRAW
*
*
*
*
visualise: True
DRAW
*
*
*
*
visualise: True
DRAW
*
*
*
*
visualise: True
DRAW
*
*
*
*
visualise: True
DRAW
*
*
*
*
visualise: True
DRAW
*
*
*
*
visualise: True
DRAW
*
*
*
*
visualise: True
DRAW
*
*
*
*
visualise: True
DRAW
*
*
*
*
visualise: True
DRAW
*
*
*
*
visualise: True
DRAW
*
*
*
*
visualise: True
DRAW
*
*
*
*
visualise: True
DRAW
*
*
*
*
visualise: True
DRAW
*
*
*
*
visualise: True
DRAW
*
*
*
*
visualise: True
DRAW
*
*
*
*
visualise: True
DRAW
*
*
*
*
visualise: True
DRAW
*
*
*
*
visualise: True
DRAW
*
*
*
*
visualise: True
DRAW
*
*
*
*
visualise: True
DRAW
*
*
*
*
visualise: True
DRAW
*
*
*
*
visualise: True
DRAW
*
*
*
*
visualise: True
DRAW
*
*
*
*
visualise: True
DRAW
*
*
*
*
visualise: True
DRAW
*
*
*
*
visualise: True
DRAW
*
*
*
*
visualise: True
DRAW
*
*
*
*
visualise: True
DRAW
*
*
*
*
visualise: True
DRAW
*
*
*
*
visualise: True
DRAW
*
*
*
*
visualise: True
DRAW
*
*
*
*
visualise: True
DRAW
*
*
*
*
visualise: True
DRAW
*
*
*
*
visualise: True
DRAW
*
*
*
*
visualise: True
DRAW
*
*
*
*
visualise: True
DRAW
*
*
*
*
visualise: True
DRAW
*
*
*
*
visualise: True
DRAW
*
*
*
*
visualise: True
DRAW
*
*
*
*
visualise: True
DRAW
*
*
*
*
visualise: True
DRAW
*
*
*
*
visualise: True
DRAW
*
*
*
*
visualise: True
DRAW
*
*
*
*
visualise: True
DRAW
*
*
*
*
visualise: True
DRAW
*
*
*
*
visualise: True
DRAW
*
*
*
*
visualise: True
DRAW
*
*
*
*
visualise: True
DRAW
*
*
*
*
visualise: True
DRAW
*
*
*
*
visualise: True
DRAW
*
*
*
*
visualise: True
DRAW
*
*
*
*
visualise: True
DRAW
*
*
*
*
visualise: True
DRAW
*
*
*
*
visualise: True
DRAW
*
*
*
*
visualise: True
DRAW
*
*
*
*
visualise: True
DRAW
*
*
*
*
visualise: True
DRAW
*
*
*
*
visualise: True
DRAW
*
*
*
*
visualise: True
DRAW
*
*
*
*
visualise: True
DRAW
*
*
*
*
visualise: True
DRAW
*
*
*
*
visualise: True
DRAW
*
*
*
*
visualise: True
DRAW
*
*
*
*
visualise: True
DRAW
*
*
*
*
visualise: True
DRAW
*
*
*
*
visualise: True
DRAW
*
*
*
*
visualise: True
DRAW
*
*
*
*
visualise: True
DRAW
*
*
*
*
visualise: True
DRAW
*
*
*
*
visualise: True
DRAW
*
*
*
*
visualise: True
DRAW
*
*
*
*
visualise: True
DRAW
*
*
*
*
visualise: True
DRAW
*
*
*
*
visualise: True
DRAW
*
*
*
*
visualise: True
DRAW
*
*
*
*
visualise: True
DRAW
*
*
*
*
visualise: True
DRAW
*
*
*
*
visualise: True
DRAW
*
*
*
*
visualise: True
DRAW
*
*
*
*
visualise: True
DRAW
*
*
*
*
visualise: True
DRAW
*
*
*
*
visualise: True
DRAW
*
*
*
*
visualise: True
DRAW
*
*
*
*
visualise: True
DRAW
*
*
*
*
visualise: True
DRAW
*
*
*
*
visualise: True
DRAW
*
*
*
*
visualise: True
DRAW
*
*
*
*
visualise: True
DRAW
*
*
*
*
visualise: True
DRAW
*
*
*
*
visualise: True
DRAW
*
*
*
*
visualise: True
DRAW
*
*
*
*
visualise: True
DRAW
*
*
*
*
visualise: True
DRAW
*
*
*
*
visualise: True
DRAW
*
*
*
*
visualise: True
DRAW
*
*
*
*
visualise: True
DRAW
*
*
*
*
visualise: True
DRAW
*
*
*
*
visualise: True
DRAW
*
*
*
*
visualise: True
DRAW
*
*
*
*
visualise: True
DRAW
*
*
*
*
visualise: True
DRAW
*
*
*
*
visualise: True
DRAW
*
*
*
*
visualise: True
DRAW
*
*
*
*
visualise: True
DRAW
*
*
*
*
visualise: True
DRAW
*
*
*
*
visualise: True
DRAW
*
*
*
*
visualise: True
DRAW
*
*
*
*
visualise: True
DRAW
*
*
*
*
visualise: True
DRAW
*
*
*
*
visualise: True
DRAW
*
*
*
*
visualise: True
DRAW
*
*
*
*
visualise: True
DRAW
*
*
*
*
visualise: True
DRAW
*
*
*
*
visualise: True
DRAW
*
*
*
*
visualise: True
DRAW
*
*
*
*
visualise: True
DRAW
*
*
*
*
visualise: True
DRAW
*
*
*
*
visualise: True
DRAW
*
*
*
*
visualise: True
DRAW
*
*
*
*
visualise: True
DRAW
*
*
*
*
visualise: True
DRAW
*
*
*
*
visualise: True
DRAW
*
*
*
*
visualise: True
DRAW
*
*
*
*
visualise: True
DRAW
*
*
*
*
visualise: True
DRAW
*
*
*
*
visualise: True
DRAW
*
*
*
*
visualise: True
DRAW
*
*
*
*
visualise: True
DRAW
*
*
*
*
visualise: True
DRAW
*
*
*
*
visualise: True
DRAW
*
*
*
*
visualise: True
DRAW
*
*
*
*
visualise: True
DRAW
*
*
*
*
visualise: True
DRAW
*
*
*
*
visualise: True
DRAW
*
*
*
*
visualise: True
DRAW
*
*
*
*
visualise: True
DRAW
*
*
*
*
visualise: True
DRAW
*
*
*
*
visualise: True
DRAW
*
*
*
*
visualise: True
DRAW
*
*
*
*
visualise: True
DRAW
*
*
*
*
visualise: True
DRAW
*
*
*
*
visualise: True
DRAW
*
*
*
*
visualise: True
DRAW
*
*
*
*
visualise: True
DRAW
*
*
*
*
visualise: True
DRAW
*
*
*
*
visualise: True
DRAW
*
*
*
*
visualise: True
DRAW
*
*
*
*
visualise: True
DRAW
*
*
*
*
visualise: True
DRAW
*
*
*
*
visualise: True
DRAW
*
*
*
*
visualise: True
DRAW
*
*
*
*
visualise: True
DRAW
*
*
*
*
visualise: True
DRAW
*
*
*
*
visualise: True
DRAW
*
*
*
*
visualise: True
DRAW
*
*
*
*
visualise: True
DRAW
*
*
*
*
visualise: True
DRAW
*
*
*
*
visualise: True
DRAW
*
*
*
*
visualise: True
DRAW
*
*
*
*
visualise: True
DRAW
*
*
*
*
visualise: True
DRAW
*
*
*
*
visualise: True
DRAW
*
*
*
*
visualise: True
DRAW
*
*
*
*
visualise: True
DRAW
*
*
*
*
visualise: True
DRAW
*
*
*
*
visualise: True
DRAW
*
*
*
*
visualise: True
DRAW
*
*
*
*
visualise: True
DRAW
*
*
*
*
visualise: True
DRAW
*
*
*
*
visualise: True
DRAW
*
*
*
*
visualise: True
DRAW
*
*
*
*
visualise: True
DRAW
*
*
*
*
visualise: True
DRAW
*
*
*
*
visualise: True
DRAW
*
*
*
*
visualise: True
DRAW
*
*
*
*
visualise: True
DRAW
*
*
*
*
visualise: True
DRAW
*
*
*
*
visualise: True
DRAW
*
*
*
*
visualise: True
DRAW
*
*
*
*
visualise: True
DRAW
*
*
*
*
visualise: True
DRAW
*
*
*
*
visualise: True
DRAW
*
*
*
*
visualise: True
DRAW
*
*
*
*
visualise: True
DRAW
*
*
*
*
visualise: True
DRAW
*
*
*
*
visualise: True
DRAW
*
*
*
*
visualise: True
DRAW
*
*
*
*
visualise: True
DRAW
*
*
*
*
visualise: True
DRAW
*
*
*
*
visualise: True
DRAW
*
*
*
*
visualise: True
DRAW
*
*
*
*
visualise: True
DRAW
*
*
*
*
visualise: True
DRAW
*
*
*
*
visualise: True
DRAW
*
*
*
*
visualise: True
DRAW
*
*
*
*
visualise: True
DRAW
*
*
*
*
visualise: True
DRAW
*
*
*
*
visualise: True
DRAW
*
*
*
*
visualise: True
DRAW
*
*
*
*
visualise: True
DRAW
*
*
*
*
visualise: True
DRAW
*
*
*
*
visualise: True
DRAW
*
*
*
*
visualise: True
DRAW
*
*
*
*
visualise: True
DRAW
*
*
*
*
visualise: True
DRAW
*
*
*
*
visualise: True
DRAW
*
*
*
*
visualise: True
DRAW
*
*
*
*
visualise: True
DRAW
*
*
*
*
visualise: True
DRAW
*
*
*
*
visualise: True
DRAW
*
*
*
*
visualise: True
DRAW
*
*
*
*
visualise: True
DRAW
*
*
*
*
visualise: True
DRAW
*
*
*
*
visualise: True
DRAW
*
*
*
*
visualise: True
DRAW
*
*
*
*
visualise: True
DRAW
*
*
*
*
visualise: True
DRAW
*
*
*
*
visualise: True
DRAW
*
*
*
*
visualise: True
DRAW
*
*
*
*
visualise: True
DRAW
*
*
*
*
visualise: True
DRAW
*
*
*
*
visualise: True
DRAW
*
*
*
*
visualise: True
DRAW
*
*
*
*
visualise: True
DRAW
*
*
*
*
visualise: True
DRAW
*
*
*
*
visualise: True
DRAW
*
*
*
*
visualise: True
DRAW
*
*
*
*
visualise: True
DRAW
*
*
*
*
visualise: True
DRAW
*
*
*
*
visualise: True
DRAW
*
*
*
*
visualise: True
DRAW
*
*
*
*
visualise: True
DRAW
*
*
*
*
visualise: True
DRAW
*
*
*
*
visualise: True
DRAW
*
*
*
*
visualise: True
DRAW
*
*
*
*
visualise: True
DRAW
*
*
*
*
visualise: True
DRAW
*
*
*
*
visualise: True
DRAW
*
*
*
*
visualise: True
DRAW
*
*
*
*
visualise: True
DRAW
*
*
*
*
visualise: True
DRAW
*
*
*
*
visualise: True
DRAW
*
*
*
*
visualise: True
DRAW
*
*
*
*
visualise: True
DRAW
*
*
*
*
visualise: True
DRAW
*
*
*
*
visualise: True
DRAW
*
*
*
*
visualise: True
DRAW
*
*
*
*
visualise: True
DRAW
*
*
*
*
visualise: True
DRAW
*
*
*
*
visualise: True
DRAW
*
*
*
*
visualise: True
DRAW
*
*
*
*
visualise: True
DRAW
*
*
*
*
visualise: True
DRAW
*
*
*
*
visualise: True
DRAW
*
*
*
*
visualise: True
DRAW
*
*
*
*
visualise: True
DRAW
*
*
*
*
visualise: True
DRAW
*
*
*
*
visualise: True
DRAW
*
*
*
*
visualise: True
DRAW
*
*
*
*
visualise: True
DRAW
*
*
*
*
visualise: True
DRAW
*
*
*
*
visualise: True
DRAW
*
*
*
*
visualise: True
DRAW
*
*
*
*
visualise: True
DRAW
*
*
*
*
visualise: True
DRAW
*
*
*
*
visualise: True
DRAW
*
*
*
*
visualise: True
DRAW
*
*
*
*
visualise: True
DRAW
*
*
*
*
visualise: True
DRAW
*
*
*
*
visualise: True
DRAW
*
*
*
*
visualise: True
DRAW
*
*
*
*
visualise: True
DRAW
*
*
*
*
visualise: True
DRAW
*
*
*
*
visualise: True
DRAW
*
*
*
*
visualise: True
DRAW
*
*
*
*
visualise: True
DRAW
*
*
*
*
visualise: True
DRAW
*
*
*
*
visualise: True
DRAW
*
*
*
*
visualise: True
DRAW
*
*
*
*
visualise: True
DRAW
*
*
*
*
visualise: True
DRAW
*
*
*
*
visualise: True
DRAW
*
*
*
*
visualise: True
DRAW
*
*
*
*
visualise: True
DRAW
*
*
*
*
visualise: True
DRAW
*
*
*
*
visualise: True
DRAW
*
*
*
*
visualise: True
DRAW
*
*
*
*
visualise: True
DRAW
*
*
*
*
visualise: True
DRAW
*
*
*
*
visualise: True
DRAW
*
*
*
*
visualise: True
DRAW
*
*
*
*
visualise: True
DRAW
*
*
*
*
visualise: True
DRAW
*
*
*
*
visualise: True
DRAW
*
*
*
*
visualise: True
DRAW
*
*
*
*
visualise: True
DRAW
*
*
*
*
visualise: True
DRAW
*
*
*
*
visualise: True
DRAW
*
*
*
*
visualise: True
DRAW
*
*
*
*
visualise: True
DRAW
*
*
*
*
visualise: True
DRAW
*
*
*
*
visualise: True
DRAW
*
*
*
*
visualise: True
DRAW
*
*
*
*
visualise: True
DRAW
*
*
*
*
visualise: True
DRAW
*
*
*
*
visualise: True
DRAW
*
*
*
*
visualise: True
DRAW
*
*
*
*
visualise: True
DRAW
*
*
*
*
visualise: True
DRAW
*
*
*
*
visualise: True
DRAW
*
*
*
*
visualise: True
DRAW
*
*
*
*
visualise: True
DRAW
*
*
*
*
visualise: True
DRAW
*
*
*
*
visualise: True
DRAW
*
*
*
*
visualise: True
DRAW
*
*
*
*
visualise: True
DRAW
*
*
*
*
visualise: True
DRAW
*
*
*
*
visualise: True
DRAW
*
*
*
*
visualise: True
DRAW
*
*
*
*
visualise: True
DRAW
*
*
*
*
visualise: True
DRAW
*
*
*
*
visualise: True
DRAW
*
*
*
*
visualise: True
DRAW
*
*
*
*
visualise: True
DRAW
*
*
*
*
visualise: True
DRAW
*
*
*
*
visualise: True
DRAW
*
*
*
*
visualise: True
DRAW
*
*
*
*
visualise: True
DRAW
*
*
*
*
visualise: True
DRAW
*
*
*
*
visualise: True
DRAW
*
*
*
*
visualise: True
DRAW
*
*
*
*
visualise: True
DRAW
*
*
*
*
visualise: True
DRAW
*
*
*
*
visualise: True
DRAW
*
*
*
*
visualise: True
DRAW
*
*
*
*
visualise: True
DRAW
*
*
*
*
visualise: True
DRAW
*
*
*
*
visualise: True
DRAW
*
*
*
*
visualise: True
DRAW
*
*
*
*
visualise: True
DRAW
*
*
*
*
visualise: True
DRAW
*
*
*
*
visualise: True
DRAW
*
*
*
*
visualise: True
DRAW
*
*
*
*
visualise: True
DRAW
*
*
*
*
visualise: True
DRAW
*
*
*
*
visualise: True
DRAW
*
*
*
*
visualise: True
DRAW
*
*
*
*
visualise: True
DRAW
*
*
*
*
visualise: True
DRAW
*
*
*
*
visualise: True
DRAW
*
*
*
*
visualise: True
DRAW
*
*
*
*
visualise: True
DRAW
*
*
*
*
visualise: True
DRAW
*
*
*
*
visualise: True
DRAW
*
*
*
*
visualise: True
DRAW
*
*
*
*
visualise: True
DRAW
*
*
*
*
visualise: True
DRAW
*
*
*
*
visualise: True
DRAW
*
*
*
*
visualise: True
DRAW
*
*
*
*
visualise: True
DRAW
*
*
*
*
visualise: True
DRAW
*
*
*
*
visualise: True
DRAW
*
*
*
*
visualise: True
DRAW
*
*
*
*
visualise: True
DRAW
*
*
*
*
visualise: True
DRAW
*
*
*
*
visualise: True
DRAW
*
*
*
*
visualise: True
DRAW
*
*
*
*
visualise: True
DRAW
*
*
*
*
visualise: True
DRAW
*
*
*
*
visualise: True
DRAW
*
*
*
*
visualise: True
DRAW
*
*
*
*
visualise: True
DRAW
*
*
*
*
visualise: True
DRAW
*
*
*
*
visualise: True
DRAW
*
*
*
*
visualise: True
DRAW
*
*
*
*
visualise: True
DRAW
*
*
*
*
visualise: True
DRAW
*
*
*
*
visualise: True
DRAW
*
*
*
*
visualise: True
DRAW
*
*
*
*
visualise: True
DRAW
*
*
*
*
visualise: True
DRAW
*
*
*
*
visualise: True
DRAW
*
*
*
*
visualise: True
DRAW
*
*
*
*
visualise: True
DRAW
*
*
*
*
visualise: True
DRAW
*
*
*
*
visualise: True
DRAW
*
*
*
*
visualise: True
DRAW
*
*
*
*
visualise: True
DRAW
*
*
*
*
visualise: True
DRAW
*
*
*
*
visualise: True
DRAW
*
*
*
*
visualise: True
DRAW
*
*
*
*
visualise: True
DRAW
*
*
*
*
visualise: True
DRAW
*
*
*
*
visualise: True
DRAW
*
*
*
*
visualise: True
DRAW
*
*
*
*
visualise: True
DRAW
*
*
*
*
visualise: True
DRAW
*
*
*
*
visualise: True
DRAW
*
*
*
*
visualise: True
DRAW
*
*
*
*
visualise: True
DRAW
*
*
*
*
visualise: True
DRAW
*
*
*
*
visualise: True
DRAW
*
*
*
*
visualise: True
DRAW
*
*
*
*
visualise: True
DRAW
*
*
*
*
visualise: True
DRAW
*
*
*
*
visualise: True
DRAW
*
*
*
*
visualise: True
DRAW
*
*
*
*
visualise: True
DRAW
*
*
*
*
visualise: True
DRAW
*
*
*
*
visualise: True
DRAW
*
*
*
*
visualise: True
DRAW
*
*
*
*
visualise: True
DRAW
*
*
*
*
visualise: True
DRAW
*
*
*
*
visualise: True
DRAW
*
*
*
*
visualise: True
DRAW
*
*
*
*
visualise: True
DRAW
*
*
*
*
visualise: True
DRAW
*
*
*
*
visualise: True
DRAW
*
*
*
*
visualise: True
DRAW
*
*
*
*
visualise: True
DRAW
*
*
*
*
visualise: True
DRAW
*
*
*
*
visualise: True
DRAW
*
*
*
*
visualise: True
DRAW
*
*
*
*
visualise: True
DRAW
*
*
*
*
visualise: True
DRAW
*
*
*
*
visualise: True
DRAW
*
*
*
*
visualise: True
DRAW
*
*
*
*
visualise: True
DRAW
*
*
*
*
visualise: True
DRAW
*
*
*
*
visualise: True
DRAW
*
*
*
*
visualise: True
DRAW
*
*
*
*
visualise: True
DRAW
*
*
*
*
visualise: True
DRAW
*
*
*
*
visualise: True
DRAW
*
*
*
*
visualise: True
DRAW
*
*
*
*
visualise: True
DRAW
*
*
*
*
visualise: True
DRAW
*
*
*
*
visualise: True
DRAW
*
*
*
*
visualise: True
DRAW
*
*
*
*
visualise: True
DRAW
*
*
*
*
visualise: True
DRAW
*
*
*
*
visualise: True
DRAW
*
*
*
*
visualise: True
DRAW
*
*
*
*
visualise: True
DRAW
*
*
*
*
visualise: True
DRAW
*
*
*
*
visualise: True
DRAW
*
*
*
*
visualise: True
DRAW
*
*
*
*
visualise: True
DRAW
*
*
*
*
visualise: True
DRAW
*
*
*
*
visualise: True
DRAW
*
*
*
*
visualise: True
DRAW
*
*
*
*
visualise: True
DRAW
*
*
*
*
visualise: True
DRAW
*
*
*
*
visualise: True
DRAW
*
*
*
*
visualise: True
DRAW
*
*
*
*
visualise: True
DRAW
*
*
*
*
visualise: True
DRAW
*
*
*
*
visualise: True
DRAW
*
*
*
*
visualise: True
DRAW
*
*
*
*
visualise: True
DRAW
*
*
*
*
visualise: True
DRAW
*
*
*
*
visualise: True
DRAW
*
*
*
*
visualise: True
DRAW
*
*
*
*
visualise: True
DRAW
*
*
*
*
visualise: True
DRAW
*
*
*
*
visualise: True
DRAW
*
*
*
*
visualise: True
DRAW
*
*
*
*
visualise: True
DRAW
*
*
*
*
visualise: True
DRAW
*
*
*
*
visualise: True
DRAW
*
*
*
*
visualise: True
DRAW
*
*
*
*
visualise: True
DRAW
*
*
*
*
visualise: True
DRAW
*
*
*
*
visualise: True
DRAW
*
*
*
*
visualise: True
DRAW
*
*
*
*
visualise: True
DRAW
*
*
*
*
visualise: True
DRAW
*
*
*
*
visualise: True
DRAW
*
*
*
*
visualise: True
DRAW
*
*
*
*
visualise: True
DRAW
*
*
*
*
visualise: True
DRAW
*
*
*
*
visualise: True
DRAW
*
*
*
*
visualise: True
DRAW
*
*
*
*
visualise: True
DRAW
*
*
*
*
visualise: True
DRAW
*
*
*
*
visualise: True
DRAW
*
*
*
*
visualise: True
DRAW
*
*
*
*
visualise: True
DRAW
*
*
*
*
visualise: True
DRAW
*
*
*
*
visualise: True
DRAW
*
*
*
*
visualise: True
DRAW
*
*
*
*
visualise: True
DRAW
*
*
*
*
visualise: True
DRAW
*
*
*
*
visualise: True
DRAW
*
*
*
*
visualise: True
DRAW
*
*
*
*
visualise: True
DRAW
*
*
*
*
visualise: True
DRAW
*
*
*
*
visualise: True
DRAW
*
*
*
*
visualise: True
DRAW
*
*
*
*
visualise: True
DRAW
*
*
*
*
visualise: True
DRAW
*
*
*
*
visualise: True
DRAW
*
*
*
*
visualise: True
DRAW
*
*
*
*
visualise: True
DRAW
*
*
*
*
visualise: True
DRAW
*
*
*
*
visualise: True
DRAW
*
*
*
*
visualise: True
DRAW
*
*
*
*
visualise: True
DRAW
*
*
*
*
visualise: True
DRAW
*
*
*
*
visualise: True
DRAW
*
*
*
*
visualise: True
DRAW
*
*
*
*
visualise: True
DRAW
*
*
*
*
visualise: True
DRAW
*
*
*
*
visualise: True
DRAW
*
*
*
*
visualise: True
DRAW
*
*
*
*
visualise: True
DRAW
*
*
*
*
visualise: True
DRAW
*
*
*
*
visualise: True
DRAW
*
*
*
*
visualise: True
DRAW
*
*
*
*
visualise: True
DRAW
*
*
*
*
visualise: True
DRAW
*
*
*
*
visualise: True
DRAW
*
*
*
*
visualise: True
DRAW
*
*
*
*
visualise: True
DRAW
*
*
*
*
visualise: True
DRAW
*
*
*
*
visualise: True
DRAW
*
*
*
*
visualise: True
DRAW
*
*
*
*
visualise: True
DRAW
*
*
*
*
visualise: True
DRAW
*
*
*
*
visualise: True
DRAW
*
*
*
*
visualise: True
DRAW
*
*
*
*
visualise: True
DRAW
*
*
*
*
visualise: True
DRAW
*
*
*
*
visualise: True
DRAW
*
*
*
*
visualise: True
DRAW
*
*
*
*
visualise: True
DRAW
*
*
*
*
visualise: True
DRAW
*
*
*
*
visualise: True
DRAW
*
*
*
*
visualise: True
DRAW
*
*
*
*
visualise: True
DRAW
*
*
*
*
visualise: True
DRAW
*
*
*
*
visualise: True
DRAW
*
*
*
*
visualise: True
DRAW
*
*
*
*
visualise: True
DRAW
*
*
*
*
visualise: True
DRAW
*
*
*
*
visualise: True
DRAW
*
*
*
*
visualise: True
DRAW
*
*
*
*
visualise: True
DRAW
*
*
*
*
visualise: True
DRAW
*
*
*
*
visualise: True
DRAW
*
*
*
*
visualise: True
DRAW
*
*
*
*
visualise: True
DRAW
*
*
*
*
visualise: True
DRAW
*
*
*
*
visualise: True
DRAW
*
*
*
*
visualise: True
DRAW
*
*
*
*
visualise: True
DRAW
*
*
*
*
visualise: True
DRAW
*
*
*
*
visualise: True
DRAW
*
*
*
*
visualise: True
DRAW
*
*
*
*
visualise: True
DRAW
*
*
*
*
visualise: True
DRAW
*
*
*
*
visualise: True
DRAW
*
*
*
*
visualise: True
DRAW
*
*
*
*
visualise: True
DRAW
*
*
*
*
visualise: True
DRAW
*
*
*
*
visualise: True
DRAW
*
*
*
*
visualise: True
DRAW
*
*
*
*
visualise: True
DRAW
*
*
*
*
visualise: True
DRAW
*
*
*
*
visualise: True
DRAW
*
*
*
*
visualise: True
DRAW
*
*
*
*
visualise: True
DRAW
*
*
*
*
visualise: True
DRAW
*
*
*
*
visualise: True
DRAW
*
*
*
*
visualise: True
DRAW
*
*
*
*
visualise: True
DRAW
*
*
*
*
visualise: True
DRAW
*
*
*
*
visualise: True
DRAW
*
*
*
*
visualise: True
DRAW
*
*
*
*
visualise: True
DRAW
*
*
*
*
visualise: True
DRAW
*
*
*
*
visualise: True
DRAW
*
*
*
*
visualise: True
DRAW
*
*
*
*
visualise: True
DRAW
*
*
*
*
visualise: True
DRAW
*
*
*
*
visualise: True
DRAW
*
*
*
*
visualise: True
DRAW
*
*
*
*
visualise: True
DRAW
*
*
*
*
visualise: True
DRAW
*
*
*
*
visualise: True
DRAW
*
*
*
*
visualise: True
DRAW
*
*
*
*
visualise: True
DRAW
*
*
*
*
visualise: True
DRAW
*
*
*
*
visualise: True
DRAW
*
*
*
*
visualise: True
DRAW
*
*
*
*
visualise: True
DRAW
*
*
*
*
visualise: True
DRAW
*
*
*
*
visualise: True
DRAW
*
*
*
*
visualise: True
DRAW
*
*
*
*
visualise: True
DRAW
*
*
*
*
visualise: True
DRAW
*
*
*
*
visualise: True
DRAW
*
*
*
*
visualise: True
DRAW
*
*
*
*
visualise: True
DRAW
*
*
*
*
visualise: True
DRAW
*
*
*
*
visualise: True
DRAW
*
*
*
*
visualise: True
DRAW
*
*
*
*
visualise: True
DRAW
*
*
*
*
visualise: True
DRAW
*
*
*
*
visualise: True
DRAW
*
*
*
*
visualise: True
DRAW
*
*
*
*
visualise: True
DRAW
*
*
*
*
visualise: True
DRAW
*
*
*
*
visualise: True
DRAW
*
*
*
*
visualise: True
DRAW
*
*
*
*
visualise: True
DRAW
*
*
*
*
visualise: True
DRAW
*
*
*
*
visualise: True
DRAW
*
*
*
*
visualise: True
DRAW
*
*
*
*
visualise: True
DRAW
*
*
*
*
visualise: True
DRAW
*
*
*
*
visualise: True
DRAW
*
*
*
*
visualise: True
DRAW
*
*
*
*
visualise: True
DRAW
*
*
*
*
visualise: True
DRAW
*
*
*
*
visualise: True
DRAW
*
*
*
*
visualise: True
DRAW
*
*
*
*
visualise: True
DRAW
*
*
*
*
visualise: True
DRAW
*
*
*
*
visualise: True
DRAW
*
*
*
*
visualise: True
DRAW
*
*
*
*
visualise: True
DRAW
*
*
*
*
visualise: True
DRAW
*
*
*
*
visualise: True
DRAW
*
*
*
*
visualise: True
DRAW
*
*
*
*
visualise: True
DRAW
*
*
*
*
visualise: True
DRAW
*
*
*
*
visualise: True
DRAW
*
*
*
*
visualise: True
DRAW
*
*
*
*
visualise: True
DRAW
*
*
*
*
visualise: True
DRAW
*
*
*
*
visualise: True
DRAW
*
*
*
*
visualise: True
DRAW
*
*
*
*
visualise: True
DRAW
*
*
*
*
visualise: True
DRAW
*
*
*
*
visualise: True
DRAW
*
*
*
*
visualise: True
DRAW
*
*
*
*
visualise: True
DRAW
*
*
*
*
visualise: True
DRAW
*
*
*
*
visualise: True
DRAW
*
*
*
*
visualise: True
DRAW
*
*
*
*
visualise: True
DRAW
*
*
*
*
visualise: True
DRAW
*
*
*
*
visualise: True
DRAW
*
*
*
*
visualise: True
DRAW
*
*
*
*
visualise: True
DRAW
*
*
*
*
visualise: True
DRAW
*
*
*
*
visualise: True
DRAW
*
*
*
*
visualise: True
DRAW
*
*
*
*
visualise: True
DRAW
*
*
*
*
visualise: True
DRAW
*
*
*
*
visualise: True
DRAW
*
*
*
*
visualise: True
DRAW
*
*
*
*
visualise: True
DRAW
*
*
*
*
visualise: True
DRAW
*
*
*
*
visualise: True
DRAW
*
*
*
*
visualise: True
DRAW
*
*
*
*
visualise: True
DRAW
*
*
*
*
visualise: True
DRAW
*
*
*
*
visualise: True
DRAW
*
*
*
*
visualise: True
DRAW
*
*
*
*
visualise: True
DRAW
*
*
*
*
visualise: True
DRAW
*
*
*
*
visualise: True
DRAW
*
*
*
*
visualise: True
DRAW
*
*
*
*
visualise: True
DRAW
*
*
*
*
visualise: True
DRAW
*
*
*
*
visualise: True
DRAW
*
*
*
*
visualise: True
DRAW
*
*
*
*
visualise: True
DRAW
*
*
*
*
visualise: True
DRAW
*
*
*
*
visualise: True
DRAW
*
*
*
*
visualise: True
DRAW
*
*
*
*
visualise: True
DRAW
*
*
*
*
visualise: True
DRAW
*
*
*
*
visualise: True
DRAW
*
*
*
*
visualise: True
DRAW
*
*
*
*
visualise: True
DRAW
*
*
*
*
visualise: True
DRAW
*
*
*
*
visualise: True
DRAW
*
*
*
*
visualise: True
DRAW
*
*
*
*
visualise: True
DRAW
*
*
*
*
visualise: True
DRAW
*
*
*
*
visualise: True
DRAW
*
*
*
*
visualise: True
DRAW
*
*
*
*
visualise: True
DRAW
*
*
*
*
visualise: True
DRAW
*
*
*
*
visualise: True
DRAW
*
*
*
*
visualise: True
DRAW
*
*
*
*
visualise: True
DRAW
*
*
*
*
visualise: True
DRAW
*
*
*
*
visualise: True
DRAW
*
*
*
*
visualise: True
DRAW
*
*
*
*
visualise: True
DRAW
*
*
*
*
visualise: True
DRAW
*
*
*
*
visualise: True
DRAW
*
*
*
*
visualise: True
DRAW
*
*
*
*
visualise: True
DRAW
*
*
*
*
visualise: True
DRAW
*
*
*
*
visualise: True
DRAW
*
*
*
*
visualise: True
DRAW
*
*
*
*
visualise: True
DRAW
*
*
*
*
visualise: True
DRAW
*
*
*
*
visualise: True
DRAW
*
*
*
*
visualise: True
DRAW
*
*
*
*
visualise: True
DRAW
*
*
*
*
visualise: True
DRAW
*
*
*
*
visualise: True
DRAW
*
*
*
*
visualise: True
DRAW
*
*
*
*
visualise: True
DRAW
*
*
*
*
visualise: True
DRAW
*
*
*
*
visualise: True
DRAW
*
*
*
*
visualise: True
DRAW
*
*
*
*
visualise: True
DRAW
*
*
*
*
visualise: True
DRAW
*
*
*
*
visualise: True
DRAW
*
*
*
*
visualise: True
DRAW
*
*
*
*
visualise: True
DRAW
*
*
*
*
visualise: True
DRAW
*
*
*
*
visualise: True
DRAW
*
*
*
*
visualise: True
DRAW
*
*
*
*
visualise: True
DRAW
*
*
*
*
visualise: True
DRAW
*
*
*
*
visualise: True
DRAW
*
*
*
*
visualise: True
DRAW
*
*
*
*
visualise: True
DRAW
*
*
*
*
visualise: True
DRAW
*
*
*
*
visualise: True
DRAW
*
*
*
*
visualise: True
DRAW
*
*
*
*
visualise: True
DRAW
*
*
*
*
visualise: True
DRAW
*
*
*
*
visualise: True
DRAW
*
*
*
*
visualise: True
DRAW
*
*
*
*
visualise: True
DRAW
*
*
*
*
visualise: True
DRAW
*
*
*
*
visualise: True
DRAW
*
*
*
*
visualise: True
DRAW
*
*
*
*
visualise: True
DRAW
*
*
*
*
visualise: True
DRAW
*
*
*
*
visualise: True
DRAW
*
*
*
*
visualise: True
DRAW
*
*
*
*
visualise: True
DRAW
*
*
*
*
visualise: True
DRAW
*
*
*
*
visualise: True
DRAW
*
*
*
*
visualise: True
DRAW
*
*
*
*
visualise: True
DRAW
*
*
*
*
visualise: True
DRAW
*
*
*
*
visualise: True
DRAW
*
*
*
*
visualise: True
DRAW
*
*
*
*
visualise: True
DRAW
*
*
*
*
visualise: True
DRAW
*
*
*
*
visualise: True
DRAW
*
*
*
*
visualise: True
DRAW
*
*
*
*
visualise: True
DRAW
*
*
*
*
visualise: True
DRAW
*
*
*
*
visualise: True
DRAW
*
*
*
*
visualise: True
DRAW
*
*
*
*
visualise: True
DRAW
*
*
*
*
visualise: True
DRAW
*
*
*
*
visualise: True
DRAW
*
*
*
*
visualise: True
DRAW
*
*
*
*
visualise: True
DRAW
*
*
*
*
visualise: True
DRAW
*
*
*
*
visualise: True
DRAW
*
*
*
*
visualise: True
DRAW
*
*
*
*
visualise: True
DRAW
*
*
*
*
visualise: True
DRAW
*
*
*
*
visualise: True
DRAW
*
*
*
*
visualise: True
DRAW
*
*
*
*
visualise: True
DRAW
*
*
*
*
visualise: True
DRAW
*
*
*
*
visualise: True
DRAW
*
*
*
*
visualise: True
DRAW
*
*
*
*
visualise: True
DRAW
*
*
*
*
visualise: True
DRAW
*
*
*
*
visualise: True
DRAW
*
*
*
*
visualise: True
DRAW
*
*
*
*
visualise: True
DRAW
*
*
*
*
visualise: True
DRAW
*
*
*
*
visualise: True
DRAW
*
*
*
*
visualise: True
DRAW
*
*
*
*
visualise: True
DRAW
*
*
*
*
visualise: True
DRAW
*
*
*
*
visualise: True
DRAW
*
*
*
*
visualise: True
DRAW
*
*
*
*
visualise: True
DRAW
*
*
*
*
visualise: True
DRAW
*
*
*
*
visualise: True
DRAW
*
*
*
*
visualise: True
DRAW
*
*
*
*
visualise: True
DRAW
*
*
*
*
visualise: True
DRAW
*
*
*
*
visualise: True
DRAW
*
*
*
*
visualise: True
DRAW
*
*
*
*
visualise: True
DRAW
*
*
*
*
visualise: True
DRAW
*
*
*
*
visualise: True
DRAW
*
*
*
*
visualise: True
DRAW
*
*
*
*
visualise: True
DRAW
*
*
*
*
visualise: True
DRAW
*
*
*
*
visualise: True
DRAW
*
*
*
*
visualise: True
DRAW
*
*
*
*
visualise: True
DRAW
*
*
*
*
visualise: True
DRAW
*
*
*
*
visualise: True
DRAW
*
*
*
*
visualise: True
DRAW
*
*
*
*
visualise: True
DRAW
*
*
*
*
visualise: True
DRAW
*
*
*
*
visualise: True
DRAW
*
*
*
*
visualise: True
DRAW
*
*
*
*
visualise: True
DRAW
*
*
*
*
visualise: True
DRAW
*
*
*
*
visualise: True
DRAW
*
*
*
*
visualise: True
DRAW
*
*
*
*
visualise: True
DRAW
*
*
*
*
visualise: True
DRAW
*
*
*
*
visualise: True
DRAW
*
*
*
*
visualise: True
DRAW
*
*
*
*
visualise: True
DRAW
*
*
*
*
visualise: True
DRAW
*
*
*
*
visualise: True
DRAW
*
*
*
*
visualise: True
DRAW
*
*
*
*
visualise: True
DRAW
*
*
*
*
visualise: True
DRAW
*
*
*
*
visualise: True
DRAW
*
*
*
*
visualise: True
DRAW
*
*
*
*
visualise: True
DRAW
*
*
*
*
visualise: True
DRAW
*
*
*
*
visualise: True
DRAW
*
*
*
*
visualise: True
DRAW
*
*
*
*
visualise: True
DRAW
*
*
*
*
visualise: True
DRAW
*
*
*
*
visualise: True
DRAW
*
*
*
*
visualise: True
DRAW
*
*
*
*
visualise: True
DRAW
*
*
*
*
visualise: True
DRAW
*
*
*
*
visualise: True
DRAW
*
*
*
*
visualise: True
DRAW
*
*
*
*
visualise: True
DRAW
*
*
*
*
visualise: True
DRAW
*
*
*
*
visualise: True
DRAW
*
*
*
*
visualise: True
DRAW
*
*
*
*
visualise: True
DRAW
*
*
*
*
visualise: True
DRAW
*
*
*
*
visualise: True
DRAW
*
*
*
*
visualise: True
DRAW
*
*
*
*
visualise: True
DRAW
*
*
*
*
visualise: True
DRAW
*
*
*
*
visualise: True
DRAW
*
*
*
*
visualise: True
DRAW
*
*
*
*
visualise: True
DRAW
*
*
*
*
visualise: True
DRAW
*
*
*
*
visualise: True
DRAW
*
*
*
*
visualise: True
DRAW
*
*
*
*
visualise: True
DRAW
*
*
*
*
visualise: True
DRAW
*
*
*
*
visualise: True
DRAW
*
*
*
*
visualise: True
DRAW
*
*
*
*
visualise: True
DRAW
*
*
*
*
visualise: True
DRAW
*
*
*
*
visualise: True
DRAW
*
*
*
*
visualise: True
DRAW
*
*
*
*
visualise: True
DRAW
*
*
*
*
visualise: True
DRAW
*
*
*
*
visualise: True
DRAW
*
*
*
*
visualise: True
DRAW
*
*
*
*
visualise: True
DRAW
*
*
*
*
visualise: True
DRAW
*
*
*
*
visualise: True
DRAW
*
*
*
*
visualise: True
DRAW
*
*
*
*
visualise: True
DRAW
*
*
*
*
visualise: True
DRAW
*
*
*
*
visualise: True
DRAW
*
*
*
*
visualise: True
DRAW
*
*
*
*
visualise: True
DRAW
*
*
*
*
visualise: True
DRAW
*
*
*
*
visualise: True
DRAW
*
*
*
*
visualise: True
DRAW
*
*
*
*
visualise: True
DRAW
*
*
*
*
visualise: True
DRAW
*
*
*
*
visualise: True
DRAW
*
*
*
*
visualise: True
DRAW
*
*
*
*
visualise: True
DRAW
*
*
*
*
visualise: True
DRAW
*
*
*
*
visualise: True
DRAW
*
*
*
*
visualise: True
DRAW
*
*
*
*
visualise: True
DRAW
*
*
*
*
visualise: True
DRAW
*
*
*
*
visualise: True
DRAW
*
*
*
*
visualise: True
DRAW
*
*
*
*
visualise: True
DRAW
*
*
*
*
visualise: True
DRAW
*
*
*
*
visualise: True
DRAW
*
*
*
*
visualise: True
DRAW
*
*
*
*
visualise: True
DRAW
*
*
*
*
visualise: True
DRAW
*
*
*
*
visualise: True
DRAW
*
*
*
*
visualise: True
DRAW
*
*
*
*
visualise: True
DRAW
*
*
*
*
visualise: True
DRAW
*
*
*
*
visualise: True
DRAW
*
*
*
*
visualise: True
DRAW
*
*
*
*
visualise: True
DRAW
*
*
*
*
visualise: True
DRAW
*
*
*
*
visualise: True
DRAW
*
*
*
*
visualise: True
DRAW
*
*
*
*
visualise: True
DRAW
*
*
*
*
visualise: True
DRAW
*
*
*
*
visualise: True
DRAW
*
*
*
*
visualise: True
DRAW
*
*
*
*
visualise: True
DRAW
*
*
*
*
visualise: True
DRAW
*
*
*
*
visualise: True
DRAW
*
*
*
*
visualise: True
DRAW
*
*
*
*
visualise: True
DRAW
*
*
*
*
visualise: True
DRAW
*
*
*
*
visualise: True
DRAW
*
*
*
*
visualise: True
DRAW
*
*
*
*
visualise: True
DRAW
*
*
*
*
visualise: True
DRAW
*
*
*
*
visualise: True
DRAW
*
*
*
*
visualise: True
DRAW
*
*
*
*
visualise: True
DRAW
*
*
*
*
visualise: True
DRAW
*
*
*
*
visualise: True
DRAW
*
*
*
*
visualise: True
DRAW
*
*
*
*
visualise: True
DRAW
*
*
*
*
visualise: True
DRAW
*
*
*
*
visualise: True
DRAW
*
*
*
*
visualise: True
DRAW
*
*
*
*
visualise: True
DRAW
*
*
*
*
visualise: True
DRAW
*
*
*
*
visualise: True
DRAW
*
*
*
*
visualise: True
DRAW
*
*
*
*
visualise: True
DRAW
*
*
*
*
visualise: True
DRAW
*
*
*
*
visualise: True
DRAW
*
*
*
*
visualise: True
DRAW
*
*
*
*
visualise: True
DRAW
*
*
*
*
visualise: True
DRAW
*
*
*
*
visualise: True
DRAW
*
*
*
*
visualise: True
DRAW
*
*
*
*
visualise: True
DRAW
*
*
*
*
visualise: True
DRAW
*
*
*
*
visualise: True
DRAW
*
*
*
*
visualise: True
DRAW
*
*
*
*
visualise: True
DRAW
*
*
*
*
visualise: True
DRAW
*
*
*
*
visualise: True
DRAW
*
*
*
*
visualise: True
DRAW
*
*
*
*
visualise: True
DRAW
*
*
*
*
visualise: True
DRAW
*
*
*
*
visualise: True
DRAW
*
*
*
*
visualise: True
DRAW
*
*
*
*
visualise: True
DRAW
*
*
*
*
visualise: True
DRAW
*
*
*
*
visualise: True
DRAW
*
*
*
*
visualise: True
DRAW
*
*
*
*
visualise: True
DRAW
*
*
*
*
visualise: True
DRAW
*
*
*
*
visualise: True
DRAW
*
*
*
*
visualise: True
DRAW
*
*
*
*
visualise: True
DRAW
*
*
*
*
visualise: True
DRAW
*
*
*
*
visualise: True
DRAW
*
*
*
*
visualise: True
DRAW
*
*
*
*
visualise: True
DRAW
*
*
*
*
visualise: True
DRAW
*
*
*
*
visualise: True
DRAW
*
*
*
*
visualise: True
DRAW
*
*
*
*
visualise: True
DRAW
*
*
*
*
visualise: True
DRAW
*
*
*
*
visualise: True
DRAW
*
*
*
*
visualise: True
DRAW
*
*
*
*
visualise: True
DRAW
*
*
*
*
visualise: True
DRAW
*
*
*
*
visualise: True
DRAW
*
*
*
*
visualise: True
DRAW
*
*
*
*
visualise: True
DRAW
*
*
*
*
visualise: True
DRAW
*
*
*
*
visualise: True
DRAW
*
*
*
*
visualise: True
DRAW
*
*
*
*
visualise: True
DRAW
*
*
*
*
visualise: True
DRAW
*
*
*
*
visualise: True
DRAW
*
*
*
*
visualise: True
DRAW
*
*
*
*
visualise: True
DRAW
*
*
*
*
visualise: True
DRAW
*
*
*
*
visualise: True
DRAW
*
*
*
*
visualise: True
DRAW
*
*
*
*
visualise: True
DRAW
*
*
*
*
visualise: True
DRAW
*
*
*
*
visualise: True
DRAW
*
*
*
*
visualise: True
DRAW
*
*
*
*
visualise: True
DRAW
*
*
*
*
visualise: True
DRAW
*
*
*
*
visualise: True
DRAW
*
*
*
*
visualise: True
DRAW
*
*
*
*
visualise: True
DRAW
*
*
*
*
visualise: True
DRAW
*
*
*
*
visualise: True
DRAW
*
*
*
*
visualise: True
DRAW
*
*
*
*
visualise: True
DRAW
*
*
*
*
visualise: True
DRAW
*
*
*
*
visualise: True
DRAW
*
*
*
*
visualise: True
DRAW
*
*
*
*
visualise: True
DRAW
*
*
*
*
visualise: True
DRAW
*
*
*
*
visualise: True
DRAW
*
*
*
*
visualise: True
DRAW
*
*
*
*
visualise: True
DRAW
*
*
*
*
visualise: True
DRAW
*
*
*
*
visualise: True
DRAW
*
*
*
*
visualise: True
DRAW
*
*
*
*
visualise: True
DRAW
*
*
*
*
visualise: True
DRAW
*
*
*
*
visualise: True
DRAW
*
*
*
*
visualise: True
DRAW
*
*
*
*
visualise: True
DRAW
*
*
*
*
visualise: True
DRAW
*
*
*
*
visualise: True
DRAW
*
*
*
*
visualise: True
DRAW
*
*
*
*
visualise: True
DRAW
*
*
*
*
visualise: True
DRAW
*
*
*
*
visualise: True
DRAW
*
*
*
*
visualise: True
DRAW
*
*
*
*
visualise: True
DRAW
*
*
*
*
visualise: True
DRAW
*
*
*
*
visualise: True
DRAW
*
*
*
*
visualise: True
DRAW
*
*
*
*
visualise: True
DRAW
*
*
*
*
visualise: True
DRAW
*
*
*
*
visualise: True
DRAW
*
*
*
*
visualise: True
DRAW
*
*
*
*
visualise: True
DRAW
*
*
*
*
visualise: True
DRAW
*
*
*
*
visualise: True
DRAW
*
*
*
*
visualise: True
DRAW
*
*
*
*
visualise: True
DRAW
*
*
*
*
visualise: True
DRAW
*
*
*
*
visualise: True
DRAW
*
*
*
*
visualise: True
DRAW
*
*
*
*
visualise: True
DRAW
*
*
*
*
visualise: True
DRAW
*
*
*
*
visualise: True
DRAW
*
*
*
*
visualise: True
DRAW
*
*
*
*
visualise: True
DRAW
*
*
*
*
visualise: True
DRAW
*
*
*
*
visualise: True
DRAW
*
*
*
*
visualise: True
DRAW
*
*
*
*
visualise: True
DRAW
*
*
*
*
visualise: True
DRAW
*
*
*
*
visualise: True
DRAW
*
*
*
*
visualise: True
DRAW
*
*
*
*
visualise: True
DRAW
*
*
*
*
visualise: True
DRAW
*
*
*
*
visualise: True
DRAW
*
*
*
*
visualise: True
DRAW
*
*
*
*
visualise: True
DRAW
*
*
*
*
visualise: True
DRAW
*
*
*
*
visualise: True
DRAW
*
*
*
*
visualise: True
DRAW
*
*
*
*
visualise: True
DRAW
*
*
*
*
visualise: True
DRAW
*
*
*
*
visualise: True
DRAW
*
*
*
*
visualise: True
DRAW
*
*
*
*
visualise: True
DRAW
*
*
*
*
visualise: True
DRAW
*
*
*
*
visualise: True
DRAW
*
*
*
*
visualise: True
DRAW
*
*
*
*
visualise: True
DRAW
*
*
*
*
visualise: True
DRAW
*
*
*
*
visualise: True
DRAW
*
*
*
*
visualise: True
DRAW
*
*
*
*
visualise: True
DRAW
*
*
*
*
visualise: True
DRAW
*
*
*
*
visualise: True
DRAW
*
*
*
*
visualise: True
DRAW
*
*
*
*
visualise: True
DRAW
*
*
*
*
visualise: True
DRAW
*
*
*
*
visualise: True
DRAW
*
*
*
*
visualise: True
DRAW
*
*
*
*
visualise: True
DRAW
*
*
*
*
visualise: True
DRAW
*
*
*
*
visualise: True
DRAW
*
*
*
*
visualise: True
DRAW
*
*
*
*
visualise: True
DRAW
*
*
*
*
visualise: True
DRAW
*
*
*
*
visualise: True
DRAW
*
*
*
*
visualise: True
DRAW
*
*
*
*
visualise: True
DRAW
*
*
*
*
visualise: True
DRAW
*
*
*
*
visualise: True
DRAW
*
*
*
*
visualise: True
DRAW
*
*
*
*
visualise: True
DRAW
*
*
*
*
visualise: True
DRAW
*
*
*
*
visualise: True
DRAW
*
*
*
*
visualise: True
DRAW
*
*
*
*
visualise: True
DRAW
*
*
*
*
visualise: True
DRAW
*
*
*
*
visualise: True
DRAW
*
*
*
*
visualise: True
DRAW
*
*
*
*
visualise: True
DRAW
*
*
*
*
visualise: True
DRAW
*
*
*
*
visualise: True
DRAW
*
*
*
*
visualise: True
DRAW
*
*
*
*
visualise: True
DRAW
*
*
*
*
visualise: True
DRAW
*
*
*
*
visualise: True
DRAW
*
*
*
*
visualise: True
DRAW
*
*
*
*
visualise: True
DRAW
*
*
*
*
visualise: True
DRAW
*
*
*
*
visualise: True
DRAW
*
*
*
*
visualise: True
DRAW
*
*
*
*
visualise: True
DRAW
*
*
*
*
visualise: True
DRAW
*
*
*
*
visualise: True
DRAW
*
*
*
*
visualise: True
DRAW
*
*
*
*
visualise: True
DRAW
*
*
*
*
visualise: True
DRAW
*
*
*
*
visualise: True
DRAW
*
*
*
*
visualise: True
DRAW
*
*
*
*
visualise: True
DRAW
*
*
*
*
visualise: True
DRAW
*
*
*
*
visualise: True
DRAW
*
*
*
*
visualise: True
DRAW
*
*
*
*
visualise: True
DRAW
*
*
*
*
visualise: True
DRAW
*
*
*
*
visualise: True
DRAW
*
*
*
*
visualise: True
DRAW
*
*
*
*
visualise: True
DRAW
*
*
*
*
visualise: True
DRAW
*
*
*
*
visualise: True
DRAW
*
*
*
*
visualise: True
DRAW
*
*
*
*
visualise: True
DRAW
*
*
*
*
visualise: True
DRAW
*
*
*
*
visualise: True
DRAW
*
*
*
*
visualise: True
DRAW
*
*
*
*
visualise: True
DRAW
*
*
*
*
visualise: True
DRAW
*
*
*
*
visualise: True
DRAW
*
*
*
*
visualise: True
DRAW
*
*
*
*
visualise: True
DRAW
*
*
*
*
visualise: True
DRAW
*
*
*
*
visualise: True
DRAW
*
*
*
*
visualise: True
DRAW
*
*
*
*
visualise: True
DRAW
*
*
*
*
visualise: True
DRAW
*
*
*
*
visualise: True
DRAW
*
*
*
*
visualise: True
DRAW
*
*
*
*
visualise: True
DRAW
*
*
*
*
visualise: True
DRAW
*
*
*
*
visualise: True
DRAW
*
*
*
*
visualise: True
DRAW
*
*
*
*
visualise: True
DRAW
*
*
*
*
visualise: True
DRAW
*
*
*
*
visualise: True
DRAW
*
*
*
*
visualise: True
DRAW
*
*
*
*
visualise: True
DRAW
*
*
*
*
visualise: True
DRAW
*
*
*
*
visualise: True
DRAW
*
*
*
*
visualise: True
DRAW
*
*
*
*
visualise: True
DRAW
*
*
*
*
visualise: True
DRAW
*
*
*
*
visualise: True
DRAW
*
*
*
*
visualise: True
DRAW
*
*
*
*
visualise: True
DRAW
*
*
*
*
visualise: True
DRAW
*
*
*
*
visualise: True
DRAW
*
*
*
*
visualise: True
DRAW
*
*
*
*
visualise: True
DRAW
*
*
*
*
visualise: True
DRAW
*
*
*
*
visualise: True
DRAW
*
*
*
*
visualise: True
DRAW
*
*
*
*
visualise: True
DRAW
*
*
*
*
visualise: True
DRAW
*
*
*
*
visualise: True
DRAW
*
*
*
*
visualise: True
DRAW
*
*
*
*
visualise: True
DRAW
*
*
*
*
visualise: True
DRAW
*
*
*
*
visualise: True
DRAW
*
*
*
*
visualise: True
DRAW
*
*
*
*
visualise: True
DRAW
*
*
*
*
visualise: True
DRAW
*
*
*
*
visualise: True
DRAW
*
*
*
*
visualise: True
DRAW
*
*
*
*
visualise: True
DRAW
*
*
*
*
visualise: True
DRAW
*
*
*
*
visualise: True
DRAW
*
*
*
*
visualise: True
DRAW
*
*
*
*
visualise: True
DRAW
*
*
*
*
visualise: True
DRAW
*
*
*
*
visualise: True
DRAW
*
*
*
*
visualise: True
DRAW
*
*
*
*
visualise: True
DRAW
*
*
*
*
visualise: True
DRAW
*
*
*
*
visualise: True
DRAW
*
*
*
*
visualise: True
DRAW
*
*
*
*
visualise: True
DRAW
*
*
*
*
visualise: True
DRAW
*
*
*
*
visualise: True
DRAW
*
*
*
*
visualise: True
DRAW
*
*
*
*
visualise: True
DRAW
*
*
*
*
visualise: True
DRAW
*
*
*
*
visualise: True
DRAW
*
*
*
*
visualise: True
DRAW
*
*
*
*
visualise: True
DRAW
*
*
*
*
visualise: True
DRAW
*
*
*
*
visualise: True
DRAW
*
*
*
*
visualise: True
DRAW
*
*
*
*
visualise: True
DRAW
*
*
*
*
visualise: True
DRAW
*
*
*
*
visualise: True
DRAW
*
*
*
*
visualise: True
DRAW
*
*
*
*
visualise: True
DRAW
*
*
*
*
visualise: True
DRAW
*
*
*
*
visualise: True
DRAW
*
*
*
*
visualise: True
DRAW
*
*
*
*
visualise: True
DRAW
*
*
*
*
visualise: True
DRAW
*
*
*
*
visualise: True
DRAW
*
*
*
*
visualise: True
DRAW
*
*
*
*
visualise: True
DRAW
*
*
*
*
visualise: True
DRAW
*
*
*
*
visualise: True
DRAW
*
*
*
*
visualise: True
DRAW
*
*
*
*
visualise: True
DRAW
*
*
*
*
visualise: True
DRAW
*
*
*
*
visualise: True
DRAW
*
*
*
*
visualise: True
DRAW
*
*
*
*
visualise: True
DRAW
*
*
*
*
visualise: True
DRAW
*
*
*
*
visualise: True
DRAW
*
*
*
*
visualise: True
DRAW
*
*
*
*
visualise: True
DRAW
*
*
*
*
visualise: True
DRAW
*
*
*
*
visualise: True
DRAW
*
*
*
*
visualise: True
DRAW
*
*
*
*
visualise: True
DRAW
*
*
*
*
visualise: True
DRAW
*
*
*
*
visualise: True
DRAW
*
*
*
*
visualise: True
DRAW
*
*
*
*
visualise: True
DRAW
*
*
*
*
visualise: True
DRAW
*
*
*
*
visualise: True
DRAW
*
*
*
*
visualise: True
DRAW
*
*
*
*
visualise: True
DRAW
*
*
*
*
visualise: True
DRAW
*
*
*
*
visualise: True
DRAW
*
*
*
*
visualise: True
DRAW
*
*
*
*
visualise: True
DRAW
*
*
*
*
visualise: True
DRAW
*
*
*
*
visualise: True
DRAW
*
*
*
*
visualise: True
DRAW
*
*
*
*
visualise: True
DRAW
*
*
*
*
visualise: True
DRAW
*
*
*
*
visualise: True
DRAW
*
*
*
*
visualise: True
DRAW
*
*
*
*
visualise: True
DRAW
*
*
*
*
visualise: True
DRAW
*
*
*
*
visualise: True
DRAW
*
*
*
*
visualise: True
DRAW
*
*
*
*
visualise: True
DRAW
*
*
*
*
visualise: True
DRAW
*
*
*
*
visualise: True
DRAW
*
*
*
*
visualise: True
DRAW
*
*
*
*
visualise: True
DRAW
*
*
*
*
visualise: True
DRAW
*
*
*
*
visualise: True
DRAW
*
*
*
*
visualise: True
DRAW
*
*
*
*
visualise: True
DRAW
*
*
*
*
visualise: True
DRAW
*
*
*
*
visualise: True
DRAW
*
*
*
*
visualise: True
DRAW
*
*
*
*
visualise: True
DRAW
*
*
*
*
visualise: True
DRAW
*
*
*
*
visualise: True
DRAW
*
*
*
*
visualise: True
DRAW
*
*
*
*
visualise: True
DRAW
*
*
*
*
visualise: True
DRAW
*
*
*
*
visualise: True
DRAW
*
*
*
*
visualise: True
DRAW
*
*
*
*
visualise: True
DRAW
*
*
*
*
visualise: True
DRAW
*
*
*
*
visualise: True
DRAW
*
*
*
*
visualise: True
DRAW
*
*
*
*
visualise: True
DRAW
*
*
*
*
visualise: True
DRAW
*
*
*
*
visualise: True
DRAW
*
*
*
*
visualise: True
DRAW
*
*
*
*
visualise: True
DRAW
*
*
*
*
visualise: True
DRAW
*
*
*
*
visualise: True
DRAW
*
*
*
*
visualise: True
DRAW
*
*
*
*
visualise: True
DRAW
*
*
*
*
visualise: True
DRAW
*
*
*
*
visualise: True
DRAW
*
*
*
*
visualise: True
DRAW
*
*
*
*
visualise: True
DRAW
*
*
*
*
visualise: True
DRAW
*
*
*
*
visualise: True
DRAW
*
*
*
*
visualise: True
DRAW
*
*
*
*
visualise: True
DRAW
*
*
*
*
visualise: True
DRAW
*
*
*
*
visualise: True
DRAW
*
*
*
*
visualise: True
DRAW
*
*
*
*
visualise: True
DRAW
*
*
*
*
visualise: True
DRAW
*
*
*
*
visualise: True
DRAW
*
*
*
*
visualise: True
DRAW
*
*
*
*
visualise: True
DRAW
*
*
*
*
visualise: True
DRAW
*
*
*
*
visualise: True
DRAW
*
*
*
*
visualise: True
DRAW
*
*
*
*
visualise: True
DRAW
*
*
*
*
visualise: True
DRAW
*
*
*
*
visualise: True
DRAW
*
*
*
*
visualise: True
DRAW
*
*
*
*
visualise: True
DRAW
*
*
*
*
visualise: True
DRAW
*
*
*
*
visualise: True
DRAW
*
*
*
*
visualise: True
DRAW
*
*
*
*
visualise: True
DRAW
*
*
*
*
visualise: True
DRAW
*
*
*
*
visualise: True
DRAW
*
*
*
*
visualise: True
DRAW
*
*
*
*
visualise: True
DRAW
*
*
*
*
visualise: True
DRAW
*
*
*
*
visualise: True
DRAW
*
*
*
*
visualise: True
DRAW
*
*
*
*
visualise: True
DRAW
*
*
*
*
visualise: True
DRAW
*
*
*
*
visualise: True
DRAW
*
*
*
*
visualise: True
DRAW
*
*
*
*
visualise: True
DRAW
*
*
*
*
visualise: True
DRAW
*
*
*
*
visualise: True
DRAW
*
*
*
*
visualise: True
DRAW
*
*
*
*
visualise: True
DRAW
*
*
*
*
visualise: True
DRAW
*
*
*
*
visualise: True
DRAW
*
*
*
*
visualise: True
DRAW
*
*
*
*
visualise: True
DRAW
*
*
*
*
visualise: True
DRAW
*
*
*
*
visualise: True
DRAW
*
*
*
*
visualise: True
DRAW
*
*
*
*
visualise: True
DRAW
*
*
*
*
visualise: True
DRAW
*
*
*
*
visualise: True
DRAW
*
*
*
*
visualise: True
DRAW
*
*
*
*
visualise: True
DRAW
*
*
*
*
visualise: True
DRAW
*
*
*
*
visualise: True
DRAW
*
*
*
*
visualise: True
DRAW
*
*
*
*
visualise: True
DRAW
*
*
*
*
visualise: True
DRAW
*
*
*
*
visualise: True
DRAW
*
*
*
*
visualise: True
DRAW
*
*
*
*
visualise: True
DRAW
*
*
*
*
visualise: True
DRAW
*
*
*
*
visualise: True
DRAW
*
*
*
*
visualise: True
DRAW
*
*
*
*
visualise: True
DRAW
*
*
*
*
visualise: True
DRAW
*
*
*
*
visualise: True
DRAW
*
*
*
*
visualise: True
DRAW
*
*
*
*
visualise: True
DRAW
*
*
*
*
visualise: True
DRAW
*
*
*
*
visualise: True
DRAW
*
*
*
*
visualise: True
DRAW
*
*
*
*
visualise: True
DRAW
*
*
*
*
visualise: True
DRAW
*
*
*
*
visualise: True
DRAW
*
*
*
*
visualise: True
DRAW
*
*
*
*
visualise: True
DRAW
*
*
*
*
visualise: True
DRAW
*
*
*
*
visualise: True
DRAW
*
*
*
*
visualise: True
DRAW
*
*
*
*
visualise: True
DRAW
*
*
*
*
visualise: True
DRAW
*
*
*
*
visualise: True
DRAW
*
*
*
*
visualise: True
DRAW
*
*
*
*
visualise: True
DRAW
*
*
*
*
visualise: True
DRAW
*
*
*
*
visualise: True
DRAW
*
*
*
*
visualise: True
DRAW
*
*
*
*
visualise: True
DRAW
*
*
*
*
visualise: True
DRAW
*
*
*
*
visualise: True
DRAW
*
*
*
*
visualise: True
DRAW
*
*
*
*
visualise: True
DRAW
*
*
*
*
visualise: True
DRAW
*
*
*
*
visualise: True
DRAW
*
*
*
*
visualise: True
DRAW
*
*
*
*
visualise: True
DRAW
*
*
*
*
visualise: True
DRAW
*
*
*
*
visualise: True
DRAW
*
*
*
*
visualise: True
DRAW
*
*
*
*
visualise: True
DRAW
*
*
*
*
visualise: True
DRAW
*
*
*
*
visualise: True
DRAW
*
*
*
*
visualise: True
DRAW
*
*
*
*
visualise: True
DRAW
*
*
*
*
visualise: True
DRAW
*
*
*
*
visualise: True
DRAW
*
*
*
*
visualise: True
DRAW
*
*
*
*
visualise: True
DRAW
*
*
*
*
visualise: True
DRAW
*
*
*
*
visualise: True
DRAW
*
*
*
*
visualise: True
DRAW
*
*
*
*
visualise: True
DRAW
*
*
*
*
visualise: True
DRAW
*
*
*
*
visualise: True
DRAW
*
*
*
*
visualise: True
DRAW
*
*
*
*
visualise: True
DRAW
*
*
*
*
visualise: True
DRAW
*
*
*
*
visualise: True
DRAW
*
*
*
*
visualise: True
DRAW
*
*
*
*
visualise: True
DRAW
*
*
*
*
visualise: True
DRAW
*
*
*
*
visualise: True
DRAW
*
*
*
*
visualise: True
DRAW
*
*
*
*
visualise: True
DRAW
*
*
*
*
visualise: True
DRAW
*
*
*
*
visualise: True
DRAW
*
*
*
*
visualise: True
DRAW
*
*
*
*
visualise: True
DRAW
*
*
*
*
visualise: True
DRAW
*
*
*
*
visualise: True
DRAW
*
*
*
*
visualise: True
DRAW
*
*
*
*
visualise: True
DRAW
*
*
*
*
visualise: True
DRAW
*
*
*
*
visualise: True
DRAW
*
*
*
*
visualise: True
DRAW
*
*
*
*
visualise: True
DRAW
*
*
*
*
visualise: True
DRAW
*
*
*
*
visualise: True
DRAW
*
*
*
*
visualise: True
DRAW
*
*
*
*
visualise: True
DRAW
*
*
*
*
visualise: True
DRAW
*
*
*
*
visualise: True
DRAW
*
*
*
*
visualise: True
DRAW
*
*
*
*
visualise: True
DRAW
*
*
*
*
visualise: True
DRAW
*
*
*
*
visualise: True
DRAW
*
*
*
*
visualise: True
DRAW
*
*
*
*
visualise: True
DRAW
*
*
*
*
visualise: True
DRAW
*
*
*
*
visualise: True
DRAW
*
*
*
*
visualise: True
DRAW
*
*
*
*
visualise: True
DRAW
*
*
*
*
visualise: True
DRAW
*
*
*
*
visualise: True
DRAW
*
*
*
*
visualise: True
DRAW
*
*
*
*
visualise: True
DRAW
*
*
*
*
visualise: True
DRAW
*
*
*
*
visualise: True
DRAW
*
*
*
*
visualise: True
DRAW
*
*
*
*
visualise: True
DRAW
*
*
*
*
visualise: True
DRAW
*
*
*
*
visualise: True
DRAW
*
*
*
*
visualise: True
DRAW
*
*
*
*
visualise: True
DRAW
*
*
*
*
visualise: True
DRAW
*
*
*
*
visualise: True
DRAW
*
*
*
*
visualise: True
DRAW
*
*
*
*
visualise: True
DRAW
*
*
*
*
visualise: True
DRAW
*
*
*
*
visualise: True
DRAW
*
*
*
*
visualise: True
DRAW
*
*
*
*
visualise: True
DRAW
*
*
*
*
visualise: True
DRAW
*
*
*
*
visualise: True
DRAW
*
*
*
*
visualise: True
DRAW
*
*
*
*
visualise: True
DRAW
*
*
*
*
visualise: True
DRAW
*
*
*
*
visualise: True
DRAW
*
*
*
*
visualise: True
DRAW
*
*
*
*
visualise: True
DRAW
*
*
*
*
visualise: True
DRAW
*
*
*
*
visualise: True
DRAW
*
*
*
*
visualise: True
DRAW
*
*
*
*
visualise: True
DRAW
*
*
*
*
visualise: True
DRAW
*
*
*
*
visualise: True
DRAW
*
*
*
*
visualise: True
DRAW
*
*
*
*
visualise: True
DRAW
*
*
*
*
visualise: True
DRAW
*
*
*
*
visualise: True
DRAW
*
*
*
*
visualise: True
DRAW
*
*
*
*
visualise: True
DRAW
*
*
*
*
visualise: True
DRAW
*
*
*
*
visualise: True
DRAW
*
*
*
*
visualise: True
DRAW
*
*
*
*
visualise: True
DRAW
*
*
*
*
visualise: True
DRAW
*
*
*
*
visualise: True
DRAW
*
*
*
*
visualise: True
DRAW
*
*
*
*
visualise: True
DRAW
*
*
*
*
visualise: True
DRAW
*
*
*
*
visualise: True
DRAW
*
*
*
*
visualise: True
DRAW
*
*
*
*
visualise: True
DRAW
*
*
*
*
visualise: True
DRAW
*
*
*
*
visualise: True
DRAW
*
*
*
*
visualise: True
DRAW
*
*
*
*
visualise: True
DRAW
*
*
*
*
visualise: True
DRAW
*
*
*
*
visualise: True
DRAW
*
*
*
*
visualise: True
DRAW
*
*
*
*
visualise: True
DRAW
*
*
*
*
visualise: True
DRAW
*
*
*
*
visualise: True
DRAW
*
*
*
*
visualise: True
DRAW
*
*
*
*
visualise: True
DRAW
*
*
*
*
visualise: True
DRAW
*
*
*
*
visualise: True
DRAW
*
*
*
*
visualise: True
DRAW
*
*
*
*
visualise: True
DRAW
*
*
*
*
visualise: True
DRAW
*
*
*
*
visualise: True
DRAW
*
*
*
*
visualise: True
DRAW
*
*
*
*
visualise: True
DRAW
*
*
*
*
visualise: True
DRAW
*
*
*
*
visualise: True
DRAW
*
*
*
*
visualise: True
DRAW
*
*
*
*
visualise: True
DRAW
*
*
*
*
visualise: True
DRAW
*
*
*
*
visualise: True
DRAW
*
*
*
*
visualise: True
DRAW
*
*
*
*
visualise: True
DRAW
*
*
*
*
visualise: True
DRAW
*
*
*
*
visualise: True
DRAW
*
*
*
*
visualise: True
DRAW
*
*
*
*
visualise: True
DRAW
*
*
*
*
visualise: True
DRAW
*
*
*
*
visualise: True
DRAW
*
*
*
*
visualise: True
DRAW
*
*
*
*
visualise: True
DRAW
*
*
*
*
visualise: True
DRAW
*
*
*
*
visualise: True
DRAW
*
*
*
*
visualise: True
DRAW
*
*
*
*
visualise: True
DRAW
*
*
*
*
visualise: True
DRAW
*
*
*
*
visualise: True
DRAW
*
*
*
*
visualise: True
DRAW
*
*
*
*
visualise: True
DRAW
*
*
*
*
visualise: True
DRAW
*
*
*
*
visualise: True
DRAW
*
*
*
*
visualise: True
DRAW
*
*
*
*
visualise: True
DRAW
*
*
*
*
visualise: True
DRAW
*
*
*
*
visualise: True
DRAW
*
*
*
*
visualise: True
DRAW
*
*
*
*
visualise: True
DRAW
*
*
*
*
visualise: True
DRAW
*
*
*
*
visualise: True
DRAW
*
*
*
*
visualise: True
DRAW
*
*
*
*
visualise: True
DRAW
*
*
*
*
visualise: True
DRAW
*
*
*
*
visualise: True
DRAW
*
*
*
*
visualise: True
DRAW
*
*
*
*
visualise: True
DRAW
*
*
*
*
visualise: True
DRAW
*
*
*
*
visualise: True
DRAW
*
*
*
*
visualise: True
DRAW
*
*
*
*
visualise: True
DRAW
*
*
*
*
visualise: True
DRAW
*
*
*
*
visualise: True
DRAW
*
*
*
*
visualise: True
DRAW
*
*
*
*
visualise: True
DRAW
*
*
*
*
visualise: True
DRAW
*
*
*
*
visualise: True
DRAW
*
*
*
*
visualise: True
DRAW
*
*
*
*
visualise: True
DRAW
*
*
*
*
visualise: True
DRAW
*
*
*
*
visualise: True
DRAW
*
*
*
*
visualise: True
DRAW
*
*
*
*
visualise: True
DRAW
*
*
*
*
visualise: True
DRAW
*
*
*
*
visualise: True
DRAW
*
*
*
*
visualise: True
DRAW
*
*
*
*
visualise: True
DRAW
*
*
*
*
visualise: True
DRAW
*
*
*
*
visualise: True
DRAW
*
*
*
*
visualise: True
DRAW
*
*
*
*
visualise: True
DRAW
*
*
*
*
visualise: True
DRAW
*
*
*
*
visualise: True
DRAW
*
*
*
*
visualise: True
DRAW
*
*
*
*
visualise: True
DRAW
*
*
*
*
visualise: True
DRAW
*
*
*
*
visualise: True
DRAW
*
*
*
*
visualise: True
DRAW
*
*
*
*
visualise: True
DRAW
*
*
*
*
visualise: True
DRAW
*
*
*
*
visualise: True
DRAW
*
*
*
*
visualise: True
DRAW
*
*
*
*
visualise: True
DRAW
*
*
*
*
visualise: True
DRAW
*
*
*
*
visualise: True
DRAW
*
*
*
*
visualise: True
DRAW
*
*
*
*
visualise: True
DRAW
*
*
*
*
visualise: True
DRAW
*
*
*
*
visualise: True
DRAW
*
*
*
*
visualise: True
DRAW
*
*
*
*
visualise: True
DRAW
*
*
*
*
visualise: True
DRAW
*
*
*
*
visualise: True
DRAW
*
*
*
*
visualise: True
DRAW
*
*
*
*
visualise: True
DRAW
*
*
*
*
visualise: True
DRAW
*
*
*
*
visualise: True
DRAW
*
*
*
*
visualise: True
DRAW
*
*
*
*
visualise: True
DRAW
*
*
*
*
visualise: True
DRAW
*
*
*
*
visualise: True
DRAW
*
*
*
*
visualise: True
DRAW
*
*
*
*
visualise: True
DRAW
*
*
*
*
visualise: True
DRAW
*
*
*
*
visualise: True
DRAW
*
*
*
*
visualise: True
DRAW
*
*
*
*
visualise: True
DRAW
*
*
*
*
visualise: True
DRAW
*
*
*
*
visualise: True
DRAW
*
*
*
*
visualise: True
DRAW
*
*
*
*
visualise: True
DRAW
*
*
*
*
visualise: True
DRAW
*
*
*
*
visualise: True
DRAW
*
*
*
*
visualise: True
DRAW
*
*
*
*
visualise: True
DRAW
*
*
*
*
visualise: True
DRAW
*
*
*
*
visualise: True
DRAW
*
*
*
*
visualise: True
DRAW
*
*
*
*
visualise: True
DRAW
*
*
*
*
visualise: True
DRAW
*
*
*
*
visualise: True
DRAW
*
*
*
*
visualise: True
DRAW
*
*
*
*
visualise: True
DRAW
*
*
*
*
visualise: True
DRAW
*
*
*
*
visualise: True
DRAW
*
*
*
*
visualise: True
DRAW
*
*
*
*
visualise: True
DRAW
*
*
*
*
visualise: True
DRAW
*
*
*
*
visualise: True
DRAW
*
*
*
*
visualise: True
DRAW
*
*
*
*
visualise: True
DRAW
*
*
*
*
visualise: True
DRAW
*
*
*
*
visualise: True
DRAW
*
*
*
*
visualise: True
DRAW
*
*
*
*
visualise: True
DRAW
*
*
*
*
visualise: True
DRAW
*
*
*
*
visualise: True
DRAW
*
*
*
*
visualise: True
DRAW
*
*
*
*
visualise: True
DRAW
*
*
*
*
visualise: True
DRAW
*
*
*
*
visualise: True
DRAW
*
*
*
*
visualise: True
DRAW
*
*
*
*
visualise: True
DRAW
*
*
*
*
visualise: True
DRAW
*
*
*
*
visualise: True
DRAW
*
*
*
*
visualise: True
DRAW
*
*
*
*
visualise: True
DRAW
*
*
*
*
visualise: True
DRAW
*
*
*
*
visualise: True
DRAW
*
*
*
*
visualise: True
DRAW
*
*
*
*
visualise: True
DRAW
*
*
*
*
visualise: True
DRAW
*
*
*
*
visualise: True
DRAW
*
*
*
*
visualise: True
DRAW
*
*
*
*
visualise: True
DRAW
*
*
*
*
visualise: True
DRAW
*
*
*
*
visualise: True
DRAW
*
*
*
*
visualise: True
DRAW
*
*
*
*
visualise: True
DRAW
*
*
*
*
visualise: True
DRAW
*
*
*
*
visualise: True
DRAW
*
*
*
*
visualise: True
DRAW
*
*
*
*
visualise: True
DRAW
*
*
*
*
visualise: True
DRAW
*
*
*
*
visualise: True
DRAW
*
*
*
*
visualise: True
DRAW
*
*
*
*
visualise: True
DRAW
*
*
*
*
visualise: True
DRAW
*
*
*
*
visualise: True
DRAW
*
*
*
*
visualise: True
DRAW
*
*
*
*
visualise: True
DRAW
*
*
*
*
visualise: True
DRAW
*
*
*
*
visualise: True
DRAW
*
*
*
*
visualise: True
DRAW
*
*
*
*
visualise: True
DRAW
*
*
*
*
visualise: True
DRAW
*
*
*
*
visualise: True
DRAW
*
*
*
*
visualise: True
DRAW
*
*
*
*
visualise: True
DRAW
*
*
*
*
visualise: True
DRAW
*
*
*
*
visualise: True
DRAW
*
*
*
*
visualise: True
DRAW
*
*
*
*
visualise: True
DRAW
*
*
*
*
visualise: True
DRAW
*
*
*
*
visualise: True
DRAW
*
*
*
*
visualise: True
DRAW
*
*
*
*
visualise: True
DRAW
*
*
*
*
visualise: True
DRAW
*
*
*
*
visualise: True
DRAW
*
*
*
*
visualise: True
DRAW
*
*
*
*
visualise: True
DRAW
*
*
*
*
visualise: True
DRAW
*
*
*
*
visualise: True
DRAW
*
*
*
*
visualise: True
DRAW
*
*
*
*
visualise: True
DRAW
*
*
*
*
visualise: True
DRAW
*
*
*
*
visualise: True
DRAW
*
*
*
*
visualise: True
DRAW
*
*
*
*
visualise: True
DRAW
*
*
*
*
visualise: True
DRAW
*
*
*
*
visualise: True
DRAW
*
*
*
*
visualise: True
DRAW
*
*
*
*
visualise: True
DRAW
*
*
*
*
visualise: True
DRAW
*
*
*
*
visualise: True
DRAW
*
*
*
*
visualise: True
DRAW
*
*
*
*
visualise: True
DRAW
*
*
*
*
visualise: True
DRAW
*
*
*
*
visualise: True
DRAW
*
*
*
*
visualise: True
DRAW
*
*
*
*
visualise: True
DRAW
*
*
*
*
visualise: True
DRAW
*
*
*
*
visualise: True
DRAW
*
*
*
*
visualise: True
DRAW
*
*
*
*
visualise: True
DRAW
*
*
*
*
visualise: True
DRAW
*
*
*
*
visualise: True
DRAW
*
*
*
*
visualise: True
DRAW
*
*
*
*
visualise: True
DRAW
*
*
*
*
visualise: True
DRAW
*
*
*
*
visualise: True
DRAW
*
*
*
*
visualise: True
DRAW
*
*
*
*
visualise: True
DRAW
*
*
*
*
visualise: True
DRAW
*
*
*
*
visualise: True
DRAW
*
*
*
*
visualise: True
DRAW
*
*
*
*
visualise: True
DRAW
*
*
*
*
visualise: True
DRAW
*
*
*
*
visualise: True
DRAW
*
*
*
*
visualise: True
DRAW
*
*
*
*
visualise: True
DRAW
*
*
*
*
visualise: True
DRAW
*
*
*
*
visualise: True
DRAW
*
*
*
*
visualise: True
DRAW
*
*
*
*
visualise: True
DRAW
*
*
*
*
visualise: True
DRAW
*
*
*
*
visualise: True
DRAW
*
*
*
*
visualise: True
DRAW
*
*
*
*
visualise: True
DRAW
*
*
*
*
visualise: True
DRAW
*
*
*
*
visualise: True
DRAW
*
*
*
*
visualise: True
DRAW
*
*
*
*
visualise: True
DRAW
*
*
*
*
visualise: True
DRAW
*
*
*
*
visualise: True
DRAW
*
*
*
*
visualise: True
DRAW
*
*
*
*
visualise: True
DRAW
*
*
*
*
visualise: True
DRAW
*
*
*
*
visualise: True
DRAW
*
*
*
*
visualise: True
DRAW
*
*
*
*
visualise: True
DRAW
*
*
*
*
visualise: True
DRAW
*
*
*
*
visualise: True
DRAW
*
*
*
*
visualise: True
DRAW
*
*
*
*
visualise: True
DRAW
*
*
*
*
visualise: True
DRAW
*
*
*
*
visualise: True
DRAW
*
*
*
*
visualise: True
DRAW
*
*
*
*
visualise: True
DRAW
*
*
*
*
visualise: True
DRAW
*
*
*
*
visualise: True
DRAW
*
*
*
*
visualise: True
DRAW
*
*
*
*
visualise: True
DRAW
*
*
*
*
visualise: True
DRAW
*
*
*
*
visualise: True
DRAW
*
*
*
*
visualise: True
DRAW
*
*
*
*
visualise: True
DRAW
*
*
*
*
visualise: True
DRAW
*
*
*
*
visualise: True
DRAW
*
*
*
*
visualise: True
DRAW
*
*
*
*
visualise: True
DRAW
*
*
*
*
visualise: True
DRAW
*
*
*
*
visualise: True
DRAW
*
*
*
*
visualise: True
DRAW
*
*
*
*
visualise: True
DRAW
*
*
*
*
visualise: True
DRAW
*
*
*
*
visualise: True
DRAW
*
*
*
*
visualise: True
DRAW
*
*
*
*
visualise: True
DRAW
*
*
*
*
visualise: True
DRAW
*
*
*
*
visualise: True
DRAW
*
*
*
*
visualise: True
DRAW
*
*
*
*
visualise: True
DRAW
*
*
*
*
visualise: True
DRAW
*
*
*
*
visualise: True
DRAW
*
*
*
*
visualise: True
DRAW
*
*
*
*
visualise: True
DRAW
*
*
*
*
visualise: True
DRAW
*
*
*
*
visualise: True
DRAW
*
*
*
*
visualise: True
DRAW
*
*
*
*
visualise: True
DRAW
*
*
*
*
visualise: True
DRAW
*
*
*
*
visualise: True
DRAW
*
*
*
*
visualise: True
DRAW
*
*
*
*
visualise: True
DRAW
*
*
*
*
visualise: True
DRAW
*
*
*
*
visualise: True
DRAW
*
*
*
*
visualise: True
DRAW
*
*
*
*
visualise: True
DRAW
*
*
*
*
visualise: True
DRAW
*
*
*
*
visualise: True
DRAW
*
*
*
*
visualise: True
DRAW
*
*
*
*
visualise: True
DRAW
*
*
*
*
visualise: True
DRAW
*
*
*
*
visualise: True
DRAW
*
*
*
*
visualise: True
DRAW
*
*
*
*
visualise: True
DRAW
*
*
*
*
visualise: True
DRAW
*
*
*
*
visualise: True
DRAW
*
*
*
*
visualise: True
DRAW
*
*
*
*
visualise: True
DRAW
*
*
*
*
visualise: True
DRAW
*
*
*
*
visualise: True
DRAW
*
*
*
*
visualise: True
DRAW
*
*
*
*
visualise: True
DRAW
*
*
*
*
visualise: True
DRAW
*
*
*
*
visualise: True
DRAW
*
*
*
*
visualise: True
DRAW
*
*
*
*
visualise: True
DRAW
*
*
*
*
visualise: True
DRAW
*
*
*
*
visualise: True
DRAW
*
*
*
*
visualise: True
DRAW
*
*
*
*
visualise: True
DRAW
*
*
*
*
visualise: True
DRAW
*
*
*
*
visualise: True
DRAW
*
*
*
*
visualise: True
DRAW
*
*
*
*
visualise: True
DRAW
*
*
*
*
visualise: True
DRAW
*
*
*
*
visualise: True
DRAW
*
*
*
*
visualise: True
DRAW
*
*
*
*
visualise: True
DRAW
*
*
*
*
visualise: True
DRAW
*
*
*
*
visualise: True
DRAW
*
*
*
*
visualise: True
DRAW
*
*
*
*
visualise: True
DRAW
*
*
*
*
visualise: True
DRAW
*
*
*
*
visualise: True
DRAW
*
*
*
*
visualise: True
DRAW
*
*
*
*
visualise: True
DRAW
*
*
*
*
visualise: True
DRAW
*
*
*
*
visualise: True
DRAW
*
*
*
*
visualise: True
DRAW
*
*
*
*
visualise: True
DRAW
*
*
*
*
visualise: True
DRAW
*
*
*
*
visualise: True
DRAW
*
*
*
*
visualise: True
DRAW
*
*
*
*
visualise: True
DRAW
*
*
*
*
visualise: True
DRAW
*
*
*
*
visualise: True
DRAW
*
*
*
*
visualise: True
DRAW
*
*
*
*
visualise: True
DRAW
*
*
*
*
visualise: True
DRAW
*
*
*
*
visualise: True
DRAW
*
*
*
*
visualise: True
DRAW
*
*
*
*
visualise: True
DRAW
*
*
*
*
visualise: True
DRAW
*
*
*
*
visualise: True
DRAW
*
*
*
*
visualise: True
DRAW
*
*
*
*
visualise: True
DRAW
*
*
*
*
visualise: True
DRAW
*
*
*
*
visualise: True
DRAW
*
*
*
*
visualise: True
DRAW
*
*
*
*
visualise: True
DRAW
*
*
*
*
visualise: True
DRAW
*
*
*
*
visualise: True
DRAW
*
*
*
*
visualise: True
DRAW
*
*
*
*
visualise: True
DRAW
*
*
*
*
visualise: True
DRAW
*
*
*
*
visualise: True
DRAW
*
*
*
*
visualise: True
DRAW
*
*
*
*
visualise: True
DRAW
*
*
*
*
visualise: True
DRAW
*
*
*
*
visualise: True
DRAW
*
*
*
*
visualise: True
DRAW
*
*
*
*
visualise: True
DRAW
*
*
*
*
visualise: True
DRAW
*
*
*
*
visualise: True
DRAW
*
*
*
*
visualise: True
DRAW
*
*
*
*
visualise: True
DRAW
*
*
*
*
visualise: True
DRAW
*
*
*
*
visualise: True
DRAW
*
*
*
*
visualise: True
DRAW
*
*
*
*
visualise: True
DRAW
*
*
*
*
visualise: True
DRAW
*
*
*
*
visualise: True
DRAW
*
*
*
*
visualise: True
DRAW
*
*
*
*
visualise: True
DRAW
*
*
*
*
visualise: True
DRAW
*
*
*
*
visualise: True
DRAW
*
*
*
*
visualise: True
DRAW
*
*
*
*
visualise: True
DRAW
*
*
*
*
visualise: True
DRAW
*
*
*
*
visualise: True
DRAW
*
*
*
*
visualise: True
DRAW
*
*
*
*
visualise: True
DRAW
*
*
*
*
visualise: True
DRAW
*
*
*
*
visualise: True
DRAW
*
*
*
*
visualise: True
DRAW
*
*
*
*
visualise: True
DRAW
*
*
*
*
visualise: True
DRAW
*
*
*
*
visualise: True
DRAW
*
*
*
*
visualise: True
DRAW
*
*
*
*
visualise: True
DRAW
*
*
*
*
visualise: True
DRAW
*
*
*
*
visualise: True
DRAW
*
*
*
*
visualise: True
DRAW
*
*
*
*
visualise: True
DRAW
*
*
*
*
visualise: True
DRAW
*
*
*
*
visualise: True
DRAW
*
*
*
*
visualise: True
DRAW
*
*
*
*
visualise: True
DRAW
*
*
*
*
visualise: True
DRAW
*
*
*
*
visualise: True
DRAW
*
*
*
*
visualise: True
DRAW
*
*
*
*
visualise: True
DRAW
*
*
*
*
visualise: True
DRAW
*
*
*
*
visualise: True
DRAW
*
*
*
*
visualise: True
DRAW
*
*
*
*
visualise: True
DRAW
*
*
*
*
visualise: True
DRAW
*
*
*
*
visualise: True
DRAW
*
*
*
*
visualise: True
DRAW
*
*
*
*
visualise: True
DRAW
*
*
*
*
visualise: True
DRAW
*
*
*
*
visualise: True
DRAW
*
*
*
*
visualise: True
DRAW
*
*
*
*
visualise: True
DRAW
*
*
*
*
visualise: True
DRAW
*
*
*
*
visualise: True
DRAW
*
*
*
*
visualise: True
DRAW
*
*
*
*
visualise: True
DRAW
*
*
*
*
visualise: True
DRAW
*
*
*
*
visualise: True
DRAW
*
*
*
*
visualise: True
DRAW
*
*
*
*
visualise: True
DRAW
*
*
*
*
visualise: True
DRAW
*
*
*
*
visualise: True
DRAW
*
*
*
*
visualise: True
DRAW
*
*
*
*
visualise: True
DRAW
*
*
*
*
visualise: True
DRAW
*
*
*
*
visualise: True
DRAW
*
*
*
*
visualise: True
DRAW
*
*
*
*
visualise: True
DRAW
*
*
*
*
visualise: True
DRAW
*
*
*
*
visualise: True
DRAW
*
*
*
*
visualise: True
DRAW
*
*
*
*
visualise: True
DRAW
*
*
*
*
visualise: True
DRAW
*
*
*
*
visualise: True
DRAW
*
*
*
*
visualise: True
DRAW
*
*
*
*
visualise: True
DRAW
*
*
*
*
visualise: True
DRAW
*
*
*
*
visualise: True
DRAW
*
*
*
*
visualise: True
DRAW
*
*
*
*
visualise: True
DRAW
*
*
*
*
visualise: True
DRAW
*
*
*
*
visualise: True
DRAW
*
*
*
*
visualise: True
DRAW
*
*
*
*
visualise: True
DRAW
*
*
*
*
visualise: True
DRAW
*
*
*
*
visualise: True
DRAW
*
*
*
*
visualise: True
DRAW
*
*
*
*
visualise: True
DRAW
*
*
*
*
visualise: True
DRAW
*
*
*
*
visualise: True
DRAW
*
*
*
*
visualise: True
DRAW
*
*
*
*
visualise: True
DRAW
*
*
*
*
visualise: True
DRAW
*
*
*
*
visualise: True
DRAW
*
*
*
*
visualise: True
DRAW
*
*
*
*
visualise: True
DRAW
*
*
*
*
visualise: True
DRAW
*
*
*
*
visualise: True
DRAW
*
*
*
*
visualise: True
DRAW
*
*
*
*
visualise: True
DRAW
*
*
*
*
visualise: True
DRAW
*
*
*
*
visualise: True
DRAW
*
*
*
*
visualise: True
DRAW
*
*
*
*
visualise: True
DRAW
*
*
*
*
visualise: True
DRAW
*
*
*
*
visualise: True
DRAW
*
*
*
*
visualise: True
DRAW
*
*
*
*
visualise: True
DRAW
*
*
*
*
visualise: True
DRAW
*
*
*
*
visualise: True
DRAW
*
*
*
*
visualise: True
DRAW
*
*
*
*
visualise: True
DRAW
*
*
*
*
visualise: True
DRAW
*
*
*
*
visualise: True
DRAW
*
*
*
*
visualise: True
DRAW
*
*
*
*
visualise: True
DRAW
*
*
*
*
visualise: True
DRAW
*
*
*
*
visualise: True
DRAW
*
*
*
*
visualise: True
DRAW
*
*
*
*
visualise: True
DRAW
*
*
*
*
visualise: True
DRAW
*
*
*
*
visualise: True
DRAW
*
*
*
*
visualise: True
DRAW
*
*
*
*
visualise: True
DRAW
*
*
*
*
visualise: True
DRAW
*
*
*
*
visualise: True
DRAW
*
*
*
*
visualise: True
DRAW
*
*
*
*
visualise: True
DRAW
*
*
*
*
visualise: True
DRAW
*
*
*
*
visualise: True
DRAW
*
*
*
*
visualise: True
DRAW
*
*
*
*
visualise: True
DRAW
*
*
*
*
visualise: True
DRAW
*
*
*
*
visualise: True
DRAW
*
*
*
*
visualise: True
DRAW
*
*
*
*
visualise: True
DRAW
*
*
*
*
visualise: True
DRAW
*
*
*
*
visualise: True
DRAW
*
*
*
*
visualise: True
DRAW
*
*
*
*
visualise: True
DRAW
*
*
*
*
visualise: True
DRAW
*
*
*
*
visualise: True
DRAW
*
*
*
*
visualise: True
DRAW
*
*
*
*
visualise: True
DRAW
*
*
*
*
visualise: True
DRAW
*
*
*
*
visualise: True
DRAW
*
*
*
*
visualise: True
DRAW
*
*
*
*
visualise: True
DRAW
*
*
*
*
visualise: True
DRAW
*
*
*
*
visualise: True
DRAW
*
*
*
*
visualise: True
DRAW
*
*
*
*
visualise: True
DRAW
*
*
*
*
visualise: True
DRAW
*
*
*
*
visualise: True
DRAW
*
*
*
*
visualise: True
DRAW
*
*
*
*
visualise: True
DRAW
*
*
*
*
visualise: True
DRAW
*
*
*
*
visualise: True
DRAW
*
*
*
*
visualise: True
DRAW
*
*
*
*
visualise: True
DRAW
*
*
*
*
visualise: True
DRAW
*
*
*
*
visualise: True
DRAW
*
*
*
*
visualise: True
DRAW
*
*
*
*
visualise: True
DRAW
*
*
*
*
visualise: True
DRAW
*
*
*
*
visualise: True
DRAW
*
*
*
*
visualise: True
DRAW
*
*
*
*
visualise: True
DRAW
*
*
*
*
visualise: True
DRAW
*
*
*
*
visualise: True
DRAW
*
*
*
*
visualise: True
DRAW
*
*
*
*
visualise: True
DRAW
*
*
*
*
visualise: True
DRAW
*
*
*
*
visualise: True
DRAW
*
*
*
*
visualise: True
DRAW
*
*
*
*
visualise: True
DRAW
*
*
*
*
visualise: True
DRAW
*
*
*
*
visualise: True
DRAW
*
*
*
*
visualise: True
DRAW
*
*
*
*
visualise: True
DRAW
*
*
*
*
visualise: True
DRAW
*
*
*
*
visualise: True
DRAW
*
*
*
*
visualise: True
DRAW
*
*
*
*
visualise: True
DRAW
*
*
*
*
visualise: True
DRAW
*
*
*
*
visualise: True
DRAW
*
*
*
*
visualise: True
DRAW
*
*
*
*
visualise: True
DRAW
*
*
*
*
visualise: True
DRAW
*
*
*
*
visualise: True
DRAW
*
*
*
*
visualise: True
DRAW
*
*
*
*
visualise: True
DRAW
*
*
*
*
visualise: True
DRAW
*
*
*
*
visualise: True
DRAW
*
*
*
*
visualise: True
DRAW
*
*
*
*
visualise: True
DRAW
*
*
*
*
visualise: True
DRAW
*
*
*
*
visualise: True
DRAW
*
*
*
*
visualise: True
DRAW
*
*
*
*
visualise: True
DRAW
*
*
*
*
visualise: True
DRAW
*
*
*
*
visualise: True
DRAW
*
*
*
*
visualise: True
DRAW
*
*
*
*
visualise: True
DRAW
*
*
*
*
visualise: True
DRAW
*
*
*
*
visualise: True
DRAW
*
*
*
*
visualise: True
DRAW
*
*
*
*
visualise: True
DRAW
*
*
*
*
visualise: True
DRAW
*
*
*
*
visualise: True
DRAW
*
*
*
*
visualise: True
DRAW
*
*
*
*
visualise: True
DRAW
*
*
*
*
visualise: True
DRAW
*
*
*
*
visualise: True
DRAW
*
*
*
*
visualise: True
DRAW
*
*
*
*
visualise: True
DRAW
*
*
*
*
visualise: True
DRAW
*
*
*
*
visualise: True
DRAW
*
*
*
*
visualise: True
DRAW
*
*
*
*
visualise: True
DRAW
*
*
*
*
visualise: True
DRAW
*
*
*
*
visualise: True
DRAW
*
*
*
*
visualise: True
DRAW
*
*
*
*
visualise: True
DRAW
*
*
*
*
visualise: True
DRAW
*
*
*
*
visualise: True
DRAW
*
*
*
*
visualise: True
DRAW
*
*
*
*
visualise: True
DRAW
*
*
*
*
visualise: True
DRAW
*
*
*
*
visualise: True
DRAW
*
*
*
*
visualise: True
DRAW
*
*
*
*
visualise: True
DRAW
*
*
*
*
visualise: True
DRAW
*
*
*
*
visualise: True
DRAW
*
*
*
*
visualise: True
DRAW
*
*
*
*
visualise: True
DRAW
*
*
*
*
visualise: True
DRAW
*
*
*
*
visualise: True
DRAW
*
*
*
*
visualise: True
DRAW
*
*
*
*
visualise: True
DRAW
*
*
*
*
visualise: True
DRAW
*
*
*
*
visualise: True
DRAW
*
*
*
*
visualise: True
DRAW
*
*
*
*
visualise: True
DRAW
*
*
*
*
visualise: True
DRAW
*
*
*
*
visualise: True
DRAW
*
*
*
*
visualise: True
DRAW
*
*
*
*
visualise: True
DRAW
*
*
*
*
visualise: True
DRAW
*
*
*
*
visualise: True
DRAW
*
*
*
*
visualise: True
DRAW
*
*
*
*
visualise: True
DRAW
*
*
*
*
visualise: True
DRAW
*
*
*
*
visualise: True
DRAW
*
*
*
*
visualise: True
DRAW
*
*
*
*
visualise: True
DRAW
*
*
*
*
visualise: True
DRAW
*
*
*
*
visualise: True
DRAW
*
*
*
*
visualise: True
DRAW
*
*
*
*
visualise: True
DRAW
*
*
*
*
visualise: True
DRAW
*
*
*
*
visualise: True
DRAW
*
*
*
*
visualise: True
DRAW
*
*
*
*
visualise: True
DRAW
*
*
*
*
visualise: True
DRAW
*
*
*
*
visualise: True
DRAW
*
*
*
*
visualise: True
DRAW
*
*
*
*
visualise: True
DRAW
*
*
*
*
visualise: True
DRAW
*
*
*
*
visualise: True
DRAW
*
*
*
*
visualise: True
DRAW
*
*
*
*
visualise: True
DRAW
*
*
*
*
visualise: True
DRAW
*
*
*
*
visualise: True
DRAW
*
*
*
*
visualise: True
DRAW
*
*
*
*
visualise: True
DRAW
*
*
*
*
visualise: True
DRAW
*
*
*
*
visualise: True
DRAW
*
*
*
*
visualise: True
DRAW
*
*
*
*
visualise: True
DRAW
*
*
*
*
visualise: True
DRAW
*
*
*
*
visualise: True
DRAW
*
*
*
*
visualise: True
DRAW
*
*
*
*
visualise: True
DRAW
*
*
*
*
visualise: True
DRAW
*
*
*
*
visualise: True
DRAW
*
*
*
*
visualise: True
DRAW
*
*
*
*
visualise: True
DRAW
*
*
*
*
visualise: True
DRAW
*
*
*
*
visualise: True
DRAW
*
*
*
*
visualise: True
DRAW
*
*
*
*
visualise: True
DRAW
*
*
*
*
visualise: True
DRAW
*
*
*
*
visualise: True
DRAW
*
*
*
*
visualise: True
DRAW
*
*
*
*
visualise: True
DRAW
*
*
*
*
visualise: True
DRAW
*
*
*
*
visualise: True
DRAW
*
*
*
*
visualise: True
DRAW
*
*
*
*
visualise: True
DRAW
*
*
*
*
visualise: True
DRAW
*
*
*
*
visualise: True
DRAW
*
*
*
*
visualise: True
DRAW
*
*
*
*
visualise: True
DRAW
*
*
*
*
visualise: True
DRAW
*
*
*
*
visualise: True
DRAW
*
*
*
*
visualise: True
DRAW
*
*
*
*
visualise: True
DRAW
*
*
*
*
visualise: True
DRAW
*
*
*
*
visualise: True
DRAW
*
*
*
*
visualise: True
DRAW
*
*
*
*
visualise: True
DRAW
*
*
*
*
visualise: True
DRAW
*
*
*
*
visualise: True
DRAW
*
*
*
*
visualise: True
DRAW
*
*
*
*
visualise: True
DRAW
*
*
*
*
visualise: True
DRAW
*
*
*
*
visualise: True
DRAW
*
*
*
*
visualise: True
DRAW
*
*
*
*
visualise: True
DRAW
*
*
*
*
visualise: True
DRAW
*
*
*
*
visualise: True
DRAW
*
*
*
*
visualise: True
DRAW
*
*
*
*
visualise: True
DRAW
*
*
*
*
visualise: True
DRAW
*
*
*
*
visualise: True
DRAW
*
*
*
*
visualise: True
DRAW
*
*
*
*
visualise: True
DRAW
*
*
*
*
visualise: True
DRAW
*
*
*
*
visualise: True
DRAW
*
*
*
*
visualise: True
DRAW
*
*
*
*
visualise: True
DRAW
*
*
*
*
visualise: True
DRAW
*
*
*
*
visualise: True
DRAW
*
*
*
*
visualise: True
DRAW
*
*
*
*
visualise: True
DRAW
*
*
*
*
visualise: True
DRAW
*
*
*
*
visualise: True
DRAW
*
*
*
*
visualise: True
DRAW
*
*
*
*
visualise: True
DRAW
*
*
*
*
visualise: True
DRAW
*
*
*
*
visualise: True
DRAW
*
*
*
*
visualise: True
DRAW
*
*
*
*
visualise: True
DRAW
*
*
*
*
visualise: True
DRAW
*
*
*
*
visualise: True
DRAW
*
*
*
*
visualise: True
DRAW
*
*
*
*
visualise: True
DRAW
*
*
*
*
visualise: True
DRAW
*
*
*
*
visualise: True
DRAW
*
*
*
*
visualise: True
DRAW
*
*
*
*
visualise: True
DRAW
*
*
*
*
visualise: True
DRAW
*
*
*
*
visualise: True
DRAW
*
*
*
*
visualise: True
DRAW
*
*
*
*
visualise: True
DRAW
*
*
*
*
visualise: True
DRAW
*
*
*
*
visualise: True
DRAW
*
*
*
*
visualise: True
DRAW
*
*
*
*
visualise: True
DRAW
*
*
*
*
visualise: True
DRAW
*
*
*
*
visualise: True
DRAW
*
*
*
*
visualise: True
DRAW
*
*
*
*
visualise: True
DRAW
*
*
*
*
visualise: True
DRAW
*
*
*
*
visualise: True
DRAW
*
*
*
*
visualise: True
DRAW
*
*
*
*
visualise: True
DRAW
*
*
*
*
visualise: True
DRAW
*
*
*
*
visualise: True
DRAW
*
*
*
*
visualise: True
DRAW
*
*
*
*
visualise: True
DRAW
*
*
*
*
visualise: True
DRAW
*
*
*
*
visualise: True
DRAW
*
*
*
*
visualise: True
DRAW
*
*
*
*
visualise: True
DRAW
*
*
*
*
visualise: True
DRAW
*
*
*
*
visualise: True
DRAW
*
*
*
*
visualise: True
DRAW
*
*
*
*
visualise: True
DRAW
*
*
*
*
visualise: True
DRAW
*
*
*
*
visualise: True
DRAW
*
*
*
*
visualise: True
DRAW
*
*
*
*
visualise: True
DRAW
*
*
*
*
visualise: True
DRAW
*
*
*
*
visualise: True
DRAW
*
*
*
*
visualise: True
DRAW
*
*
*
*
visualise: True
DRAW
*
*
*
*
visualise: True
DRAW
*
*
*
*
visualise: True
DRAW
*
*
*
*
visualise: True
DRAW
*
*
*
*
visualise: True
DRAW
*
*
*
*
visualise: True
DRAW
*
*
*
*
visualise: True
DRAW
*
*
*
*
visualise: True
DRAW
*
*
*
*
visualise: True
DRAW
*
*
*
*
visualise: True
DRAW
*
*
*
*
visualise: True
DRAW
*
*
*
*
visualise: True
DRAW
*
*
*
*
visualise: True
DRAW
*
*
*
*
visualise: True
DRAW
*
*
*
*
visualise: True
DRAW
*
*
*
*
visualise: True
DRAW
*
*
*
*
visualise: True
DRAW
*
*
*
*
visualise: True
DRAW
*
*
*
*
visualise: True
DRAW
*
*
*
*
visualise: True
DRAW
*
*
*
*
visualise: True
DRAW
*
*
*
*
visualise: True
DRAW
*
*
*
*
visualise: True
DRAW
*
*
*
*
visualise: True
DRAW
*
*
*
*
visualise: True
DRAW
*
*
*
*
visualise: True
DRAW
*
*
*
*
visualise: True
DRAW
*
*
*
*
visualise: True
DRAW
*
*
*
*
visualise: True
DRAW
*
*
*
*
visualise: True
DRAW
*
*
*
*
visualise: True
DRAW
*
*
*
*
visualise: True
DRAW
*
*
*
*
visualise: True
DRAW
*
*
*
*
visualise: True
DRAW
*
*
*
*
visualise: True
DRAW
*
*
*
*
visualise: True
DRAW
*
*
*
*
visualise: True
DRAW
*
*
*
*
visualise: True
DRAW
*
*
*
*
visualise: True
DRAW
*
*
*
*
visualise: True
DRAW
*
*
*
*
visualise: True
DRAW
*
*
*
*
visualise: True
DRAW
*
*
*
*
visualise: True
DRAW
*
*
*
*
visualise: True
DRAW
*
*
*
*
visualise: True
DRAW
*
*
*
*
visualise: True
DRAW
*
*
*
*
visualise: True
DRAW
*
*
*
*
visualise: True
DRAW
*
*
*
*
visualise: True
DRAW
*
*
*
*
visualise: True
DRAW
*
*
*
*
visualise: True
DRAW
*
*
*
*
visualise: True
DRAW
*
*
*
*
visualise: True
DRAW
*
*
*
*
visualise: True
DRAW
*
*
*
*
visualise: True
DRAW
*
*
*
*
visualise: True
DRAW
*
*
*
*
visualise: True
DRAW
*
*
*
*
visualise: True
DRAW
*
*
*
*
visualise: True
DRAW
*
*
*
*
visualise: True
DRAW
*
*
*
*
visualise: True
DRAW
*
*
*
*
visualise: True
DRAW
*
*
*
*
visualise: True
DRAW
*
*
*
*
visualise: True
DRAW
*
*
*
*
visualise: True
DRAW
*
*
*
*
visualise: True
DRAW
*
*
*
*
visualise: True
DRAW
*
*
*
*
visualise: True
DRAW
*
*
*
*
visualise: True
DRAW
*
*
*
*
visualise: True
DRAW
*
*
*
*
visualise: True
DRAW
*
*
*
*
visualise: True
DRAW
*
*
*
*
visualise: True
DRAW
*
*
*
*
visualise: True
DRAW
*
*
*
*
visualise: True
DRAW
*
*
*
*
visualise: True
DRAW
*
*
*
*
visualise: True
DRAW
*
*
*
*
visualise: True
DRAW
*
*
*
*
visualise: True
DRAW
*
*
*
*
visualise: True
DRAW
*
*
*
*
visualise: True
DRAW
*
*
*
*
visualise: True
DRAW
*
*
*
*
visualise: True
DRAW
*
*
*
*
visualise: True
DRAW
*
*
*
*
visualise: True
DRAW
*
*
*
*
visualise: True
DRAW
*
*
*
*
visualise: True
DRAW
*
*
*
*
visualise: True
DRAW
*
*
*
*
visualise: True
DRAW
*
*
*
*
visualise: True
DRAW
*
*
*
*
visualise: True
DRAW
*
*
*
*
visualise: True
DRAW
*
*
*
*
visualise: True
DRAW
*
*
*
*
visualise: True
DRAW
*
*
*
*
visualise: True
DRAW
*
*
*
*
visualise: True
DRAW
*
*
*
*
visualise: True
DRAW
*
*
*
*
visualise: True
DRAW
*
*
*
*
visualise: True
DRAW
*
*
*
*
visualise: True
DRAW
*
*
*
*
visualise: True
DRAW
*
*
*
*
visualise: True
DRAW
*
*
*
*
visualise: True
DRAW
*
*
*
*
visualise: True
DRAW
*
*
*
*
visualise: True
DRAW
*
*
*
*
visualise: True
DRAW
*
*
*
*
visualise: True
DRAW
*
*
*
*
visualise: True
DRAW
*
*
*
*
visualise: True
DRAW
*
*
*
*
visualise: True
DRAW
*
*
*
*
visualise: True
DRAW
*
*
*
*
visualise: True
DRAW
*
*
*
*
visualise: True
DRAW
*
*
*
*
visualise: True
DRAW
*
*
*
*
visualise: True
DRAW
*
*
*
*
visualise: True
DRAW
*
*
*
*
visualise: True
DRAW
*
*
*
*
visualise: True
DRAW
*
*
*
*
visualise: True
DRAW
*
*
*
*
visualise: True
DRAW
*
*
*
*
visualise: True
DRAW
*
*
*
*
visualise: True
DRAW
*
*
*
*
visualise: True
DRAW
*
*
*
*
visualise: True
DRAW
*
*
*
*
visualise: True
DRAW
*
*
*
*
visualise: True
DRAW
*
*
*
*
visualise: True
DRAW
*
*
*
*
visualise: True
DRAW
*
*
*
*
visualise: True
DRAW
*
*
*
*
visualise: True
DRAW
*
*
*
*
visualise: True
DRAW
*
*
*
*
visualise: True
DRAW
*
*
*
*
visualise: True
DRAW
*
*
*
*
visualise: True
DRAW
*
*
*
*
visualise: True
DRAW
*
*
*
*
visualise: True
DRAW
*
*
*
*
visualise: True
DRAW
*
*
*
*
visualise: True
DRAW
*
*
*
*
visualise: True
DRAW
*
*
*
*
visualise: True
DRAW
*
*
*
*
visualise: True
DRAW
*
*
*
*
visualise: True
DRAW
*
*
*
*
visualise: True
DRAW
*
*
*
*
visualise: True
DRAW
*
*
*
*
visualise: True
DRAW
*
*
*
*
visualise: True
DRAW
*
*
*
*
visualise: True
DRAW
*
*
*
*
visualise: True
DRAW
*
*
*
*
visualise: True
DRAW
*
*
*
*
visualise: True
DRAW
*
*
*
*
visualise: True
DRAW
*
*
*
*
visualise: True
DRAW
*
*
*
*
visualise: True
DRAW
*
*
*
*
visualise: True
DRAW
*
*
*
*
visualise: True
DRAW
*
*
*
*
visualise: True
DRAW
*
*
*
*
visualise: True
DRAW
*
*
*
*
visualise: True
DRAW
*
*
*
*
visualise: True
DRAW
*
*
*
*
visualise: True
DRAW
*
*
*
*
visualise: True
DRAW
*
*
*
*
visualise: True
DRAW
*
*
*
*
visualise: True
DRAW
*
*
*
*
visualise: True
DRAW
*
*
*
*
visualise: True
DRAW
*
*
*
*
visualise: True
DRAW
*
*
*
*
visualise: True
DRAW
*
*
*
*
visualise: True
DRAW
*
*
*
*
visualise: True
DRAW
*
*
*
*
visualise: True
DRAW
*
*
*
*
visualise: True
DRAW
*
*
*
*
visualise: True
DRAW
*
*
*
*
visualise: True
DRAW
*
*
*
*
visualise: True
DRAW
*
*
*
*
visualise: True
DRAW
*
*
*
*
visualise: True
DRAW
*
*
*
*
visualise: True
DRAW
*
*
*
*
visualise: True
DRAW
*
*
*
*
visualise: True
DRAW
*
*
*
*
visualise: True
DRAW
*
*
*
*
visualise: True
DRAW
*
*
*
*
visualise: True
DRAW
*
*
*
*
visualise: True
DRAW
*
*
*
*
visualise: True
DRAW
*
*
*
*
visualise: True
DRAW
*
*
*
*
visualise: True
DRAW
*
*
*
*
visualise: True
DRAW
*
*
*
*
visualise: True
DRAW
*
*
*
*
visualise: True
DRAW
*
*
*
*
visualise: True
DRAW
*
*
*
*
visualise: True
DRAW
*
*
*
*
visualise: True
DRAW
*
*
*
*
visualise: True
DRAW
*
*
*
*
visualise: True
DRAW
*
*
*
*
visualise: True
DRAW
*
*
*
*
visualise: True
DRAW
*
*
*
*
visualise: True
DRAW
*
*
*
*
visualise: True
DRAW
*
*
*
*
visualise: True
DRAW
*
*
*
*
visualise: True
DRAW
*
*
*
*
visualise: True
DRAW
*
*
*
*
visualise: True
DRAW
*
*
*
*
visualise: True
DRAW
*
*
*
*
visualise: True
DRAW
*
*
*
*
visualise: True
DRAW
*
*
*
*
visualise: True
DRAW
*
*
*
*
visualise: True
DRAW
*
*
*
*
visualise: True
DRAW
*
*
*
*
visualise: True
DRAW
*
*
*
*
visualise: True
DRAW
*
*
*
*
visualise: True
DRAW
*
*
*
*
visualise: True
DRAW
*
*
*
*
visualise: True
DRAW
*
*
*
*
visualise: True
DRAW
*
*
*
*
visualise: True
DRAW
*
*
*
*
visualise: True
DRAW
*
*
*
*
visualise: True
DRAW
*
*
*
*
visualise: True
DRAW
*
*
*
*
visualise: True
DRAW
*
*
*
*
visualise: True
DRAW
*
*
*
*
visualise: True
DRAW
*
*
*
*
visualise: True
DRAW
*
*
*
*
visualise: True
DRAW
*
*
*
*
visualise: True
DRAW
*
*
*
*
visualise: True
DRAW
*
*
*
*
visualise: True
DRAW
*
*
*
*
visualise: True
DRAW
*
*
*
*
visualise: True
DRAW
*
*
*
*
visualise: True
DRAW
*
*
*
*
visualise: True
DRAW
*
*
*
*
visualise: True
DRAW
*
*
*
*
visualise: True
DRAW
*
*
*
*
visualise: True
DRAW
*
*
*
*
visualise: True
DRAW
*
*
*
*
visualise: True
DRAW
*
*
*
*
visualise: True
DRAW
*
*
*
*
visualise: True
DRAW
*
*
*
*
visualise: True
DRAW
*
*
*
*
visualise: True
DRAW
*
*
*
*
visualise: True
DRAW
*
*
*
*
visualise: True
DRAW
*
*
*
*
visualise: True
DRAW
*
*
*
*
visualise: True
DRAW
*
*
*
*
visualise: True
DRAW
*
*
*
*
visualise: True
DRAW
*
*
*
*
visualise: True
DRAW
*
*
*
*
visualise: True
DRAW
*
*
*
*
visualise: True
DRAW
*
*
*
*
visualise: True
DRAW
*
*
*
*
visualise: True
DRAW
*
*
*
*
visualise: True
DRAW
*
*
*
*
visualise: True
DRAW
*
*
*
*
visualise: True
DRAW
*
*
*
*
visualise: True
DRAW
*
*
*
*
visualise: True
DRAW
*
*
*
*
visualise: True
DRAW
*
*
*
*
visualise: True
DRAW
*
*
*
*
visualise: True
DRAW
*
*
*
*
visualise: True
DRAW
*
*
*
*
visualise: True
DRAW
*
*
*
*
visualise: True
DRAW
*
*
*
*
visualise: True
DRAW
*
*
*
*
visualise: True
DRAW
*
*
*
*
visualise: True
DRAW
*
*
*
*
visualise: True
DRAW
*
*
*
*
visualise: True
DRAW
*
*
*
*
visualise: True
DRAW
*
*
*
*
visualise: True
DRAW
*
*
*
*
visualise: True
DRAW
*
*
*
*
visualise: True
DRAW
*
*
*
*
visualise: True
DRAW
*
*
*
*
visualise: True
DRAW
*
*
*
*
visualise: True
DRAW
*
*
*
*
visualise: True
DRAW
*
*
*
*
visualise: True
DRAW
*
*
*
*
visualise: True
DRAW
*
*
*
*
visualise: True
DRAW
*
*
*
*
visualise: True
DRAW
*
*
*
*
visualise: True
DRAW
*
*
*
*
visualise: True
DRAW
*
*
*
*
visualise: True
DRAW
*
*
*
*
visualise: True
DRAW
*
*
*
*
visualise: True
DRAW
*
*
*
*
visualise: True
DRAW
*
*
*
*
visualise: True
DRAW
*
*
*
*
visualise: True
DRAW
*
*
*
*
visualise: True
DRAW
*
*
*
*
visualise: True
DRAW
*
*
*
*
visualise: True
DRAW
*
*
*
*
visualise: True
DRAW
*
*
*
*
visualise: True
DRAW
*
*
*
*
visualise: True
DRAW
*
*
*
*
visualise: True
DRAW
*
*
*
*
visualise: True
DRAW
*
*
*
*
visualise: True
DRAW
*
*
*
*
visualise: True
DRAW
*
*
*
*
visualise: True
DRAW
*
*
*
*
visualise: True
DRAW
*
*
*
*
visualise: True
DRAW
*
*
*
*
visualise: True
DRAW
*
*
*
*
visualise: True
DRAW
*
*
*
*
visualise: True
DRAW
*
*
*
*
visualise: True
DRAW
*
*
*
*
visualise: True
DRAW
*
*
*
*
visualise: True
DRAW
*
*
*
*
visualise: True
DRAW
*
*
*
*
visualise: True
DRAW
*
*
*
*
visualise: True
DRAW
*
*
*
*
visualise: True
DRAW
*
*
*
*
visualise: True
DRAW
*
*
*
*
visualise: True
DRAW
*
*
*
*
visualise: True
DRAW
*
*
*
*
visualise: True
DRAW
*
*
*
*
visualise: True
DRAW
*
*
*
*
visualise: True
DRAW
*
*
*
*
visualise: True
DRAW
*
*
*
*
visualise: True
DRAW
*
*
*
*
visualise: True
DRAW
*
*
*
*
visualise: True
DRAW
*
*
*
*
visualise: True
DRAW
*
*
*
*
visualise: True
DRAW
*
*
*
*
visualise: True
DRAW
*
*
*
*
visualise: True
DRAW
*
*
*
*
visualise: True
DRAW
*
*
*
*
visualise: True
DRAW
*
*
*
*
visualise: True
DRAW
*
*
*
*
visualise: True
DRAW
*
*
*
*
visualise: True
DRAW
*
*
*
*
visualise: True
DRAW
*
*
*
*
visualise: True
DRAW
*
*
*
*
visualise: True
DRAW
*
*
*
*
visualise: True
DRAW
*
*
*
*
visualise: True
DRAW
*
*
*
*
visualise: True
DRAW
*
*
*
*
visualise: True
DRAW
*
*
*
*
visualise: True
DRAW
*
*
*
*
visualise: True
DRAW
*
*
*
*
visualise: True
DRAW
*
*
*
*
visualise: True
DRAW
*
*
*
*
visualise: True
DRAW
*
*
*
*
visualise: True
DRAW
*
*
*
*
visualise: True
DRAW
*
*
*
*
visualise: True
DRAW
*
*
*
*
visualise: True
DRAW
*
*
*
*
visualise: True
DRAW
*
*
*
*
visualise: True
DRAW
*
*
*
*
visualise: True
DRAW
*
*
*
*
visualise: True
DRAW
*
*
*
*
visualise: True
DRAW
*
*
*
*
visualise: True
DRAW
*
*
*
*
visualise: True
DRAW
*
*
*
*
visualise: True
DRAW
*
*
*
*
visualise: True
DRAW
*
*
*
*
visualise: True
DRAW
*
*
*
*
visualise: True
DRAW
*
*
*
*
visualise: True
DRAW
*
*
*
*
visualise: True
DRAW
*
*
*
*
visualise: True
DRAW
*
*
*
*
visualise: True
DRAW
*
*
*
*
visualise: True
DRAW
*
*
*
*
visualise: True
DRAW
*
*
*
*
visualise: True
DRAW
*
*
*
*
visualise: True
DRAW
*
*
*
*
visualise: True
DRAW
*
*
*
*
visualise: True
DRAW
*
*
*
*
visualise: True
DRAW
*
*
*
*
visualise: True
DRAW
*
*
*
*
visualise: True
DRAW
*
*
*
*
visualise: True
DRAW
*
*
*
*
visualise: True
DRAW
*
*
*
*
visualise: True
DRAW
*
*
*
*
visualise: True
DRAW
*
*
*
*
visualise: True
DRAW
*
*
*
*
visualise: True
DRAW
*
*
*
*
visualise: True
DRAW
*
*
*
*
visualise: True
DRAW
*
*
*
*
visualise: True
DRAW
*
*
*
*
visualise: True
DRAW
*
*
*
*
visualise: True
DRAW
*
*
*
*
visualise: True
DRAW
*
*
*
*
visualise: True
DRAW
*
*
*
*
visualise: True
DRAW
*
*
*
*
visualise: True
DRAW
*
*
*
*
visualise: True
DRAW
*
*
*
*
visualise: True
DRAW
*
*
*
*
visualise: True
DRAW
*
*
*
*
visualise: True
DRAW
*
*
*
*
visualise: True
DRAW
*
*
*
*
visualise: True
DRAW
*
*
*
*
visualise: True
DRAW
*
*
*
*
visualise: True
DRAW
*
*
*
*
visualise: True
DRAW
*
*
*
*
visualise: True
DRAW
*
*
*
*
visualise: True
DRAW
*
*
*
*
visualise: True
DRAW
*
*
*
*
visualise: True
DRAW
*
*
*
*
visualise: True
DRAW
*
*
*
*
visualise: True
DRAW
*
*
*
*
visualise: True
DRAW
*
*
*
*
visualise: True
DRAW
*
*
*
*
visualise: True
DRAW
*
*
*
*
visualise: True
DRAW
*
*
*
*
visualise: True
DRAW
*
*
*
*
visualise: True
DRAW
*
*
*
*
visualise: True
DRAW
*
*
*
*
visualise: True
DRAW
*
*
*
*
visualise: True
DRAW
*
*
*
*
visualise: True
DRAW
*
*
*
*
visualise: True
DRAW
*
*
*
*
visualise: True
DRAW
*
*
*
*
visualise: True
DRAW
*
*
*
*
visualise: True
DRAW
*
*
*
*
visualise: True
DRAW
*
*
*
*
visualise: True
DRAW
*
*
*
*
visualise: True
DRAW
*
*
*
*
visualise: True
DRAW
*
*
*
*
visualise: True
DRAW
*
*
*
*
visualise: True
DRAW
*
*
*
*
visualise: True
DRAW
*
*
*
*
visualise: True
DRAW
*
*
*
*
visualise: True
DRAW
*
*
*
*
visualise: True
DRAW
*
*
*
*
visualise: True
DRAW
*
*
*
*
visualise: True
DRAW
*
*
*
*
visualise: True
DRAW
*
*
*
*
visualise: True
DRAW
*
*
*
*
visualise: True
DRAW
*
*
*
*
visualise: True
DRAW
*
*
*
*
visualise: True
DRAW
*
*
*
*
visualise: True
DRAW
*
*
*
*
visualise: True
DRAW
*
*
*
*
visualise: True
DRAW
*
*
*
*
visualise: True
DRAW
*
*
*
*
visualise: True
DRAW
*
*
*
*
visualise: True
DRAW
*
*
*
*
visualise: True
DRAW
*
*
*
*
visualise: True
DRAW
*
*
*
*
visualise: True
DRAW
*
*
*
*
visualise: True
DRAW
*
*
*
*
visualise: True
DRAW
*
*
*
*
visualise: True
DRAW
*
*
*
*
visualise: True
DRAW
*
*
*
*
visualise: True
DRAW
*
*
*
*
visualise: True
DRAW
*
*
*
*
visualise: True
DRAW
*
*
*
*
visualise: True
DRAW
*
*
*
*
visualise: True
DRAW
*
*
*
*
visualise: True
DRAW
*
*
*
*
visualise: True
DRAW
*
*
*
*
visualise: True
DRAW
*
*
*
*
visualise: True
DRAW
*
*
*
*
visualise: True
DRAW
*
*
*
*
visualise: True
DRAW
*
*
*
*
visualise: True
DRAW
*
*
*
*
visualise: True
DRAW
*
*
*
*
visualise: True
DRAW
*
*
*
*
visualise: True
DRAW
*
*
*
*
visualise: True
DRAW
*
*
*
*
visualise: True
DRAW
*
*
*
*
visualise: True
DRAW
*
*
*
*
visualise: True
DRAW
*
*
*
*
visualise: True
DRAW
*
*
*
*
visualise: True
DRAW
*
*
*
*
visualise: True
DRAW
*
*
*
*
visualise: True
DRAW
*
*
*
*
visualise: True
DRAW
*
*
*
*
visualise: True
DRAW
*
*
*
*
visualise: True
DRAW
*
*
*
*
visualise: True
DRAW
*
*
*
*
visualise: True
DRAW
*
*
*
*
visualise: True
DRAW
*
*
*
*
visualise: True
DRAW
*
*
*
*
visualise: True
DRAW
*
*
*
*
visualise: True
DRAW
*
*
*
*
visualise: True
DRAW
*
*
*
*
visualise: True
DRAW
*
*
*
*
visualise: True
DRAW
*
*
*
*
visualise: True
DRAW
*
*
*
*
visualise: True
DRAW
*
*
*
*
visualise: True
DRAW
*
*
*
*
visualise: True
DRAW
*
*
*
*
visualise: True
DRAW
*
*
*
*
visualise: True
DRAW
*
*
*
*
visualise: True
DRAW
*
*
*
*
visualise: True
DRAW
*
*
*
*
visualise: True
DRAW
*
*
*
*
visualise: True
DRAW
*
*
*
*
visualise: True
DRAW
*
*
*
*
visualise: True
DRAW
*
*
*
*
visualise: True
DRAW
*
*
*
*
visualise: True
DRAW
*
*
*
*
visualise: True
DRAW
*
*
*
*
visualise: True
DRAW
*
*
*
*
visualise: True
DRAW
*
*
*
*
visualise: True
DRAW
*
*
*
*
visualise: True
DRAW
*
*
*
*
visualise: True
DRAW
*
*
*
*
visualise: True
DRAW
*
*
*
*
visualise: True
DRAW
*
*
*
*
visualise: True
DRAW
*
*
*
*
visualise: True
DRAW
*
*
*
*
visualise: True
DRAW
*
*
*
*
visualise: True
DRAW
*
*
*
*
visualise: True
DRAW
*
*
*
*
visualise: True
DRAW
*
*
*
*
visualise: True
DRAW
*
*
*
*
visualise: True
DRAW
*
*
*
*
visualise: True
DRAW
*
*
*
*
visualise: True
DRAW
*
*
*
*
visualise: True
DRAW
*
*
*
*
visualise: True
DRAW
*
*
*
*
visualise: True
DRAW
*
*
*
*
visualise: True
DRAW
*
*
*
*
visualise: True
DRAW
*
*
*
*
visualise: True
DRAW
*
*
*
*
visualise: True
DRAW
*
*
*
*
visualise: True
DRAW
*
*
*
*
visualise: True
DRAW
*
*
*
*
visualise: True
DRAW
*
*
*
*
visualise: True
DRAW
*
*
*
*
visualise: True
DRAW
*
*
*
*
visualise: True
DRAW
*
*
*
*
visualise: True
DRAW
*
*
*
*
visualise: True
DRAW
*
*
*
*
visualise: True
DRAW
*
*
*
*
visualise: True
DRAW
*
*
*
*
visualise: True
DRAW
*
*
*
*
visualise: True
DRAW
*
*
*
*
visualise: True
DRAW
*
*
*
*
visualise: True
DRAW
*
*
*
*
visualise: True
DRAW
*
*
*
*
visualise: True
DRAW
*
*
*
*
visualise: True
DRAW
*
*
*
*
visualise: True
DRAW
*
*
*
*
visualise: True
DRAW
*
*
*
*
visualise: True
DRAW
*
*
*
*
visualise: True
DRAW
*
*
*
*
visualise: True
DRAW
*
*
*
*
visualise: True
DRAW
*
*
*
*
visualise: True
DRAW
*
*
*
*
visualise: True
DRAW
*
*
*
*
visualise: True
DRAW
*
*
*
*
visualise: True
DRAW
*
*
*
*
visualise: True
DRAW
*
*
*
*
visualise: True
DRAW
*
*
*
*
visualise: True
DRAW
*
*
*
*
visualise: True
DRAW
*
*
*
*
visualise: True
DRAW
*
*
*
*
visualise: True
DRAW
*
*
*
*
visualise: True
DRAW
*
*
*
*
visualise: True
DRAW
*
*
*
*
visualise: True
DRAW
*
*
*
*
visualise: True
DRAW
*
*
*
*
visualise: True
DRAW
*
*
*
*
visualise: True
DRAW
*
*
*
*
visualise: True
DRAW
*
*
*
*
visualise: True
DRAW
*
*
*
*
visualise: True
DRAW
*
*
*
*
visualise: True
DRAW
*
*
*
*
visualise: True
DRAW
*
*
*
*
visualise: True
DRAW
*
*
*
*
visualise: True
DRAW
*
*
*
*
visualise: True
DRAW
*
*
*
*
visualise: True
DRAW
*
*
*
*
visualise: True
DRAW
*
*
*
*
visualise: True
DRAW
*
*
*
*
visualise: True
DRAW
*
*
*
*
visualise: True
DRAW
*
*
*
*
visualise: True
DRAW
*
*
*
*
visualise: True
DRAW
*
*
*
*
visualise: True
DRAW
*
*
*
*
visualise: True
DRAW
*
*
*
*
visualise: True
DRAW
*
*
*
*
visualise: True
DRAW
*
*
*
*
visualise: True
DRAW
*
*
*
*
visualise: True
DRAW
*
*
*
*
visualise: True
DRAW
*
*
*
*
visualise: True
DRAW
*
*
*
*
visualise: True
DRAW
*
*
*
*
visualise: True
DRAW
*
*
*
*
visualise: True
DRAW
*
*
*
*
visualise: True
DRAW
*
*
*
*
visualise: True
DRAW
*
*
*
*
visualise: True
DRAW
*
*
*
*
visualise: True
DRAW
*
*
*
*
visualise: True
DRAW
*
*
*
*
visualise: True
DRAW
*
*
*
*
visualise: True
DRAW
*
*
*
*
visualise: True
DRAW
*
*
*
*
visualise: True
DRAW
*
*
*
*
visualise: True
DRAW
*
*
*
*
visualise: True
DRAW
*
*
*
*
visualise: True
DRAW
*
*
*
*
visualise: True
DRAW
*
*
*
*
visualise: True
DRAW
*
*
*
*
visualise: True
DRAW
*
*
*
*
visualise: True
DRAW
*
*
*
*
visualise: True
DRAW
*
*
*
*
visualise: True
DRAW
*
*
*
*
visualise: True
DRAW
*
*
*
*
visualise: True
DRAW
*
*
*
*
visualise: True
DRAW
*
*
*
*
visualise: True
DRAW
*
*
*
*
visualise: True
DRAW
*
*
*
*
visualise: True
DRAW
*
*
*
*
visualise: True
DRAW
*
*
*
*
visualise: True
DRAW
*
*
*
*
visualise: True
DRAW
*
*
*
*
visualise: True
DRAW
*
*
*
*
visualise: True
DRAW
*
*
*
*
visualise: True
DRAW
*
*
*
*
visualise: True
DRAW
*
*
*
*
visualise: True
DRAW
*
*
*
*
visualise: True
DRAW
*
*
*
*
visualise: True
DRAW
*
*
*
*
visualise: True
DRAW
*
*
*
*
visualise: True
DRAW
*
*
*
*
visualise: True
DRAW
*
*
*
*
visualise: True
DRAW
*
*
*
*
visualise: True
DRAW
*
*
*
*
visualise: True
DRAW
*
*
*
*
visualise: True
DRAW
*
*
*
*
visualise: True
DRAW
*
*
*
*
visualise: True
DRAW
*
*
*
*
visualise: True
DRAW
*
*
*
*
visualise: True
DRAW
*
*
*
*
visualise: True
DRAW
*
*
*
*
visualise: True
DRAW
*
*
*
*
visualise: True
DRAW
*
*
*
*
visualise: True
DRAW
*
*
*
*
visualise: True
DRAW
*
*
*
*
visualise: True
DRAW
*
*
*
*
visualise: True
DRAW
*
*
*
*
visualise: True
DRAW
*
*
*
*
visualise: True
DRAW
*
*
*
*
visualise: True
DRAW
*
*
*
*
visualise: True
DRAW
*
*
*
*
visualise: True
DRAW
*
*
*
*
visualise: True
DRAW
*
*
*
*
visualise: True
DRAW
*
*
*
*
visualise: True
DRAW
*
*
*
*
visualise: True
DRAW
*
*
*
*
visualise: True
DRAW
*
*
*
*
visualise: True
DRAW
*
*
*
*
visualise: True
DRAW
*
*
*
*
visualise: True
DRAW
*
*
*
*
visualise: True
DRAW
*
*
*
*
visualise: True
DRAW
*
*
*
*
visualise: True
DRAW
*
*
*
*
visualise: True
DRAW
*
*
*
*
visualise: True
DRAW
*
*
*
*
visualise: True
DRAW
*
*
*
*
visualise: True
DRAW
*
*
*
*
visualise: True
DRAW
*
*
*
*
visualise: True
DRAW
*
*
*
*
visualise: True
DRAW
*
*
*
*
visualise: True
DRAW
*
*
*
*
visualise: True
DRAW
*
*
*
*
visualise: True
DRAW
*
*
*
*
visualise: True
DRAW
*
*
*
*
visualise: True
DRAW
*
*
*
*
visualise: True
DRAW
*
*
*
*
visualise: True
DRAW
*
*
*
*
visualise: True
DRAW
*
*
*
*
visualise: True
DRAW
*
*
*
*
visualise: True
DRAW
*
*
*
*
visualise: True
DRAW
*
*
*
*
visualise: True
DRAW
*
*
*
*
visualise: True
DRAW
*
*
*
*
visualise: True
DRAW
*
*
*
*
visualise: True
DRAW
*
*
*
*
visualise: True
DRAW
*
*
*
*
visualise: True
DRAW
*
*
*
*
visualise: True
DRAW
*
*
*
*
visualise: True
DRAW
*
*
*
*
visualise: True
DRAW
*
*
*
*
visualise: True
DRAW
*
*
*
*
visualise: True
DRAW
*
*
*
*
visualise: True
DRAW
*
*
*
*
visualise: True
DRAW
*
*
*
*
visualise: True
DRAW
*
*
*
*
visualise: True
DRAW
*
*
*
*
visualise: True
DRAW
*
*
*
*
visualise: True
DRAW
*
*
*
*
visualise: True
DRAW
*
*
*
*
visualise: True
DRAW
*
*
*
*
visualise: True
DRAW
*
*
*
*
visualise: True
DRAW
*
*
*
*
visualise: True
DRAW
*
*
*
*
visualise: True
DRAW
*
*
*
*
visualise: True
DRAW
*
*
*
*
visualise: True
DRAW
*
*
*
*
visualise: True
DRAW
*
*
*
*
visualise: True
DRAW
*
*
*
*
visualise: True
DRAW
*
*
*
*
visualise: True
DRAW
*
*
*
*
visualise: True
DRAW
*
*
*
*
visualise: True
DRAW
*
*
*
*
visualise: True
DRAW
*
*
*
*
visualise: True
DRAW
*
*
*
*
visualise: True
DRAW
*
*
*
*
visualise: True
DRAW
*
*
*
*
visualise: True
DRAW
*
*
*
*
visualise: True
DRAW
*
*
*
*
visualise: True
DRAW
*
*
*
*
visualise: True
DRAW
*
*
*
*
visualise: True
DRAW
*
*
*
*
visualise: True
DRAW
*
*
*
*
visualise: True
DRAW
*
*
*
*
visualise: True
DRAW
*
*
*
*
visualise: True
DRAW
*
*
*
*
visualise: True
DRAW
*
*
*
*
visualise: True
DRAW
*
*
*
*
visualise: True
DRAW
*
*
*
*
visualise: True
DRAW
*
*
*
*
visualise: True
DRAW
*
*
*
*
visualise: True
DRAW
*
*
*
*
visualise: True
DRAW
*
*
*
*
visualise: True
DRAW
*
*
*
*
visualise: True
DRAW
*
*
*
*
visualise: True
DRAW
*
*
*
*
visualise: True
DRAW
*
*
*
*
visualise: True
DRAW
*
*
*
*
visualise: True
DRAW
*
*
*
*
visualise: True
DRAW
*
*
*
*
visualise: True
DRAW
*
*
*
*
visualise: True
DRAW
*
*
*
*
visualise: True
DRAW
*
*
*
*
visualise: True
DRAW
*
*
*
*
visualise: True
DRAW
*
*
*
*
visualise: True
DRAW
*
*
*
*
visualise: True
DRAW
*
*
*
*
visualise: True
DRAW
*
*
*
*
visualise: True
DRAW
*
*
*
*
visualise: True
DRAW
*
*
*
*
visualise: True
DRAW
*
*
*
*
visualise: True
DRAW
*
*
*
*
visualise: True
DRAW
*
*
*
*
visualise: True
DRAW
*
*
*
*
visualise: True
DRAW
*
*
*
*
visualise: True
DRAW
*
*
*
*
visualise: True
DRAW
*
*
*
*
visualise: True
DRAW
*
*
*
*
visualise: True
DRAW
*
*
*
*
visualise: True
DRAW
*
*
*
*
visualise: True
DRAW
*
*
*
*
visualise: True
DRAW
*
*
*
*
visualise: True
DRAW
*
*
*
*
visualise: True
DRAW
*
*
*
*
visualise: True
DRAW
*
*
*
*
visualise: True
DRAW
*
*
*
*
visualise: True
DRAW
*
*
*
*
visualise: True
DRAW
*
*
*
*
visualise: True
DRAW
*
*
*
*
visualise: True
DRAW
*
*
*
*
visualise: True
DRAW
*
*
*
*
visualise: True
DRAW
*
*
*
*
visualise: True
DRAW
*
*
*
*
visualise: True
DRAW
*
*
*
*
visualise: True
DRAW
*
*
*
*
visualise: True
DRAW
*
*
*
*
visualise: True
DRAW
*
*
*
*
visualise: True
DRAW
*
*
*
*
visualise: True
DRAW
*
*
*
*
visualise: True
DRAW
*
*
*
*
visualise: True
DRAW
*
*
*
*
visualise: True
DRAW
*
*
*
*
visualise: True
DRAW
*
*
*
*
visualise: True
DRAW
*
*
*
*
visualise: True
DRAW
*
*
*
*
visualise: True
DRAW
*
*
*
*
visualise: True
DRAW
*
*
*
*
visualise: True
DRAW
*
*
*
*
visualise: True
DRAW
*
*
*
*
visualise: True
DRAW
*
*
*
*
visualise: True
DRAW
*
*
*
*
visualise: True
DRAW
*
*
*
*
visualise: True
DRAW
*
*
*
*
visualise: True
DRAW
*
*
*
*
visualise: True
DRAW
*
*
*
*
visualise: True
DRAW
*
*
*
*
visualise: True
DRAW
*
*
*
*
visualise: True
DRAW
*
*
*
*
visualise: True
DRAW
*
*
*
*
visualise: True
DRAW
*
*
*
*
visualise: True
DRAW
*
*
*
*
visualise: True
DRAW
*
*
*
*
visualise: True
DRAW
*
*
*
*
visualise: True
DRAW
*
*
*
*
visualise: True
DRAW
*
*
*
*
visualise: True
DRAW
*
*
*
*
visualise: True
DRAW
*
*
*
*
visualise: True
DRAW
*
*
*
*
visualise: True
DRAW
*
*
*
*
visualise: True
DRAW
*
*
*
*
visualise: True
DRAW
*
*
*
*
visualise: True
DRAW
*
*
*
*
visualise: True
DRAW
*
*
*
*
visualise: True
DRAW
*
*
*
*
visualise: True
DRAW
*
*
*
*
visualise: True
DRAW
*
*
*
*
visualise: True
DRAW
*
*
*
*
visualise: True
DRAW
*
*
*
*
visualise: True
DRAW
*
*
*
*
visualise: True
DRAW
*
*
*
*
visualise: True
DRAW
*
*
*
*
visualise: True
DRAW
*
*
*
*
visualise: True
DRAW
*
*
*
*
visualise: True
DRAW
*
*
*
*
visualise: True
DRAW
*
*
*
*
visualise: True
DRAW
*
*
*
*
visualise: True
DRAW
*
*
*
*
visualise: True
DRAW
*
*
*
*
visualise: True
DRAW
*
*
*
*
visualise: True
DRAW
*
*
*
*
visualise: True
DRAW
*
*
*
*
visualise: True
DRAW
*
*
*
*
visualise: True
DRAW
*
*
*
*
visualise: True
DRAW
*
*
*
*
visualise: True
DRAW
*
*
*
*
visualise: True
DRAW
*
*
*
*
visualise: True
DRAW
*
*
*
*
visualise: True
DRAW
*
*
*
*
visualise: True
DRAW
*
*
*
*
visualise: True
DRAW
*
*
*
*
visualise: True
DRAW
*
*
*
*
visualise: True
DRAW
*
*
*
*
visualise: True
DRAW
*
*
*
*
visualise: True
DRAW
*
*
*
*
visualise: True
DRAW
*
*
*
*
visualise: True
DRAW
*
*
*
*
visualise: True
DRAW
*
*
*
*
visualise: True
DRAW
*
*
*
*
visualise: True
DRAW
*
*
*
*
visualise: True
DRAW
*
*
*
*
visualise: True
DRAW
*
*
*
*
visualise: True
DRAW
*
*
*
*
visualise: True
DRAW
*
*
*
*
visualise: True
DRAW
*
*
*
*
visualise: True
DRAW
*
*
*
*
visualise: True
DRAW
*
*
*
*
visualise: True
DRAW
*
*
*
*
visualise: True
DRAW
*
*
*
*
visualise: True
DRAW
*
*
*
*
visualise: True
DRAW
*
*
*
*
visualise: True
DRAW
*
*
*
*
visualise: True
DRAW
*
*
*
*
visualise: True
DRAW
*
*
*
*
visualise: True
DRAW
*
*
*
*
visualise: True
DRAW
*
*
*
*
visualise: True
DRAW
*
*
*
*
visualise: True
DRAW
*
*
*
*
visualise: True
DRAW
*
*
*
*
visualise: True
DRAW
*
*
*
*
visualise: True
DRAW
*
*
*
*
visualise: True
DRAW
*
*
*
*
visualise: True
DRAW
*
*
*
*
visualise: True
DRAW
*
*
*
*
visualise: True
DRAW
*
*
*
*
visualise: True
DRAW
*
*
*
*
visualise: True
DRAW
*
*
*
*
visualise: True
DRAW
*
*
*
*
visualise: True
DRAW
*
*
*
*
visualise: True
DRAW
*
*
*
*
visualise: True
DRAW
*
*
*
*
visualise: True
DRAW
*
*
*
*
visualise: True
DRAW
*
*
*
*
visualise: True
DRAW
*
*
*
*
visualise: True
DRAW
*
*
*
*
visualise: True
DRAW
*
*
*
*
visualise: True
DRAW
*
*
*
*
visualise: True
DRAW
*
*
*
*
visualise: True
DRAW
*
*
*
*
visualise: True
DRAW
*
*
*
*
visualise: True
DRAW
*
*
*
*
visualise: True
DRAW
*
*
*
*
visualise: True
DRAW
*
*
*
*
visualise: True
DRAW
*
*
*
*
visualise: True
DRAW
*
*
*
*
visualise: True
DRAW
*
*
*
*
visualise: True
DRAW
*
*
*
*
visualise: True
DRAW
*
*
*
*
visualise: True
DRAW
*
*
*
*
visualise: True
DRAW
*
*
*
*
visualise: True
DRAW
*
*
*
*
visualise: True
DRAW
*
*
*
*
visualise: True
DRAW
*
*
*
*
visualise: True
DRAW
*
*
*
*
visualise: True
DRAW
*
*
*
*
visualise: True
DRAW
*
*
*
*
visualise: True
DRAW
*
*
*
*
visualise: True
DRAW
*
*
*
*
visualise: True
DRAW
*
*
*
*
visualise: True
DRAW
*
*
*
*
visualise: True
DRAW
*
*
*
*
visualise: True
DRAW
*
*
*
*
visualise: True
DRAW
*
*
*
*
visualise: True
DRAW
*
*
*
*
visualise: True
DRAW
*
*
*
*
visualise: True
DRAW
*
*
*
*
visualise: True
DRAW
*
*
*
*
visualise: True
DRAW
*
*
*
*
visualise: True
DRAW
*
*
*
*
visualise: True
DRAW
*
*
*
*
visualise: True
DRAW
*
*
*
*
visualise: True
DRAW
*
*
*
*
visualise: True
DRAW
*
*
*
*
visualise: True
DRAW
*
*
*
*
visualise: True
DRAW
*
*
*
*
visualise: True
DRAW
*
*
*
*
visualise: True
DRAW
*
*
*
*
visualise: True
DRAW
*
*
*
*
visualise: True
DRAW
*
*
*
*
visualise: True
DRAW
*
*
*
*
visualise: True
DRAW
*
*
*
*
visualise: True
DRAW
*
*
*
*
visualise: True
DRAW
*
*
*
*
visualise: True
DRAW
*
*
*
*
visualise: True
DRAW
*
*
*
*
visualise: True
DRAW
*
*
*
*
visualise: True
DRAW
*
*
*
*
visualise: True
DRAW
*
*
*
*
visualise: True
DRAW
*
*
*
*
visualise: True
DRAW
*
*
*
*
visualise: True
DRAW
*
*
*
*
visualise: True
DRAW
*
*
*
*
visualise: True
DRAW
*
*
*
*
visualise: True
DRAW
*
*
*
*
visualise: True
DRAW
*
*
*
*
visualise: True
DRAW
*
*
*
*
visualise: True
DRAW
*
*
*
*
visualise: True
DRAW
*
*
*
*
visualise: True
DRAW
*
*
*
*
visualise: True
DRAW
*
*
*
*
visualise: True
DRAW
*
*
*
*
visualise: True
DRAW
*
*
*
*
visualise: True
DRAW
*
*
*
*
visualise: True
DRAW
*
*
*
*
visualise: True
DRAW
*
*
*
*
visualise: True
DRAW
*
*
*
*
visualise: True
DRAW
*
*
*
*
visualise: True
DRAW
*
*
*
*
visualise: True
DRAW
*
*
*
*
visualise: True
DRAW
*
*
*
*
visualise: True
DRAW
*
*
*
*
visualise: True
DRAW
*
*
*
*
visualise: True
DRAW
*
*
*
*
visualise: True
DRAW
*
*
*
*
visualise: True
DRAW
*
*
*
*
visualise: True
DRAW
*
*
*
*
visualise: True
DRAW
*
*
*
*
visualise: True
DRAW
*
*
*
*
visualise: True
DRAW
*
*
*
*
visualise: True
DRAW
*
*
*
*
visualise: True
DRAW
*
*
*
*
visualise: True
DRAW
*
*
*
*
visualise: True
DRAW
*
*
*
*
visualise: True
DRAW
*
*
*
*
visualise: True
DRAW
*
*
*
*
visualise: True
DRAW
*
*
*
*
visualise: True
DRAW
*
*
*
*
visualise: True
DRAW
*
*
*
*
visualise: True
DRAW
*
*
*
*
visualise: True
DRAW
*
*
*
*
visualise: True
DRAW
*
*
*
*
visualise: True
DRAW
*
*
*
*
visualise: True
DRAW
*
*
*
*
visualise: True
DRAW
*
*
*
*
visualise: True
DRAW
*
*
*
*
visualise: True
DRAW
*
*
*
*
visualise: True
DRAW
*
*
*
*
visualise: True
DRAW
*
*
*
*
visualise: True
DRAW
*
*
*
*
visualise: True
DRAW
*
*
*
*
visualise: True
DRAW
*
*
*
*
visualise: True
DRAW
*
*
*
*
visualise: True
DRAW
*
*
*
*
visualise: True
DRAW
*
*
*
*
visualise: True
DRAW
*
*
*
*
visualise: True
DRAW
*
*
*
*
visualise: True
DRAW
*
*
*
*
visualise: True
DRAW
*
*
*
*
visualise: True
DRAW
*
*
*
*
visualise: True
DRAW
*
*
*
*
visualise: True
DRAW
*
*
*
*
visualise: True
DRAW
*
*
*
*
visualise: True
DRAW
*
*
*
*
visualise: True
DRAW
*
*
*
*
visualise: True
DRAW
*
*
*
*
visualise: True
DRAW
*
*
*
*
visualise: True
DRAW
*
*
*
*
visualise: True
DRAW
*
*
*
*
visualise: True
DRAW
*
*
*
*
visualise: True
DRAW
*
*
*
*
visualise: True
DRAW
*
*
*
*
visualise: True
DRAW
*
*
*
*
visualise: True
DRAW
*
*
*
*
visualise: True
DRAW
*
*
*
*
visualise: True
DRAW
*
*
*
*
visualise: True
DRAW
*
*
*
*
visualise: True
DRAW
*
*
*
*
visualise: True
DRAW
*
*
*
*
visualise: True
DRAW
*
*
*
*
visualise: True
DRAW
*
*
*
*
visualise: True
DRAW
*
*
*
*
visualise: True
DRAW
*
*
*
*
visualise: True
DRAW
*
*
*
*
visualise: True
DRAW
*
*
*
*
visualise: True
DRAW
*
*
*
*
visualise: True
DRAW
*
*
*
*
visualise: True
DRAW
*
*
*
*
visualise: True
DRAW
*
*
*
*
visualise: True
DRAW
*
*
*
*
visualise: True
DRAW
*
*
*
*
visualise: True
DRAW
*
*
*
*
visualise: True
DRAW
*
*
*
*
visualise: True
DRAW
*
*
*
*
visualise: True
DRAW
*
*
*
*
visualise: True
DRAW
*
*
*
*
visualise: True
DRAW
*
*
*
*
visualise: True
DRAW
*
*
*
*
visualise: True
DRAW
*
*
*
*
visualise: True
DRAW
*
*
*
*
visualise: True
DRAW
*
*
*
*
visualise: True
DRAW
*
*
*
*
visualise: True
DRAW
*
*
*
*
visualise: True
DRAW
*
*
*
*
visualise: True
DRAW
*
*
*
*
visualise: True
DRAW
*
*
*
*
visualise: True
DRAW
*
*
*
*
visualise: True
DRAW
*
*
*
*
visualise: True
DRAW
*
*
*
*
visualise: True
DRAW
*
*
*
*
visualise: True
DRAW
*
*
*
*
visualise: True
DRAW
*
*
*
*
visualise: True
DRAW
*
*
*
*
visualise: True
DRAW
*
*
*
*
visualise: True
DRAW
*
*
*
*
visualise: True
DRAW
*
*
*
*
visualise: True
DRAW
*
*
*
*
visualise: True
DRAW
*
*
*
*
visualise: True
DRAW
*
*
*
*
visualise: True
DRAW
*
*
*
*
visualise: True
DRAW
*
*
*
*
visualise: True
DRAW
*
*
*
*
visualise: True
DRAW
*
*
*
*
visualise: True
DRAW
*
*
*
*
visualise: True
DRAW
*
*
*
*
visualise: True
DRAW
*
*
*
*
visualise: True
DRAW
*
*
*
*
visualise: True
DRAW
*
*
*
*
visualise: True
DRAW
*
*
*
*
visualise: True
DRAW
*
*
*
*
visualise: True
DRAW
*
*
*
*
visualise: True
DRAW
*
*
*
*
visualise: True
DRAW
*
*
*
*
visualise: True
DRAW
*
*
*
*
visualise: True
DRAW
*
*
*
*
visualise: True
DRAW
*
*
*
*
visualise: True
DRAW
*
*
*
*
visualise: True
DRAW
*
*
*
*
visualise: True
DRAW
*
*
*
*
visualise: True
DRAW
*
*
*
*
visualise: True
DRAW
*
*
*
*
visualise: True
DRAW
*
*
*
*
visualise: True
DRAW
*
*
*
*
visualise: True
DRAW
*
*
*
*
visualise: True
DRAW
*
*
*
*
visualise: True
DRAW
*
*
*
*
visualise: True
DRAW
*
*
*
*
visualise: True
DRAW
*
*
*
*
visualise: True
DRAW
*
*
*
*
visualise: True
DRAW
*
*
*
*
visualise: True
DRAW
*
*
*
*
visualise: True
DRAW
*
*
*
*
visualise: True
DRAW
*
*
*
*
visualise: True
DRAW
*
*
*
*
visualise: True
DRAW
*
*
*
*
visualise: True
DRAW
*
*
*
*
visualise: True
DRAW
*
*
*
*
visualise: True
DRAW
*
*
*
*
visualise: True
DRAW
*
*
*
*
visualise: True
DRAW
*
*
*
*
visualise: True
DRAW
*
*
*
*
visualise: True
DRAW
*
*
*
*
visualise: True
DRAW
*
*
*
*
visualise: True
DRAW
*
*
*
*
visualise: True
DRAW
*
*
*
*
visualise: True
DRAW
*
*
*
*
visualise: True
DRAW
*
*
*
*
visualise: True
DRAW
*
*
*
*
visualise: True
DRAW
*
*
*
*
visualise: True
DRAW
*
*
*
*
visualise: True
DRAW
*
*
*
*
visualise: True
DRAW
*
*
*
*
visualise: True
DRAW
*
*
*
*
visualise: True
DRAW
*
*
*
*
visualise: True
DRAW
*
*
*
*
visualise: True
DRAW
*
*
*
*
visualise: True
DRAW
*
*
*
*
visualise: True
DRAW
*
*
*
*
visualise: True
DRAW
*
*
*
*
visualise: True
DRAW
*
*
*
*
visualise: True
DRAW
*
*
*
*
visualise: True
DRAW
*
*
*
*
visualise: True
DRAW
*
*
*
*
visualise: True
DRAW
*
*
*
*
visualise: True
DRAW
*
*
*
*
visualise: True
DRAW
*
*
*
*
visualise: True
DRAW
*
*
*
*
visualise: True
DRAW
*
*
*
*
visualise: True
DRAW
*
*
*
*
visualise: True
DRAW
*
*
*
*
visualise: True
DRAW
*
*
*
*
visualise: True
DRAW
*
*
*
*
visualise: True
DRAW
*
*
*
*
visualise: True
DRAW
*
*
*
*
visualise: True
DRAW
*
*
*
*
visualise: True
DRAW
*
*
*
*
visualise: True
DRAW
*
*
*
*
visualise: True
DRAW
*
*
*
*
visualise: True
DRAW
*
*
*
*
visualise: True
DRAW
*
*
*
*
visualise: True
DRAW
*
*
*
*
visualise: True
DRAW
*
*
*
*
visualise: True
DRAW
*
*
*
*
visualise: True
DRAW
*
*
*
*
visualise: True
DRAW
ended
no results available
